---
source: crates/qwik-optimizer-oxc/tests/snapshot_tests.rs
expression: output
snapshot_kind: text
---
============================= test.js ==
import { qrl } from "@qwik.dev/core";
import { _jsxSorted } from "@qwik.dev/core";
import { component$ } from "@qwik.dev/core";
import { globalAction$ } from "@qwik.dev/router";
export const useSecretAction = qrl(() => import("./test.tsx_useSecretAction_6sPd4ghqEKM"), "useSecretAction_6sPd4ghqEKM");
export const SecretForm = qrl(() => import("./test.tsx_SecretForm_DPXk9DzglhU"), "SecretForm_DPXk9DzglhU");

============================= test.tsx_useSecretAction_6sPd4ghqEKM.js (ENTRY POINT) ==
export const useSecretAction_6sPd4ghqEKM = async (payload) => console.log(payload) || "hi";

/*
{
  "origin": "test.tsx",
  "name": "useSecretAction_6sPd4ghqEKM",
  "entry": null,
  "displayName": "test.tsx_useSecretAction",
  "hash": "6sPd4ghqEKM",
  "canonicalFilename": "test.tsx_useSecretAction_6sPd4ghqEKM",
  "path": "",
  "extension": "js",
  "parent": null,
  "ctxKind": "function",
  "ctxName": "globalAction$",
  "captures": false,
  "loc": [
    134,
    203
  ],
  "paramNames": [
    "payload"
  ]
}
*/
============================= test.tsx_SecretForm_DPXk9DzglhU.js (ENTRY POINT) ==
import { useSecretAction } from "./test";
export const SecretForm_DPXk9DzglhU = () => {
			const action = useSecretAction();
			return <div>{action.value}</div>
		};
/*
{
  "origin": "test.tsx",
  "name": "SecretForm_DPXk9DzglhU",
  "entry": null,
  "displayName": "test.tsx_SecretForm",
  "hash": "DPXk9DzglhU",
  "canonicalFilename": "test.tsx_SecretForm_DPXk9DzglhU",
  "path": "",
  "extension": "js",
  "parent": null,
  "ctxKind": "function",
  "ctxName": "component$",
  "captures": false,
  "loc": [
    234,
    330
  ]
}
*/
== DIAGNOSTICS ==
[]
