---
source: crates/qwik-optimizer-oxc/tests/snapshot_tests.rs
expression: output
snapshot_kind: text
---
============================= test.jsx ==
import { componentQrl } from "@qwik.dev/core";
import { qrl } from "@qwik.dev/core";
//
const q_Foo_component_HTDRsvUbLiE = /*#__PURE__*/ qrl(()=>import("./test.tsx_Foo_component_HTDRsvUbLiE"), "Foo_component_HTDRsvUbLiE");
const q_Bar_component_L80pS8Hxf1Y = /*#__PURE__*/ qrl(()=>import("./test.tsx_Bar_component_L80pS8Hxf1Y"), "Bar_component_L80pS8Hxf1Y");
//
export const Foo = /*#__PURE__*/ componentQrl(q_Foo_component_HTDRsvUbLiE);
export const Bar = /*#__PURE__*/ componentQrl(q_Bar_component_L80pS8Hxf1Y);

============================= test.tsx_Bar_component_1_0xSyNSnVu3k.jsx (ENTRY POINT) ==
import { _captures } from "@qwik.dev/core";
export const Bar_component_1_0xSyNSnVu3k = () => {
		return (
			<div>
				{bar}
			</div>
		)
	};
/*
{
  "origin": "test.tsx",
  "name": "Bar_component_1_0xSyNSnVu3k",
  "entry": null,
  "displayName": "test.tsx_Bar_component_1",
  "hash": "0xSyNSnVu3k",
  "canonicalFilename": "test.tsx_Bar_component_1_0xSyNSnVu3k",
  "path": "",
  "extension": "jsx",
  "parent": "Bar_component_L80pS8Hxf1Y",
  "ctxKind": "function",
  "ctxName": "$",
  "captures": true,
  "captureNames": [
    "bar"
  ],
  "loc": [
    274,
    331
  ]
}
*/
============================= test.tsx_Foo_component_1_DvU6FitWglY.jsx (ENTRY POINT) ==
import { _captures } from "@qwik.dev/core";
export const Foo_component_1_DvU6FitWglY = () => {
		const fn = ({aaa}) => aaa;
		return (
			<div>
				{foo}{fn()}{arg0}
			</div>
		)
	};
/*
{
  "origin": "test.tsx",
  "name": "Foo_component_1_DvU6FitWglY",
  "entry": null,
  "displayName": "test.tsx_Foo_component_1",
  "hash": "DvU6FitWglY",
  "canonicalFilename": "test.tsx_Foo_component_1_DvU6FitWglY",
  "path": "",
  "extension": "jsx",
  "parent": "Foo_component_HTDRsvUbLiE",
  "ctxKind": "function",
  "ctxName": "$",
  "captures": true,
  "captureNames": [
    "_rawProps",
    "arg0",
    "foo"
  ],
  "loc": [
    119,
    217
  ]
}
*/
============================= test.tsx_Foo_component_HTDRsvUbLiE.jsx (ENTRY POINT) ==
import { $ } from "@qwik.dev/core";
export const Foo_component_HTDRsvUbLiE = ({foo}) => {
	const arg0 = 20;
	return $(() => {
		const fn = ({aaa}) => aaa;
		return (
			<div>
				{foo}{fn()}{arg0}
			</div>
		)
	});
};
/*
{
  "origin": "test.tsx",
  "name": "Foo_component_HTDRsvUbLiE",
  "entry": null,
  "displayName": "test.tsx_Foo_component",
  "hash": "HTDRsvUbLiE",
  "canonicalFilename": "test.tsx_Foo_component_HTDRsvUbLiE",
  "path": "",
  "extension": "jsx",
  "parent": null,
  "ctxKind": "function",
  "ctxName": "component$",
  "captures": false,
  "loc": [
    69,
    221
  ],
  "paramNames": [
    "_rawProps"
  ]
}
*/
============================= test.tsx_Bar_component_L80pS8Hxf1Y.jsx (ENTRY POINT) ==
import { $ } from "@qwik.dev/core";
export const Bar_component_L80pS8Hxf1Y = ({bar}) => {
	return $(() => {
		return (
			<div>
				{bar}
			</div>
		)
	});
};
/*
{
  "origin": "test.tsx",
  "name": "Bar_component_L80pS8Hxf1Y",
  "entry": null,
  "displayName": "test.tsx_Bar_component",
  "hash": "L80pS8Hxf1Y",
  "canonicalFilename": "test.tsx_Bar_component_L80pS8Hxf1Y",
  "path": "",
  "extension": "jsx",
  "parent": null,
  "ctxKind": "function",
  "ctxName": "component$",
  "captures": false,
  "loc": [
    242,
    335
  ],
  "paramNames": [
    "_rawProps"
  ]
}
*/
== DIAGNOSTICS ==
[]
