---
source: crates/qwik-optimizer-oxc/tests/snapshot_tests.rs
expression: output
snapshot_kind: text
---
============================= test.tsx ==
import { componentQrl } from "@qwik.dev/core";
import { qrl } from "@qwik.dev/core";
//
const q_Header_WjUaUQN7Oxg = /*#__PURE__*/ qrl(()=>import("./test.tsx_Header_WjUaUQN7Oxg"), "Header_WjUaUQN7Oxg");
//
export const Header = /*#__PURE__*/ componentQrl(q_Header_WjUaUQN7Oxg);

============================= test.tsx_Header_component_div_div_onClick_MQvnAt86M4Y.tsx (ENTRY POINT) ==
export const Header_component_div_div_onClick_MQvnAt86M4Y = (ctx) => console.log("2");

/*
{
  "origin": "test.tsx",
  "name": "Header_component_div_div_onClick_MQvnAt86M4Y",
  "entry": null,
  "displayName": "test.tsx_Header_component_div_div_onClick",
  "hash": "MQvnAt86M4Y",
  "canonicalFilename": "test.tsx_Header_component_div_div_onClick_MQvnAt86M4Y",
  "path": "",
  "extension": "tsx",
  "parent": "Header_WjUaUQN7Oxg",
  "ctxKind": "function",
  "ctxName": "$",
  "captures": false,
  "loc": [
    168,
    196
  ],
  "paramNames": [
    "ctx"
  ]
}
*/
============================= test.tsx_Header_WjUaUQN7Oxg.tsx (ENTRY POINT) ==
import { $ } from "@qwik.dev/core";
export const Header_WjUaUQN7Oxg = () => {
	return (
		<>
			<div onClick={(ctx) => console.log("1")}/>
			<div onClick={$((ctx) => console.log("2"))}/>
		</>
	);
};
/*
{
  "origin": "test.tsx",
  "name": "Header_WjUaUQN7Oxg",
  "entry": null,
  "displayName": "test.tsx_Header",
  "hash": "WjUaUQN7Oxg",
  "canonicalFilename": "test.tsx_Header_WjUaUQN7Oxg",
  "path": "",
  "extension": "tsx",
  "parent": null,
  "ctxKind": "function",
  "ctxName": "component$",
  "captures": false,
  "loc": [
    71,
    212
  ]
}
*/
== DIAGNOSTICS ==
[]
