---
source: crates/qwik-optimizer-oxc/tests/snapshot_tests.rs
expression: output
snapshot_kind: text
---
============================= test.jsx ==
import { componentQrl } from "@qwik.dev/core";
import { inlinedQrl } from "@qwik.dev/core";
export const App = /*#__PURE__*/ componentQrl((props: Stuff) => {
    return /*#__PURE__*/ _jsxSorted(Cmp, null, null, /*#__PURE__*/ _jsxSorted("p", { "q-e:click": inlinedQrl(() => console.log("warn"), "App_component_Cmp_p_q_e_click_Yl4ybrJWrt4") }, { class: "stuff" }, "Hello Qwik", 1, null), 1, "0");
}, "App_component_ckEPmXZlub0");

== DIAGNOSTICS ==
[]
