---
source: crates/qwik-optimizer-oxc/tests/snapshot_tests.rs
expression: output
snapshot_kind: text
---
============================= test.js ==
import { componentQrl } from "@qwik.dev/core";
import { onClickQrl } from "@qwik.dev/core";
import { qrl } from "@qwik.dev/core";
//
const q_test_component_LUXeXe0DQrg = /*#__PURE__*/ qrl(()=>import("./test.tsx_test_component_LUXeXe0DQrg"), "test_component_LUXeXe0DQrg");
//
export default /*#__PURE__*/ componentQrl(q_test_component_LUXeXe0DQrg);

============================= test.tsx_test_component_LUXeXe0DQrg.js (ENTRY POINT) ==
export const test_component_LUXeXe0DQrg = (props: any) => {
			return <button {...props} onClick$={() => props.onClick$()}></button>;
		};
/*
{
  "origin": "test.tsx",
  "name": "test_component_LUXeXe0DQrg",
  "entry": null,
  "displayName": "test.tsx_test_component",
  "hash": "LUXeXe0DQrg",
  "canonicalFilename": "test.tsx_test_component_LUXeXe0DQrg",
  "path": "",
  "extension": "js",
  "parent": null,
  "ctxKind": "function",
  "ctxName": "component$",
  "captures": false,
  "loc": [
    66,
    173
  ],
  "paramNames": [
    "props"
  ]
}
*/
============================= test.tsx_test_component_button_q_e_click_qwSL5gM03T4.js (ENTRY POINT) ==
import { _captures } from "@qwik.dev/core";
export const test_component_button_q_e_click_qwSL5gM03T4 = () => {
	const props = _captures[0];
	return props.onClick$();
};

/*
{
  "origin": "test.tsx",
  "name": "test_component_button_q_e_click_qwSL5gM03T4",
  "entry": null,
  "displayName": "test.tsx_test_component_button_q_e_click",
  "hash": "qwSL5gM03T4",
  "canonicalFilename": "test.tsx_test_component_button_q_e_click_qwSL5gM03T4",
  "path": "",
  "extension": "js",
  "parent": "test_component_LUXeXe0DQrg",
  "ctxKind": "eventHandler",
  "ctxName": "onClick$",
  "captures": true,
  "captureNames": [
    "props"
  ],
  "loc": [
    134,
    156
  ]
}
*/
== DIAGNOSTICS ==
[]
