---
source: crates/qwik-optimizer-oxc/tests/snapshot_tests.rs
expression: output
snapshot_kind: text
---
============================= test.js ==
import { qrl } from "@qwik.dev/core";
import { _jsxSorted } from "@qwik.dev/core";
import { _jsxSplit } from "@qwik.dev/core";
import { component$ } from "@qwik.dev/core";
function Hola(props: any) {
	return _jsxSplit("div", { ...props }, null, null, 1, "0");
}
export default qrl(() => import("./test.tsx_test_component_LUXeXe0DQrg"), "test_component_LUXeXe0DQrg");

============================= test.tsx_test_component_LUXeXe0DQrg.js (ENTRY POINT) ==
export const test_component_LUXeXe0DQrg = () => {
		return <Hola>
			<div>1</div>
			<div>2</div>
		</Hola>;
		};
/*
{
  "origin": "test.tsx",
  "name": "test_component_LUXeXe0DQrg",
  "entry": null,
  "displayName": "test.tsx_test_component",
  "hash": "LUXeXe0DQrg",
  "canonicalFilename": "test.tsx_test_component_LUXeXe0DQrg",
  "path": "",
  "extension": "js",
  "parent": null,
  "ctxKind": "function",
  "ctxName": "component$",
  "captures": false,
  "loc": [
    135,
    217
  ]
}
*/
== DIAGNOSTICS ==
[
  {
    "scope": "optimizer",
    "category": "error",
    "code": "C02",
    "file": "test.tsx",
    "message": "Reference to identifier 'Hola' can not be used inside a Qrl($) scope because it's a function"
  }
]
