---
source: crates/qwik-optimizer-oxc/tests/snapshot_tests.rs
assertion_line: 995
expression: output
---
============================= test.js ==
import { Foo } from "./foo";
import { componentQrl } from "@qwik.dev/core";
import { qrl } from "@qwik.dev/core";
//
const q_test_component_LUXeXe0DQrg = /*#__PURE__*/ qrl(()=>import("./test.tsx_test_component_LUXeXe0DQrg"), "test_component_LUXeXe0DQrg");
//
export default componentQrl(q_test_component_LUXeXe0DQrg);
============================= test.tsx_test_component_LUXeXe0DQrg.js (ENTRY POINT) ==
import { Foo } from "./foo";
export const test_component_LUXeXe0DQrg = (props) => {
			return (
				<Foo s={Math.random()} {...props} hello {...globalThis.nothing} />
			);
		};
/*
{
  "origin": "test.tsx",
  "name": "test_component_LUXeXe0DQrg",
  "entry": null,
  "displayName": "test.tsx_test_component",
  "hash": "LUXeXe0DQrg",
  "canonicalFilename": "test.tsx_test_component_LUXeXe0DQrg",
  "path": "",
  "extension": "js",
  "parent": null,
  "ctxKind": "function",
  "ctxName": "component$",
  "captures": false,
  "loc": [
    97,
    214
  ],
  "paramNames": [
    "props"
  ]
}
*/
== DIAGNOSTICS ==
[]
