---
source: crates/qwik-optimizer-oxc/tests/snapshot_tests.rs
expression: output
snapshot_kind: text
---
============================= components\apps\apps.ts ==
import { componentQrl } from "@qwik.dev/core";
import { qrl } from "@qwik.dev/core";
//
const q_Greeter_component_Q7eEoxaolmI = /*#__PURE__*/ qrl(()=>import("./componentsappsapps.tsx_Greeter_component_Q7eEoxaolmI"), "Greeter_component_Q7eEoxaolmI");
//
export const Greeter = /*#__PURE__*/ componentQrl(q_Greeter_component_Q7eEoxaolmI);

============================= components\apps\apps.tsx_Greeter_component_Q7eEoxaolmI.ts (ENTRY POINT) ==
export const Greeter_component_Q7eEoxaolmI = () => <div/>;
/*
{
  "origin": "components\\apps\\apps.tsx",
  "name": "Greeter_component_Q7eEoxaolmI",
  "entry": null,
  "displayName": "components\\apps\\apps.tsx_Greeter_component",
  "hash": "Q7eEoxaolmI",
  "canonicalFilename": "components\\apps\\apps.tsx_Greeter_component_Q7eEoxaolmI",
  "path": "",
  "extension": "ts",
  "parent": null,
  "ctxKind": "function",
  "ctxName": "component$",
  "captures": false,
  "loc": [
    80,
    92
  ]
}
*/
== DIAGNOSTICS ==
[]
