---
source: crates/qwik-optimizer-oxc/tests/snapshot_tests.rs
expression: output
snapshot_kind: text
---
============================= test.js ==
import { componentQrl } from "@qwik.dev/core";
import { qrl } from "@qwik.dev/core";
//
const q_Parent_component_0TaiDayHrlo = /*#__PURE__*/ qrl(()=>import("./test.tsx_Parent_component_0TaiDayHrlo"), "Parent_component_0TaiDayHrlo");
//
/*#__PURE__*/ componentQrl(q_Parent_component_0TaiDayHrlo);

============================= test.tsx_Parent_component_0TaiDayHrlo.js (ENTRY POINT) ==
import { useSignal } from "@qwik.dev/core";
import { useStore } from "@qwik.dev/core";
export const Parent_component_0TaiDayHrlo = () => {
      const cart = useStore<Cart>([]);
      const results = useSignal(['foo', 'bar']);

      return (
        <div>
          <button id="first" onClick$={() => (results.value = ['item1', 'item2'])}></button>

          {results.value.map((item, key) => (
            <button
              id={'second-' + key}
              onClick$={() => {
                cart.push(item);
              }}
            >
              {item}
            </button>
          ))}
          <ul>
            {cart.map((item) => (
              <li>
                <span>{item}</span>
              </li>
            ))}
          </ul>
        </div>
      );
    };
/*
{
  "origin": "test.tsx",
  "name": "Parent_component_0TaiDayHrlo",
  "entry": null,
  "displayName": "test.tsx_Parent_component",
  "hash": "0TaiDayHrlo",
  "canonicalFilename": "test.tsx_Parent_component_0TaiDayHrlo",
  "path": "",
  "extension": "js",
  "parent": null,
  "ctxKind": "function",
  "ctxName": "component$",
  "captures": false,
  "loc": [
    102,
    761
  ]
}
*/
============================= test.tsx_Parent_component_div_button_q_e_click_5khsVRINUws.js (ENTRY POINT) ==
import { _captures } from "@qwik.dev/core";
export const Parent_component_div_button_q_e_click_5khsVRINUws = () => {
    const cart = _captures[0];
    const item = _captures[1];
    cart.push(item);
};

/*
{
  "origin": "test.tsx",
  "name": "Parent_component_div_button_q_e_click_5khsVRINUws",
  "entry": null,
  "displayName": "test.tsx_Parent_component_div_button_q_e_click",
  "hash": "5khsVRINUws",
  "canonicalFilename": "test.tsx_Parent_component_div_button_q_e_click_5khsVRINUws",
  "path": "",
  "extension": "js",
  "parent": "Parent_component_0TaiDayHrlo",
  "ctxKind": "eventHandler",
  "ctxName": "onClick$",
  "captures": true,
  "captureNames": [
    "cart",
    "item"
  ],
  "loc": [
    447,
    503
  ]
}
*/
============================= test.tsx_Parent_component_div_button_q_e_click_1_rAeuW6OvuXM.js (ENTRY POINT) ==
import { _captures } from "@qwik.dev/core";
export const Parent_component_div_button_q_e_click_1_rAeuW6OvuXM = () => {
    const results = _captures[0];
    return results.value = ["item1", "item2"];
};

/*
{
  "origin": "test.tsx",
  "name": "Parent_component_div_button_q_e_click_1_rAeuW6OvuXM",
  "entry": null,
  "displayName": "test.tsx_Parent_component_div_button_q_e_click_1",
  "hash": "rAeuW6OvuXM",
  "canonicalFilename": "test.tsx_Parent_component_div_button_q_e_click_1_rAeuW6OvuXM",
  "path": "",
  "extension": "js",
  "parent": "Parent_component_0TaiDayHrlo",
  "ctxKind": "eventHandler",
  "ctxName": "onClick$",
  "captures": true,
  "captureNames": [
    "results"
  ],
  "loc": [
    267,
    309
  ]
}
*/
== DIAGNOSTICS ==
[]
