---
source: crates/qwik-optimizer-oxc/tests/snapshot_tests.rs
expression: output
snapshot_kind: text
---
============================= test.tsx ==
import { _noopQrl } from "@qwik.dev/core";
import { _jsxSorted } from "@qwik.dev/core";
import { component$, useBrowserVisibleTask$, useStore, useStyles$ } from "@qwik.dev/core";
import { thing } from "./sibling";
import mongodb from "mongodb";
const q__u6BtPnK76q4 = /* @__PURE__ */ _noopQrl("_u6BtPnK76q4");
q__u6BtPnK76q4.s(() => {
	useStyles$("somestring");
	const state = useStore({ count: 0 });
	useBrowserVisibleTaskQrl(() => {
		state.count = thing.doStuff() + import("./sibling");
	});
	return _jsxSorted("div", { onClick$: () => console.log(mongodb) }, null, null, 1, null);
});
export const Child = componentQrl(q__u6BtPnK76q4);
== DIAGNOSTICS ==
[]
