---
source: crates/qwik-optimizer-oxc/tests/snapshot_tests.rs
expression: output
snapshot_kind: text
---
============================= test.js ==
import { qrl } from "@qwik.dev/core";
import { $, isServer } from "@qwik.dev/core";
const state = {
	counter: 0,
	id: Math.random().toString(36).slice(2, 8)
};
console.log("Module init, id:", state.id);
export function doSomething() {
	if (!isServer) {
		state.counter++;
	}
}
export function useHook() {
	const fn = qrl(() => import("./test.tsx_fn_aadn0Yprf04"), "fn_aadn0Yprf04");
	return fn;
}

============================= test.tsx_fn_aadn0Yprf04.js (ENTRY POINT) ==
export const fn_aadn0Yprf04 = () => {
	state.counter++;
	console.log(state.id);
};

/*
{
  "origin": "test.tsx",
  "name": "fn_aadn0Yprf04",
  "entry": null,
  "displayName": "test.tsx_fn",
  "hash": "aadn0Yprf04",
  "canonicalFilename": "test.tsx_fn_aadn0Yprf04",
  "path": "",
  "extension": "js",
  "parent": null,
  "ctxKind": "function",
  "ctxName": "$",
  "captures": false,
  "loc": [
    292,
    354
  ]
}
*/
== DIAGNOSTICS ==
[]
