---
source: crates/qwik-optimizer-oxc/tests/snapshot_tests.rs
expression: output
snapshot_kind: text
---
============================= test.js ==
import { componentQrl } from "@qwik.dev/core";
import { qrl } from "@qwik.dev/core";
//
const q__u6BtPnK76q4 = /*#__PURE__*/ qrl(()=>import("./test.tsx__u6BtPnK76q4"), "_u6BtPnK76q4");
//
export default /*#__PURE__*/ componentQrl(q__u6BtPnK76q4);

============================= test.tsx__u6BtPnK76q4.js (ENTRY POINT) ==
import { sync$ } from "@qwik.dev/core";
export const _u6BtPnK76q4 = () => {
		return (
			<>
				<input onClick$={sync$(function(event, target) {
					// comment should be removed
					event.preventDefault();
				})}/>
				<input onClick$={sync$((event, target) => {
					event.preventDefault();
				})}/>
				<input onClick$={sync$((event, target) => event.preventDefault())}/>
			</>
		);
		};
/*
{
  "origin": "test.tsx",
  "name": "_u6BtPnK76q4",
  "entry": null,
  "displayName": "test.tsx_",
  "hash": "u6BtPnK76q4",
  "canonicalFilename": "test.tsx__u6BtPnK76q4",
  "path": "",
  "extension": "js",
  "parent": null,
  "ctxKind": "function",
  "ctxName": "component$",
  "captures": false,
  "loc": [
    73,
    411
  ]
}
*/
== DIAGNOSTICS ==
[]
