---
source: crates/qwik-optimizer-oxc/tests/snapshot_tests.rs
assertion_line: 1022
expression: output
---
============================= test.tsx ==
import { jsx } from "@qwik.dev/core";
// don't transpile jsx with non-plain-object props
export const App = () => {
	const props = {};
	return jsx("div", props, "Hello Qwik");
};
== DIAGNOSTICS ==
[]
