---
source: crates/qwik-optimizer-oxc/tests/snapshot_tests.rs
expression: output
snapshot_kind: text
---
============================= components/main.js ==
import { componentQrl } from "@qwik.dev/core";
import { qrl } from "@qwik.dev/core";
//
const q_Local_component_jJ0v28bs0p8 = /*#__PURE__*/ qrl(()=>import("./main.tsx_Local_component_jJ0v28bs0p8.js"), "Local_component_jJ0v28bs0p8");
//
export const Local = /*#__PURE__*/ componentQrl(q_Local_component_jJ0v28bs0p8);

============================= components/main.tsx_Local_component_jJ0v28bs0p8.js (ENTRY POINT) ==
import { state } from "./sibling";
export const Local_component_jJ0v28bs0p8 = () => {
	return (
		<div>{state}</div>
	)
};
/*
{
  "origin": "components/main.tsx",
  "name": "Local_component_jJ0v28bs0p8",
  "entry": null,
  "displayName": "main.tsx_Local_component",
  "hash": "jJ0v28bs0p8",
  "canonicalFilename": "main.tsx_Local_component_jJ0v28bs0p8",
  "path": "components",
  "extension": "js",
  "parent": null,
  "ctxKind": "function",
  "ctxName": "component$",
  "captures": false,
  "loc": [
    117,
    160
  ]
}
*/
== DIAGNOSTICS ==
[]
