---
source: crates/qwik-optimizer-oxc/tests/snapshot_tests.rs
expression: output
snapshot_kind: text
---
============================= test.js ==
import { qrl } from "@qwik.dev/core";
import { _jsxSorted } from "@qwik.dev/core";
import { component$, useStore, useSignal } from "@qwik.dev/core";
const Parent = qrl(() => import("./test.tsx_Parent_UhsrANEJoQg"), "Parent_UhsrANEJoQg");

============================= test.tsx_Parent_UhsrANEJoQg.js (ENTRY POINT) ==
import { useSignal } from "@qwik.dev/core";
import { useStore } from "@qwik.dev/core";
export const Parent_UhsrANEJoQg = () => {
      const cart = useStore<Cart>([]);
      const results = useSignal(['foo', 'bar']);

      return (
        <div>
          <button id="first" onClick$={() => (results.value = ['item1', 'item2'])}></button>

          {results.value.map((item, key) => (
            <button
              id={'second-' + key}
              onClick$={() => {
                cart.push(item);
              }}
            >
              {item}
            </button>
          ))}
          <ul>
            {cart.map((item) => (
              <li>
                <span>{item}</span>
              </li>
            ))}
          </ul>
        </div>
      );
    };
/*
{
  "origin": "test.tsx",
  "name": "Parent_UhsrANEJoQg",
  "entry": null,
  "displayName": "test.tsx_Parent",
  "hash": "UhsrANEJoQg",
  "canonicalFilename": "test.tsx_Parent_UhsrANEJoQg",
  "path": "",
  "extension": "js",
  "parent": null,
  "ctxKind": "function",
  "ctxName": "component$",
  "captures": false,
  "loc": [
    91,
    762
  ]
}
*/
== DIAGNOSTICS ==
[]
