---
source: crates/qwik-optimizer-oxc/tests/snapshot_tests.rs
assertion_line: 958
expression: output
---
============================= test.js ==
import { componentQrl } from "@qwik.dev/core";
import { qrl } from "@qwik.dev/core";
//
const q_Cmp_component_4ryKJTOKjWE = /*#__PURE__*/ qrl(()=>import("./test.tsx_Cmp_component_4ryKJTOKjWE"), "Cmp_component_4ryKJTOKjWE");
//
const Cmp = /*#__PURE__*/ componentQrl(q_Cmp_component_4ryKJTOKjWE);

============================= test.tsx_Cmp_component_4ryKJTOKjWE.js (ENTRY POINT) ==
export const Cmp_component_4ryKJTOKjWE = () => {
			const htmlSignal = useSignal("<h2><span>I'm a signal value!</span></h2>");
			return (
				<div>
					<div>
						<span id="first" dangerouslySetInnerHTML="vanilla HTML here" />
					</div>
					<div>
						<span id="second" dangerouslySetInnerHTML="<h1>I'm an h1!</h1>" class="after" />
					</div>
					<div>
						<span id="third" dangerouslySetInnerHTML={htmlSignal.value} class="after" />
						<button
							onClick$={() =>
								(htmlSignal.value = "<h2><span>I'm a updated signal value!</span></h2>")
							}
						></button>
					</div>
				</div>
			);
		};
/*
{
  "origin": "test.tsx",
  "name": "Cmp_component_4ryKJTOKjWE",
  "entry": null,
  "displayName": "test.tsx_Cmp_component",
  "hash": "4ryKJTOKjWE",
  "canonicalFilename": "test.tsx_Cmp_component_4ryKJTOKjWE",
  "path": "",
  "extension": "js",
  "parent": null,
  "ctxKind": "function",
  "ctxName": "component$",
  "captures": false,
  "loc": [
    62,
    655
  ]
}
*/
== DIAGNOSTICS ==
[]
