---
source: crates/qwik-optimizer-oxc/tests/snapshot_tests.rs
expression: output
snapshot_kind: text
---
============================= test.tsx ==
import { qrl } from "@qwik.dev/core";
import { _jsxSorted } from "@qwik.dev/core";
import { component$, $ } from "@qwik.dev/core";
import { CustomComponent } from "./custom-component";
import { AnotherComponent } from "./another-component";
export const Greeter = qrl(() => import("./test.tsx_Greeter_LDKOk8PWmEs"), "Greeter_LDKOk8PWmEs");

============================= test.tsx_Greeter_LDKOk8PWmEs.tsx (ENTRY POINT) ==
import { AnotherComponent } from "./another-component";
import { CustomComponent } from "./custom-component";
export const Greeter_LDKOk8PWmEs = () => {
	return (
		<div>
			<CustomComponent onClick$={() => {}}/>
			{array.map(item => (
				<AnotherComponent onClick$={() => {}}/>
			))}
		</div>
	)
};
/*
{
  "origin": "test.tsx",
  "name": "Greeter_LDKOk8PWmEs",
  "entry": null,
  "displayName": "test.tsx_Greeter",
  "hash": "LDKOk8PWmEs",
  "canonicalFilename": "test.tsx_Greeter_LDKOk8PWmEs",
  "path": "",
  "extension": "tsx",
  "parent": null,
  "ctxKind": "function",
  "ctxName": "component$",
  "captures": false,
  "loc": [
    183,
    351
  ]
}
*/
== DIAGNOSTICS ==
[]
