---
source: crates/qwik-optimizer-oxc/tests/snapshot_tests.rs
expression: output
snapshot_kind: text
---
============================= test.js ==
import { qrl } from "@qwik.dev/core";
import { _jsxSorted } from "@qwik.dev/core";
import { component$ } from "@qwik.dev/core";
const App = qrl(() => import("./test.tsx_App_Jlq9hNxnCvw"), "App_Jlq9hNxnCvw");
export const Root = qrl(() => import("./test.tsx_Root_jdhzAEvAMGA"), "Root_jdhzAEvAMGA");
const Other = 12;
export { Other as App };
export default App;

============================= test.tsx_Root_jdhzAEvAMGA.js (ENTRY POINT) ==
import { App } from "./test";
export const Root_jdhzAEvAMGA = (props: Stuff) => {
	return (
		<App/>
	);
};
/*
{
  "origin": "test.tsx",
  "name": "Root_jdhzAEvAMGA",
  "entry": null,
  "displayName": "test.tsx_Root",
  "hash": "jdhzAEvAMGA",
  "canonicalFilename": "test.tsx_Root_jdhzAEvAMGA",
  "path": "",
  "extension": "js",
  "parent": null,
  "ctxKind": "function",
  "ctxName": "component$",
  "captures": false,
  "loc": [
    136,
    192
  ],
  "paramNames": [
    "props"
  ]
}
*/
============================= test.tsx_App_Jlq9hNxnCvw.js (ENTRY POINT) ==
export const App_Jlq9hNxnCvw = () => {
	return (
		<div>hola</div>
	);
};
/*
{
  "origin": "test.tsx",
  "name": "App_Jlq9hNxnCvw",
  "entry": null,
  "displayName": "test.tsx_App",
  "hash": "Jlq9hNxnCvw",
  "canonicalFilename": "test.tsx_App_Jlq9hNxnCvw",
  "path": "",
  "extension": "js",
  "parent": null,
  "ctxKind": "function",
  "ctxName": "component$",
  "captures": false,
  "loc": [
    59,
    112
  ]
}
*/
== DIAGNOSTICS ==
[]
