---
source: crates/qwik-optimizer-oxc/tests/snapshot_tests.rs
expression: output
snapshot_kind: text
---
============================= test.js ==
import { qrl } from "@qwik.dev/core";
import { _jsxSorted } from "@qwik.dev/core";
import { Fragment } from "@qwik.dev/core";
import { sync$, component$ } from "@qwik.dev/core";
export default qrl(() => import("./test.tsx_test_5GvkoOCMrJc"), "test_5GvkoOCMrJc");

============================= test.tsx_test_5GvkoOCMrJc.js (ENTRY POINT) ==
import { sync$ } from "@qwik.dev/core";
export const test_5GvkoOCMrJc = () => {
		return (
			<>
				<input onClick$={sync$(function(event, target) {
					// comment should be removed
					event.preventDefault();
				})}/>
				<input onClick$={sync$((event, target) => {
					event.preventDefault();
				})}/>
				<input onClick$={sync$((event, target) => event.preventDefault())}/>
			</>
		);
		};
/*
{
  "origin": "test.tsx",
  "name": "test_5GvkoOCMrJc",
  "entry": null,
  "displayName": "test.tsx_test",
  "hash": "5GvkoOCMrJc",
  "canonicalFilename": "test.tsx_test_5GvkoOCMrJc",
  "path": "",
  "extension": "js",
  "parent": null,
  "ctxKind": "function",
  "ctxName": "component$",
  "captures": false,
  "loc": [
    73,
    411
  ]
}
*/
== DIAGNOSTICS ==
[]
