---
source: crates/qwik-optimizer-oxc/tests/snapshot_tests.rs
expression: output
snapshot_kind: text
---
============================= test.js ==
import { _noopQrl } from "@qwik.dev/core";
import { _jsxSorted } from "@qwik.dev/core";
import { component$, useStore, Slot } from "@qwik.dev/core";
const q_App_Jlq9hNxnCvw = /* @__PURE__ */ _noopQrl("App_Jlq9hNxnCvw");
q_App_Jlq9hNxnCvw.s((props: Stuff) => {
	return <div>
			<Slot />
		</div>;
});
export const App = componentQrl(q_App_Jlq9hNxnCvw);

== DIAGNOSTICS ==
[]
