---
source: crates/qwik-optimizer-oxc/tests/snapshot_tests.rs
expression: output
snapshot_kind: text
---
============================= test.js ==
import { qrl } from "@qwik.dev/core";
import { component$, $ } from "@qwik.dev/core";
import json from "./foo.json" assert { type: "json" };
export const Greeter = qrl(() => import("./test.tsx_Greeter_LDKOk8PWmEs"), "Greeter_LDKOk8PWmEs");

============================= test.tsx_Greeter_LDKOk8PWmEs.js (ENTRY POINT) ==
import { default as json } from "./foo.json";
export const Greeter_LDKOk8PWmEs = () => {
	return json;
};

/*
{
  "origin": "test.tsx",
  "name": "Greeter_LDKOk8PWmEs",
  "entry": null,
  "displayName": "test.tsx_Greeter",
  "hash": "LDKOk8PWmEs",
  "canonicalFilename": "test.tsx_Greeter_LDKOk8PWmEs",
  "path": "",
  "extension": "js",
  "parent": null,
  "ctxKind": "function",
  "ctxName": "component$",
  "captures": false,
  "loc": [
    128,
    163
  ]
}
*/
== DIAGNOSTICS ==
[]
