---
source: crates/qwik-optimizer-oxc/tests/snapshot_tests.rs
expression: output
snapshot_kind: text
---
============================= test.js ==
import { componentQrl } from "@qwik.dev/core";
import { qrl } from "@qwik.dev/core";
//
const q_FieldInput_ylDi5NLjH3k = /*#__PURE__*/ qrl(()=>import("./test.tsx_FieldInput_ylDi5NLjH3k"), "FieldInput_ylDi5NLjH3k");
//
export const FieldInput = /*#__PURE__*/ componentQrl(q_FieldInput_ylDi5NLjH3k);

============================= test.tsx_FieldInput_input_q_e_focus_b8Ezy3zJOH4.js (ENTRY POINT) ==
import { _captures } from "@qwik.dev/core";
export const FieldInput_input_q_e_focus_b8Ezy3zJOH4 = () => {
	const enabled = _captures[0];
	enabled.value = true;
};

/*
{
  "origin": "test.tsx",
  "name": "FieldInput_input_q_e_focus_b8Ezy3zJOH4",
  "entry": null,
  "displayName": "test.tsx_FieldInput_input_q_e_focus",
  "hash": "b8Ezy3zJOH4",
  "canonicalFilename": "test.tsx_FieldInput_input_q_e_focus_b8Ezy3zJOH4",
  "path": "",
  "extension": "js",
  "parent": "FieldInput_ylDi5NLjH3k",
  "ctxKind": "eventHandler",
  "ctxName": "onFocus$",
  "captures": true,
  "captureNames": [
    "enabled"
  ],
  "loc": [
    323,
    359
  ]
}
*/
============================= test.tsx_FieldInput_component_input_input_onInput_OKo0yRTX1PU.js (ENTRY POINT) ==
import { _captures } from "@qwik.dev/core";
export const FieldInput_component_input_input_onInput_OKo0yRTX1PU = (ev, el) => {
	const input = _captures[0];
	input.value = el.value;
};

/*
{
  "origin": "test.tsx",
  "name": "FieldInput_component_input_input_onInput_OKo0yRTX1PU",
  "entry": null,
  "displayName": "test.tsx_FieldInput_component_input_input_onInput",
  "hash": "OKo0yRTX1PU",
  "canonicalFilename": "test.tsx_FieldInput_component_input_input_onInput_OKo0yRTX1PU",
  "path": "",
  "extension": "js",
  "parent": "FieldInput_ylDi5NLjH3k",
  "ctxKind": "function",
  "ctxName": "$",
  "captures": true,
  "captureNames": [
    "input"
  ],
  "loc": [
    242,
    291
  ],
  "paramNames": [
    "el",
    "ev"
  ]
}
*/
============================= test.tsx_FieldInput_ylDi5NLjH3k.js (ENTRY POINT) ==
import { $ } from "@qwik.dev/core";
import { useSignal } from "@qwik.dev/core";
export const FieldInput_ylDi5NLjH3k = () => {
	const enabled = useSignal(false);
	const input = useSignal("");

  return (
     <input
		id="input"
		onInput$={
		enabled.value
			? $((ev, el) => {
				input.value = el.value;
			})
			: undefined
		}
		onFocus$={() => {
			enabled.value = true;
		}}
	/>
  );
};
/*
{
  "origin": "test.tsx",
  "name": "FieldInput_ylDi5NLjH3k",
  "entry": null,
  "displayName": "test.tsx_FieldInput",
  "hash": "ylDi5NLjH3k",
  "canonicalFilename": "test.tsx_FieldInput_ylDi5NLjH3k",
  "path": "",
  "extension": "js",
  "parent": null,
  "ctxKind": "function",
  "ctxName": "component$",
  "captures": false,
  "loc": [
    87,
    372
  ]
}
*/
== DIAGNOSTICS ==
[]
