---
source: crates/qwik-optimizer-oxc/tests/snapshot_tests.rs
expression: output
snapshot_kind: text
---
============================= components/component.js ==
import { _noopQrl } from "@qwik.dev/core";
import { _jsxSorted } from "@qwik.dev/core";
import { component$, useClientMount$, useStore, useTask$ } from "@qwik.dev/core";
import mongo from "mongodb";
import redis from "redis";
import threejs from "threejs";
import { a } from "./keep";
import { b } from "../keep2";
import { c } from "../../remove";
const q__7RMfCDur6ww = /* @__PURE__ */ _noopQrl("_7RMfCDur6ww");
q__7RMfCDur6ww.s(() => {
	const state = useStore({ text: "" });
	useClientMount$(async () => {
		state.text = await mongo.users();
		redis.set(state.text, a, b, c);
	});
	useTaskQrl(() => {});
	return _jsxSorted("div", {
		shouldRemove$: () => state.text,
		onClick$: () => console.log("parent", state, threejs)
	}, null, [<Div onClick$={() => console.log("keep")} render$={() => state.text} />, state.text], 1, null);
});
export const Parent = componentQrl(q__7RMfCDur6ww);
== DIAGNOSTICS ==
[]
