---
source: crates/qwik-optimizer-oxc/tests/snapshot_tests.rs
expression: output
snapshot_kind: text
---
============================= test.ts ==
import { qrl } from "@qwik.dev/core";
import { $, component$ } from "@qwik.dev/core";
import { isDev } from "@qwik.dev/core/build";
import { stuff } from "@qwik.dev/router";
import { moreStuff } from "@qwik.dev/router/more/here";
import { qwikify$ } from "@qwik.dev/react";
import sdk from "@builder.io/sdk";
export const Foo = qwikify$(MyReactComponent);
export const Bar = $("a thing");
export const App = qrl(() => import("./test.tsx_App_Jlq9hNxnCvw"), "App_Jlq9hNxnCvw");

============================= test.tsx_App_Jlq9hNxnCvw.ts (ENTRY POINT) ==
import { isDev } from "@qwik.dev/core/build";
import { moreStuff } from "@qwik.dev/router/more/here";
import { default as sdk } from "@builder.io/sdk";
import { stuff } from "@qwik.dev/router";
export const App_Jlq9hNxnCvw = () => {
	sdk.hello();
	if (isDev) {
		stuff();
	} else {
		moreStuff();
	}
	return "hi";
};

/*
{
  "origin": "test.tsx",
  "name": "App_Jlq9hNxnCvw",
  "entry": null,
  "displayName": "test.tsx_App",
  "hash": "Jlq9hNxnCvw",
  "canonicalFilename": "test.tsx_App_Jlq9hNxnCvw",
  "path": "",
  "extension": "ts",
  "parent": null,
  "ctxKind": "function",
  "ctxName": "component$",
  "captures": false,
  "loc": [
    413,
    529
  ]
}
*/
== DIAGNOSTICS ==
[]
