---
source: crates/qwik-optimizer-oxc/tests/snapshot_tests.rs
expression: output
snapshot_kind: text
---
============================= test.jsx ==
import { _noopQrl } from "@qwik.dev/core";
import { _jsxSorted } from "@qwik.dev/core";
const q__u6BtPnK76q4 = /* @__PURE__ */ _noopQrl("_u6BtPnK76q4");
q__u6BtPnK76q4.s(() => {
	const props = useStore({ product: { currentVariant: {
		variantImage: "image",
		variantNumber: "number",
		setContents: "contents"
	} } });
	const { currentVariant: { variantImage, variantNumber, setContents } = {} } = props.product;
	console.log(variantImage, variantNumber, setContents);
	return _jsxSorted("p", null, null, null, 1, null);
});
export const Issue3561 = componentQrl(q__u6BtPnK76q4);
== DIAGNOSTICS ==
[]
