---
source: crates/qwik-optimizer-oxc/tests/snapshot_tests.rs
expression: output
snapshot_kind: text
---
============================= test.js ==
import { componentQrl } from "@qwik.dev/core";
import { onClickQrl } from "@qwik.dev/core";
import { onKeyDownQrl } from "@qwik.dev/core";
import { qrl } from "@qwik.dev/core";
//
const q_test_component_LUXeXe0DQrg = /*#__PURE__*/ qrl(()=>import("./test.tsx_test_component_LUXeXe0DQrg"), "test_component_LUXeXe0DQrg");
//
export default /*#__PURE__*/ componentQrl(q_test_component_LUXeXe0DQrg);

============================= test.tsx_test_component_span_button_q_e_click_9NDVDUjYaQQ.js (ENTRY POINT) ==
import { _captures } from "@qwik.dev/core";
export const test_component_span_button_q_e_click_9NDVDUjYaQQ = () => {
	const cellIndex = _captures[0];
	const rowIndex = _captures[1];
	return console.log(rowIndex, cellIndex);
};

/*
{
  "origin": "test.tsx",
  "name": "test_component_span_button_q_e_click_9NDVDUjYaQQ",
  "entry": null,
  "displayName": "test.tsx_test_component_span_button_q_e_click",
  "hash": "9NDVDUjYaQQ",
  "canonicalFilename": "test.tsx_test_component_span_button_q_e_click_9NDVDUjYaQQ",
  "path": "",
  "extension": "js",
  "parent": "test_component_LUXeXe0DQrg",
  "ctxKind": "eventHandler",
  "ctxName": "onClick$",
  "captures": true,
  "captureNames": [
    "cellIndex",
    "rowIndex"
  ],
  "loc": [
    501,
    539
  ]
}
*/
============================= test.tsx_test_component_LUXeXe0DQrg.js (ENTRY POINT) ==
import { useSignal } from "@qwik.dev/core";
export const test_component_LUXeXe0DQrg = () => {
  const matrix = useSignal([['a', 'b'], ['c', 'd']]);
  return (
    <div>
      {matrix.value.map((row, i) => {
        const rowIndex = i + 1;
        return (
          <div key={i}>
            {row.map((cell, j) => {
              const cellIndex = j + 1;
              const cellKey = rowIndex + '-' + cellIndex;
              return (
                <span key={j}>
                  <button onClick$={() => console.log(rowIndex, cellIndex)}>{cell}</button>
                  <span onKeyDown$={() => console.log(cellKey, i, j)}>{cellKey}</span>
                </span>
              );
            })}
          </div>
        );
      })}
    </div>
  );
};
/*
{
  "origin": "test.tsx",
  "name": "test_component_LUXeXe0DQrg",
  "entry": null,
  "displayName": "test.tsx_test_component",
  "hash": "LUXeXe0DQrg",
  "canonicalFilename": "test.tsx_test_component_LUXeXe0DQrg",
  "path": "",
  "extension": "js",
  "parent": null,
  "ctxKind": "function",
  "ctxName": "component$",
  "captures": false,
  "loc": [
    73,
    757
  ]
}
*/
============================= test.tsx_test_component_span_span_q_e_keydown_zm0yVAYNXLo.js (ENTRY POINT) ==
import { _captures } from "@qwik.dev/core";
export const test_component_span_span_q_e_keydown_zm0yVAYNXLo = () => {
	const cellKey = _captures[0];
	const i = _captures[1];
	const j = _captures[2];
	return console.log(cellKey, i, j);
};

/*
{
  "origin": "test.tsx",
  "name": "test_component_span_span_q_e_keydown_zm0yVAYNXLo",
  "entry": null,
  "displayName": "test.tsx_test_component_span_span_q_e_keydown",
  "hash": "zm0yVAYNXLo",
  "canonicalFilename": "test.tsx_test_component_span_span_q_e_keydown_zm0yVAYNXLo",
  "path": "",
  "extension": "js",
  "parent": "test_component_LUXeXe0DQrg",
  "ctxKind": "eventHandler",
  "ctxName": "onKeyDown$",
  "captures": true,
  "captureNames": [
    "cellKey",
    "i",
    "j"
  ],
  "loc": [
    593,
    625
  ]
}
*/
== DIAGNOSTICS ==
[]
