---
source: crates/qwik-optimizer-oxc/tests/snapshot_tests.rs
expression: output
snapshot_kind: text
---
============================= test.js ==
import { qrl } from "@qwik.dev/core";
import { _jsxSorted } from "@qwik.dev/core";
import { $, component$, useStyles$ } from "@qwik.dev/core";
import css1 from "./global.css";
import css2 from "./style.css";
export const App = qrl(() => import("./test.tsx_App_Jlq9hNxnCvw"), "App_Jlq9hNxnCvw");

============================= test.tsx_App_Jlq9hNxnCvw.js (ENTRY POINT) ==
import { $ } from "@qwik.dev/core";
import { default as css1 } from "./global.css";
import { useStyles$ } from "@qwik.dev/core";
export const App_Jlq9hNxnCvw = () => {
	const style = `${css1}${css2}`;
	useStyles$(style);
	const render = () => {
		return (
			<div></div>
		)
	};
	return $(render);
};
/*
{
  "origin": "test.tsx",
  "name": "App_Jlq9hNxnCvw",
  "entry": null,
  "displayName": "test.tsx_App",
  "hash": "Jlq9hNxnCvw",
  "canonicalFilename": "test.tsx_App_Jlq9hNxnCvw",
  "path": "",
  "extension": "js",
  "parent": null,
  "ctxKind": "function",
  "ctxName": "component$",
  "captures": false,
  "loc": [
    146,
    297
  ]
}
*/
== DIAGNOSTICS ==
[]
