---
source: crates/qwik-optimizer-oxc/tests/snapshot_tests.rs
expression: output
snapshot_kind: text
---
============================= test.js ==
import { qrl } from "@qwik.dev/core";
import { _jsxSorted } from "@qwik.dev/core";
import { $, component$, useSignal, Signal } from "@qwik.dev/core";
export const App = qrl(() => import("./test.tsx_App_Jlq9hNxnCvw"), "App_Jlq9hNxnCvw");

============================= test.tsx_App_Jlq9hNxnCvw.js (ENTRY POINT) ==
import { Signal } from "@qwik.dev/core";
import { useSignal } from "@qwik.dev/core";
export const App_Jlq9hNxnCvw = () => {
	const data = useSignal<Signal<any>[]>([]);
	const selectedItem = useSignal<any | null>(null);
	const clickedIndex = useSignal<number | null>(null);
    return (
        <div>
          {data.value.map((row, idx) => (
              <tr
                key={untrack(() => row.value.id)}
                class={row.value.selected.value ? "danger" : ""}
              >
                <td class="col-md-1">{row.value.id}</td>
                <td class="col-md-4">
                  <a
                    onClick$={() => {
                      if (selectedItem.value) {
                        selectedItem.value.selected.value = false;
                      }
                      selectedItem.value = row.value;
                      row.value.selected.value = true;
					  clickedIndex.value = idx;
                    }}
                  >
                    {row.value.label.value}
                  </a>
                </td>
                <td class="col-md-1">
                  <a
                    onClick$={() => {
                      const dataValue = untrack(() => data.value);
                      data.value = dataValue.toSpliced(
                        dataValue.findIndex((d) => d.value.id === row.value.id),
                        1,
                      );
                    }}
                  >
                    <span aria-hidden="true">x</span>
                  </a>
                </td>
                <td class="col-md-6" />
              </tr>
          ))}
        </div>
      );
    };
/*
{
  "origin": "test.tsx",
  "name": "App_Jlq9hNxnCvw",
  "entry": null,
  "displayName": "test.tsx_App",
  "hash": "Jlq9hNxnCvw",
  "canonicalFilename": "test.tsx_App_Jlq9hNxnCvw",
  "path": "",
  "extension": "js",
  "parent": null,
  "ctxKind": "function",
  "ctxName": "component$",
  "captures": false,
  "loc": [
    87,
    1639
  ]
}
*/
== DIAGNOSTICS ==
[]
