---
source: crates/qwik-optimizer-oxc/tests/snapshot_tests.rs
expression: output
snapshot_kind: text
---
============================= test.js ==
import { inlinedQrl } from "@qwik.dev/core";
import { _jsxSorted } from "@qwik.dev/core";
import { $, component$, server$ } from "@qwik.dev/core";
export const Works = componentQrl((props) => {
	const text = "hola";
	return _jsxSorted("div", { onClick$: serverQrl(() => console.log("in server", text), "Works_component_div_onClick_server_OsNoEFc5SM4", [text]) }, null, null, 1, null);
}, "Works_component_t45qL4vNGv0");

== DIAGNOSTICS ==
[]
