---
source: crates/qwik-optimizer-oxc/tests/snapshot_tests.rs
expression: output
snapshot_kind: text
---
============================= test.tsx ==
import { qrl } from "@qwik.dev/core";
import { _jsxSorted } from "@qwik.dev/core";
import { $, component$, useStore } from "@qwik.dev/core";
const Header = qrl(() => import("./test.tsx_Header_WjUaUQN7Oxg"), "Header_WjUaUQN7Oxg");

============================= test.tsx_Header_WjUaUQN7Oxg.tsx (ENTRY POINT) ==
import { useStore } from "@qwik.dev/core";
export const Header_WjUaUQN7Oxg = () => {
	const thing = useStore();
	const {foo, bar} = foo();

	return (
		<div>{thing}</div>
	);
};
/*
{
  "origin": "test.tsx",
  "name": "Header_WjUaUQN7Oxg",
  "entry": null,
  "displayName": "test.tsx_Header",
  "hash": "WjUaUQN7Oxg",
  "canonicalFilename": "test.tsx_Header_WjUaUQN7Oxg",
  "path": "",
  "extension": "tsx",
  "parent": null,
  "ctxKind": "function",
  "ctxName": "component$",
  "captures": false,
  "loc": [
    74,
    185
  ]
}
*/
== DIAGNOSTICS ==
[]
