---
source: crates/qwik-optimizer-oxc/tests/snapshot_tests.rs
expression: output
---
============================= src/components/mongo/index.tsx ==
import { inlinedQrl } from "@qwik.dev/core";
import { _jsxSorted } from "@qwik.dev/core";
export default componentQrl(() => {
	return _jsxSorted("div", { onClick$: () => console.log(mongodb) }, null, null, 1, null);
}, "_0VZ6pAxegk0");
== DIAGNOSTICS ==
[]
