---
source: crates/qwik-optimizer-oxc/tests/snapshot_tests.rs
assertion_line: 948
expression: output
---
============================= ./node_modules/qwik-tree/index.qwik.js ==
import { inlinedQrlDEV } from "@qwik.dev/core";
import { _jsxSorted } from "@qwik.dev/core";
import { _jsxSplit } from "@qwik.dev/core";
import { componentQrl } from "@qwik.dev/core";
// Root-level self-referential component
// The QRL should NOT be hoisted before the component function is defined
// or should use two-phase emission to avoid forward reference
export const Tree = componentQrl((props) => {
	return _jsxSorted("div", null, null, [props.label, props.children && props.children.map((child) => _jsxSplit(Tree, { ...child }, null, null, 1, "0"))], 1, null);
}, "Tree_component_XMEiO6Rrd3Y");

== DIAGNOSTICS ==
[]
