---
source: crates/qwik-optimizer-oxc/tests/snapshot_tests.rs
assertion_line: 892
expression: output
---
============================= test.jsx ==
import { inlinedQrl } from "@qwik.dev/core";
import { _jsxSorted } from "@qwik.dev/core";
import { componentQrl } from "@qwik.dev/core";
export const AtomStatus = componentQrl((_rawProps) => {
	const ctx = _rawProps.ctx;
	const atom = _rawProps.atom;
	let status = atom.status;
	if (!atom.real) {
		status = "WILL-VANISH";
	} else if (JSON.stringify(atom.atom) == JSON.stringify(atom.real)) {
		status = "WTFED";
	}
	return _jsxSorted("span", {
		title: atom.ID,
		onClick$: (ev) => atomStatusClick(ctx, ev, [atom]),
		class: [
			"atom",
			status,
			ctx.store[atom.ID] ? "selected" : null
		]
	}, null, null, 1, null);
}, "AtomStatus_component_hdwpoUtydSA");

== DIAGNOSTICS ==
[]
