---
source: crates/qwik-optimizer-oxc/tests/snapshot_tests.rs
assertion_line: 908
expression: output
---
============================= test.js ==
import { _noopQrl } from "@qwik.dev/core";
import { _jsxSorted } from "@qwik.dev/core";
import { $, component$, server$, useStyle$ } from "@qwik.dev/core";
const q_component_ZUK1E201Ins = /* @__PURE__ */ _noopQrl("component_ZUK1E201Ins");
const q__u6BtPnK76q4 = /* @__PURE__ */ _noopQrl("_u6BtPnK76q4");
q_component_ZUK1E201Ins.s(() => console.log("in server", text));
q__u6BtPnK76q4.s((props) => {
	useStyle$(STYLES);
	const text = "hola";
	return <div onClick$={server$(() => console.log("in server", text))}></div>;
});
export const Works = componentQrl(q__u6BtPnK76q4);
const STYLES = ".class {}";

== DIAGNOSTICS ==
[]
