---
source: crates/qwik-optimizer-oxc/tests/snapshot_tests.rs
assertion_line: 1020
expression: output
---
============================= test.js ==
import { componentQrl } from "@qwik.dev/core";
import { qrl } from "@qwik.dev/core";
//
const q_test_component_LUXeXe0DQrg = /*#__PURE__*/ qrl(()=>import("./test.tsx_test_component_LUXeXe0DQrg"), "test_component_LUXeXe0DQrg");
//
export default /*#__PURE__*/ componentQrl(q_test_component_LUXeXe0DQrg);
export const PANELS: ActivePanel[] = [
	"Examples",
	"Input",
	"Output",
	"Console"
];

============================= test.tsx_test_component_LUXeXe0DQrg.js (ENTRY POINT) ==
import { PANELS } from "./test";
import { useStore } from "@qwik.dev/core";
export const test_component_LUXeXe0DQrg = () => {
			const panelStore = useStore(() => ({
				active: 'Input',
				list: PANELS,
			}));

			return (
				<div
					stuff={panelStore.active ? 'yes' : 'no'}
					class={{
						'too-long-to-wrap': true,
						'examples-panel-input': panelStore.active === 'Input',
						'examples-panel-output': panelStore.active === 'Output',
						'examples-panel-console': panelStore.active === 'Console',
					}}
				/>
			);
		};
/*
{
  "origin": "test.tsx",
  "name": "test_component_LUXeXe0DQrg",
  "entry": null,
  "displayName": "test.tsx_test_component",
  "hash": "LUXeXe0DQrg",
  "canonicalFilename": "test.tsx_test_component_LUXeXe0DQrg",
  "path": "",
  "extension": "js",
  "parent": null,
  "ctxKind": "function",
  "ctxName": "component$",
  "captures": false,
  "loc": [
    76,
    510
  ]
}
*/
== DIAGNOSTICS ==
[]
