---
source: crates/qwik-optimizer-oxc/tests/snapshot_tests.rs
expression: output
snapshot_kind: text
---
============================= test.js ==
import { componentQrl } from "@qwik.dev/core";
export const Greeter = componentQrl(() => {
	const value = useSignal(0);
	const checked = useSignal(false);
	const stuff = useSignal();
	return _jsxSorted(_Fragment, null, null, [
		_jsxSorted("input", { "bind:value": value }, null, null, 1, null),
		_jsxSorted("input", { "bind:checked": checked }, null, null, 1, null),
		_jsxSorted("input", { "bind:stuff": stuff }, null, null, 1, null),
		_jsxSorted("div", null, null, value, 1, null),
		_jsxSorted("div", null, null, value.value, 1, null)
	], 1, null);
}, "s_n7HuG2hhU0Q");

== DIAGNOSTICS ==
[]
