---
source: crates/qwik-optimizer-oxc/tests/snapshot_tests.rs
assertion_line: 871
expression: output
---
============================= test.js ==
import { _noopQrl } from "@qwik.dev/core";
import { componentQrl } from "@qwik.dev/core";
import { useStore, Slot } from "@qwik.dev/core";
//
const q_App_component_ckEPmXZlub0 = /*#__PURE__*/ _noopQrl("App_component_ckEPmXZlub0");
//
q_App_component_ckEPmXZlub0.s((props: Stuff) => {
	return _jsxSorted("div", null, null, <Slot />, 1, null);
});
export const App = /*#__PURE__*/ componentQrl(q_App_component_ckEPmXZlub0);
== DIAGNOSTICS ==
[]
