---
source: crates/qwik-optimizer-oxc/tests/snapshot_tests.rs
assertion_line: 873
expression: output
---
============================= test.tsx ==
import mongodb from "mongodb";
import { thing } from "./sibling";
import { _noopQrl } from "@qwik.dev/core";
import { componentQrl } from "@qwik.dev/core";
import { useBrowserVisibleTaskQrl } from "@qwik.dev/core";
import { useStore } from "@qwik.dev/core";
//
const q_Child_component_9GyF01GDKqw = /*#__PURE__*/ _noopQrl("Child_component_9GyF01GDKqw");
//
q_Child_component_9GyF01GDKqw.s(() => {
	useStyles$("somestring");
	const state = useStore({ count: 0 });
	useBrowserVisibleTaskQrl(() => {
		state.count = thing.doStuff() + import("./sibling");
	});
	return _jsxSorted("div", { onClick$: () => console.log(mongodb) }, null, null, 1, null);
});
export const Child = /*#__PURE__*/ componentQrl(q_Child_component_9GyF01GDKqw);
== DIAGNOSTICS ==
[]
