---
source: crates/qwik-optimizer-oxc/tests/snapshot_tests.rs
expression: output
snapshot_kind: text
---
============================= test.tsx ==
import { qrl } from "@qwik.dev/core";
import { _jsxSorted } from "@qwik.dev/core";
import { $, component$ } from "@qwik.dev/core";
const q_Foo_component_HTDRsvUbLiE = /*#__PURE__*/ qrl(() => import("./test.tsx_Foo_component_HTDRsvUbLiE"), "Foo_component_HTDRsvUbLiE");
export const Foo = /*#__PURE__*/ componentQrl(q_Foo_component_HTDRsvUbLiE);
export function Button({ text, color }) {
	return _jsxSorted("button", {
		onColor$: color,
		onClick$: () => console.log(text, color)
	}, null, text, 1, "0");
}
export const ButtonArrow = (_rawProps) => {
	const text = _rawProps.text;
	const color = _rawProps.color;
	return _jsxSorted("button", {
		onColor$: color,
		onClick$: () => console.log(text, color)
	}, null, text, 1, "1");
};

============================= test.tsx_Foo_component_HTDRsvUbLiE.tsx (ENTRY POINT) ==
import { Button } from "./test";
import { ButtonArrow } from "./test";
export const Foo_component_HTDRsvUbLiE = (props) => {
	return (
		<div>
			<Button {...props} />
			<ButtonArrow {...props} />
		</div>
	);
};
/*
{
  "origin": "test.tsx",
  "name": "Foo_component_HTDRsvUbLiE",
  "entry": null,
  "displayName": "test.tsx_Foo_component",
  "hash": "HTDRsvUbLiE",
  "canonicalFilename": "test.tsx_Foo_component_HTDRsvUbLiE",
  "path": "",
  "extension": "tsx",
  "parent": null,
  "ctxKind": "function",
  "ctxName": "component$",
  "captures": false,
  "loc": [
    69,
    206
  ],
  "paramNames": [
    "props"
  ]
}
*/
== DIAGNOSTICS ==
[]
