---
source: crates/qwik-optimizer-oxc/tests/snapshot_tests.rs
expression: output
snapshot_kind: text
---
============================= src/routes/_repl/[id]/[[...slug]].js ==
import { qrl } from "@qwik.dev/core";
import { _jsxSorted } from "@qwik.dev/core";
import { component$ } from "@qwik.dev/core";
import { sibling } from "./sibling";
export default qrl(() => import("./[[...slug]].tsx_slug_SrP1sUhf7LE.tsx"), "slug_SrP1sUhf7LE");

============================= src/routes/_repl/[id]/[[...slug]].tsx_slug_SrP1sUhf7LE.js ==
import { sibling } from "./sibling";
export const slug_SrP1sUhf7LE = () => {
	return (
		<div onClick$={() => console.log(mongodb, sibling)}>
		</div>
	);
};
/*
{
  "origin": "src/routes/_repl/[id]/[[...slug]].tsx",
  "name": "slug_SrP1sUhf7LE",
  "entry": "src/routes/_repl/[id]/[[...slug]].tsx_entry_[[...slug]]",
  "displayName": "[[...slug]].tsx_slug",
  "hash": "SrP1sUhf7LE",
  "canonicalFilename": "[[...slug]].tsx_slug_SrP1sUhf7LE",
  "path": "src/routes/_repl/[id]",
  "extension": "js",
  "parent": null,
  "ctxKind": "function",
  "ctxName": "component$",
  "captures": false,
  "loc": [
    99,
    198
  ]
}
*/
== DIAGNOSTICS ==
[]
