---
source: crates/qwik-optimizer-oxc/tests/snapshot_tests.rs
expression: output
snapshot_kind: text
---
============================= test.js ==
import { componentQrl } from "@qwik.dev/core";
import { _noopQrl } from "@qwik.dev/core";
//
const q__u6BtPnK76q4 = /*#__PURE__*/ _noopQrl("_u6BtPnK76q4");
//
q_test_component_useComputed_PYU291PvidQ.s(() => color);
q_test_useTask_5pwZFJgUNow.s(() => {
	props.checked;
});
q__u6BtPnK76q4.s(({ color, ...props }) => {
	useComputed$(() => color);
	useTask$(() => {
		props.checked;
	});
	return "hi";
});
export default componentQrl(q__u6BtPnK76q4);

== DIAGNOSTICS ==
[]
