---
source: crates/qwik-optimizer-oxc/tests/snapshot_tests.rs
expression: output
snapshot_kind: text
---
============================= test.js ==
import { qrl } from "@qwik.dev/core";
import { _jsxSorted } from "@qwik.dev/core";
import { $, component$, useSignal, Signal } from "@qwik.dev/core";
const Foo = qrl(() => import("./test.tsx_Foo_component_HTDRsvUbLiE"), "Foo_component_HTDRsvUbLiE");

============================= test.tsx_Foo_component_Inner_component_AuJ9mTBx5YA.js (ENTRY POINT) ==
import { _captures } from "@qwik.dev/core";
export const Foo_component_Inner_component_AuJ9mTBx5YA = function(props) {
    const _ref = {};
    _ref.data = props._ref.data;
    const { data } = _ref;
    return <div>{data.value.map(item => <p onClick$={() => console.log(item.value.id)}>{item.value.id}</p>)}</div>
  };
/*
{
  "origin": "test.tsx",
  "name": "Foo_component_Inner_component_AuJ9mTBx5YA",
  "entry": null,
  "displayName": "test.tsx_Foo_component_Inner_component",
  "hash": "AuJ9mTBx5YA",
  "canonicalFilename": "test.tsx_Foo_component_Inner_component_AuJ9mTBx5YA",
  "path": "",
  "extension": "js",
  "parent": "Foo_component_HTDRsvUbLiE",
  "ctxKind": "function",
  "ctxName": "component$",
  "captures": true,
  "captureNames": [
    "data"
  ],
  "loc": [
    165,
    341
  ],
  "paramNames": [
    "props"
  ]
}
*/
============================= test.tsx_Foo_component_HTDRsvUbLiE.js (ENTRY POINT) ==
import { Signal } from "@qwik.dev/core";
import { component$ } from "@qwik.dev/core";
import { useSignal } from "@qwik.dev/core";
export const Foo_component_HTDRsvUbLiE = function() {
  const data = useSignal<Signal<any>[]>([]);
  const Inner = component$(function(props) {
    const _ref = {};
    _ref.data = props._ref.data;
    const { data } = _ref;
    return <div>{data.value.map(item => <p onClick$={() => console.log(item.value.id)}>{item.value.id}</p>)}</div>
  })
  return <Inner data={data} />
};
/*
{
  "origin": "test.tsx",
  "name": "Foo_component_HTDRsvUbLiE",
  "entry": null,
  "displayName": "test.tsx_Foo_component",
  "hash": "HTDRsvUbLiE",
  "canonicalFilename": "test.tsx_Foo_component_HTDRsvUbLiE",
  "path": "",
  "extension": "js",
  "parent": null,
  "ctxKind": "function",
  "ctxName": "component$",
  "captures": false,
  "loc": [
    80,
    375
  ]
}
*/
== DIAGNOSTICS ==
[]
