---
source: crates/qwik-optimizer-oxc/tests/snapshot_tests.rs
expression: output
snapshot_kind: text
---
============================= test.js ==
import { _noopQrl } from "@qwik.dev/core";
import { component$, useComputed$, useTask$ } from "@qwik.dev/core";
const q_test_component_LUXeXe0DQrg = /* @__PURE__ */ _noopQrl("test_component_LUXeXe0DQrg");
const q_test_component_1_v8xOuDiT9Ag = /* @__PURE__ */ _noopQrl("test_component_1_v8xOuDiT9Ag");
const q_test_5GvkoOCMrJc = /* @__PURE__ */ _noopQrl("test_5GvkoOCMrJc");
q_test_component_LUXeXe0DQrg.s(() => color);
q_test_component_1_v8xOuDiT9Ag.s(() => {
	props.checked;
});
q_test_5GvkoOCMrJc.s(({ color, ...props }) => {
	useComputed$(() => color);
	useTask$(() => {
		props.checked;
	});
	return "hi";
});
export default componentQrl(q_test_5GvkoOCMrJc);

== DIAGNOSTICS ==
[]
