---
source: crates/qwik-optimizer-oxc/tests/snapshot_tests.rs
expression: output
snapshot_kind: text
---
============================= test.js ==
import { qrl } from "@qwik.dev/core";
import { _jsxSplit } from "@qwik.dev/core";
import { component$ } from "@qwik.dev/core";
const q_test_component_LUXeXe0DQrg = /*#__PURE__*/ qrl(() => import("./test.tsx_test_component_LUXeXe0DQrg"), "test_component_LUXeXe0DQrg");
export default /*#__PURE__*/ componentQrl(q_test_component_LUXeXe0DQrg);

============================= test.tsx_test_component_LUXeXe0DQrg.js (ENTRY POINT) ==
export const test_component_LUXeXe0DQrg = (props) => {
			return (
				<div {...props} test="test"></div>
			);
		};
/*
{
  "origin": "test.tsx",
  "name": "test_component_LUXeXe0DQrg",
  "entry": null,
  "displayName": "test.tsx_test_component",
  "hash": "LUXeXe0DQrg",
  "canonicalFilename": "test.tsx_test_component_LUXeXe0DQrg",
  "path": "",
  "extension": "js",
  "parent": null,
  "ctxKind": "function",
  "ctxName": "component$",
  "captures": false,
  "loc": [
    66,
    151
  ],
  "paramNames": [
    "props"
  ]
}
*/
== DIAGNOSTICS ==
[]
