---
source: crates/qwik-optimizer-oxc/tests/snapshot_tests.rs
expression: output
snapshot_kind: text
---
============================= test.js ==
import { componentQrl } from "@qwik.dev/core";
import { onConstQrl } from "@qwik.dev/core";
import { onHiQrl } from "@qwik.dev/core";
import { qrl } from "@qwik.dev/core";
//
const q_test_component_LUXeXe0DQrg = /*#__PURE__*/ qrl(()=>import("./test.tsx_test_component_LUXeXe0DQrg"), "test_component_LUXeXe0DQrg");
//
export default /*#__PURE__*/ componentQrl(q_test_component_LUXeXe0DQrg);

============================= test.tsx_test_component_p_q_e_const_e6TYnIxnPLY.js (ENTRY POINT) ==
export const test_component_p_q_e_const_e6TYnIxnPLY = () => "const";

/*
{
  "origin": "test.tsx",
  "name": "test_component_p_q_e_const_e6TYnIxnPLY",
  "entry": null,
  "displayName": "test.tsx_test_component_p_q_e_const",
  "hash": "e6TYnIxnPLY",
  "canonicalFilename": "test.tsx_test_component_p_q_e_const_e6TYnIxnPLY",
  "path": "",
  "extension": "js",
  "parent": "test_component_LUXeXe0DQrg",
  "ctxKind": "eventHandler",
  "ctxName": "onConst$",
  "captures": false,
  "loc": [
    238,
    251
  ]
}
*/
============================= test.tsx_test_component_LUXeXe0DQrg.js (ENTRY POINT) ==
export const test_component_LUXeXe0DQrg = (props) => {
  return (<p 
		onHi$={() => 'hi'} 
		{...props.foo} 
		onHello$={props.helloHandler$} 
		{...props.rest} 
		onVar$={props.onVarHandler$} 
		onConst$={() => 'const'} 
		asd={"1"}
	/>);
};
/*
{
  "origin": "test.tsx",
  "name": "test_component_LUXeXe0DQrg",
  "entry": null,
  "displayName": "test.tsx_test_component",
  "hash": "LUXeXe0DQrg",
  "canonicalFilename": "test.tsx_test_component_LUXeXe0DQrg",
  "path": "",
  "extension": "js",
  "parent": null,
  "ctxKind": "function",
  "ctxName": "component$",
  "captures": false,
  "loc": [
    63,
    274
  ],
  "paramNames": [
    "props"
  ]
}
*/
============================= test.tsx_test_component_p_q_e_hi_ttOKZbY46GA.js (ENTRY POINT) ==
export const test_component_p_q_e_hi_ttOKZbY46GA = () => "hi";

/*
{
  "origin": "test.tsx",
  "name": "test_component_p_q_e_hi_ttOKZbY46GA",
  "entry": null,
  "displayName": "test.tsx_test_component_p_q_e_hi",
  "hash": "ttOKZbY46GA",
  "canonicalFilename": "test.tsx_test_component_p_q_e_hi_ttOKZbY46GA",
  "path": "",
  "extension": "js",
  "parent": "test_component_LUXeXe0DQrg",
  "ctxKind": "eventHandler",
  "ctxName": "onHi$",
  "captures": false,
  "loc": [
    110,
    120
  ]
}
*/
== DIAGNOSTICS ==
[]
