---
source: crates/qwik-optimizer-oxc/tests/snapshot_tests.rs
expression: output
---
== DIAGNOSTICS ==
[
  {
    "scope": "optimizer",
    "category": "sourceError",
    "code": null,
    "file": "test.tsx",
    "message": "Expected a semicolon or an implicit semicolon after a statement, but found none"
  }
]
