---
source: crates/qwik-optimizer-oxc/tests/snapshot_tests.rs
expression: output
snapshot_kind: text
---
============================= project/test.jsx ==
import { componentQrl } from "@qwik.dev/core";
import { qrl } from "@qwik.dev/core";
//
const q_Header_WlR3xnI6u38 = /*#__PURE__*/ qrl(()=>import("./test.tsx_Header_WlR3xnI6u38"), "Header_WlR3xnI6u38");
//
export const [a, { b, v1: [c], d = v2, ...e }, f = v3, ...g] = obj;
const exp1 = 1;
const internal = 2;
export { exp1, internal as expr2 };
export function foo() {}
export class bar {}
export default function DefaultFn() {}
export const Header = /*#__PURE__*/ componentQrl(q_Header_WlR3xnI6u38);
export const Footer = component$();

============================= project/test.tsx_Header_component_UVBJuFYfvDo.jsx (ENTRY POINT) ==
import { Footer } from "./test";
import { a } from "./test";
import { b } from "./test";
import { bar } from "./test";
import { c } from "./test";
import { d } from "./test";
import { e } from "./test";
import { exp1 } from "./test";
import { f } from "./test";
import { foo } from "./test";
export const Header_component_UVBJuFYfvDo = () => (
		<Footer>
			<div>{a}{b}{c}{d}{e}{f}{exp1}{internal}{foo}{bar}{DefaultFn}</div>
			<div>{v1}{v2}{v3}{obj}</div>
		</Footer>
	);
/*
{
  "origin": "project/test.tsx",
  "name": "Header_component_UVBJuFYfvDo",
  "entry": null,
  "displayName": "test.tsx_Header_component",
  "hash": "UVBJuFYfvDo",
  "canonicalFilename": "test.tsx_Header_component_UVBJuFYfvDo",
  "path": "project",
  "extension": "jsx",
  "parent": "Header_WlR3xnI6u38",
  "ctxKind": "function",
  "ctxName": "$",
  "captures": false,
  "loc": [
    320,
    458
  ]
}
*/
============================= project/test.tsx_Header_WlR3xnI6u38.jsx (ENTRY POINT) ==
import { $ } from "@qwik.dev/core";
import { Footer } from "./test";
import { a } from "./test";
import { b } from "./test";
import { bar } from "./test";
import { c } from "./test";
import { d } from "./test";
import { e } from "./test";
import { exp1 } from "./test";
import { f } from "./test";
import { foo } from "./test";
export const Header_WlR3xnI6u38 = () => {
	return $(() => (
		<Footer>
			<div>{a}{b}{c}{d}{e}{f}{exp1}{internal}{foo}{bar}{DefaultFn}</div>
			<div>{v1}{v2}{v3}{obj}</div>
		</Footer>
	))
};
/*
{
  "origin": "project/test.tsx",
  "name": "Header_WlR3xnI6u38",
  "entry": null,
  "displayName": "test.tsx_Header",
  "hash": "WlR3xnI6u38",
  "canonicalFilename": "test.tsx_Header_WlR3xnI6u38",
  "path": "project",
  "extension": "jsx",
  "parent": null,
  "ctxKind": "function",
  "ctxName": "component$",
  "captures": false,
  "loc": [
    293,
    461
  ]
}
*/
== DIAGNOSTICS ==
[]
