---
source: crates/qwik-optimizer-oxc/tests/snapshot_tests.rs
assertion_line: 877
expression: output
---
============================= test.js ==
import { _noopQrl } from "@qwik.dev/core";
import { componentQrl } from "@qwik.dev/core";
import { useSignal } from "@qwik.dev/core";
//
const q_Issue3742_component_svSy0PlWTAw = /*#__PURE__*/ _noopQrl("Issue3742_component_svSy0PlWTAw");
//
q_Issue3742_component_svSy0PlWTAw.s((_rawProps) => {
	const description = _rawProps.description ?? "";
	const other = _rawProps.other;
	const counter = useSignal(0);
	return _jsxSorted("div", { title: description && "description" in other ? `Hello ${counter.value}` : `Bye ${counter.value}` }, null, ["Issue3742", <button onClick$={() => counter.value++}>
			Increment
		</button>], 1, null);
});
export const Issue3742 = /*#__PURE__*/ componentQrl(q_Issue3742_component_svSy0PlWTAw);
== DIAGNOSTICS ==
[]
