---
source: crates/qwik-optimizer-oxc/tests/snapshot_tests.rs
expression: output
snapshot_kind: text
---
============================= test.js ==
import "./foo";
import { componentQrl } from "@qwik.dev/core";
import { serverQrl } from "@qwik.dev/core";
import { _noopQrl } from "@qwik.dev/core";
export const Works = componentQrl((props) => {
	const text = "hola";
	return _jsxSorted(_Fragment, null, null, [_jsxSorted("div", { onClick$: serverQrl(() => console.log("in server", text), "Works_component_div_div_onClick_server_lFRg0PjqeUM", [text]) }, null, null, 1, null), _jsxSorted("div", { "q-e:click": _noopQrl("Works_div_q_e_click_c4akzVPCPrQ") }, null, null, 1, null)], 1, null);
}, "Works_3wleYXX4dYQ");

============================= test.tsx_Works_div_q_e_click_c4akzVPCPrQ.js ==
export const Works_div_q_e_click_c4akzVPCPrQ = null;

/*
{
  "origin": "test.tsx",
  "name": "Works_div_q_e_click_c4akzVPCPrQ",
  "entry": "entry_segments",
  "displayName": "test.tsx_Works_div_q_e_click",
  "hash": "c4akzVPCPrQ",
  "canonicalFilename": "test.tsx_Works_div_q_e_click_c4akzVPCPrQ",
  "path": "",
  "extension": "js",
  "parent": "Works_3wleYXX4dYQ",
  "ctxKind": "eventHandler",
  "ctxName": "onClick$",
  "captures": false,
  "loc": [
    257,
    268
  ]
}
*/
== DIAGNOSTICS ==
[]
