---
source: crates/qwik-optimizer-oxc/tests/snapshot_tests.rs
expression: output
snapshot_kind: text
---
============================= test.js ==
import { componentQrl } from "@qwik.dev/core";
import { _noopQrl } from "@qwik.dev/core";
//
const q_Works_component_t45qL4vNGv0 = /*#__PURE__*/ _noopQrl("Works_component_t45qL4vNGv0");
//
q_Works_component_div_onClick_server_OsNoEFc5SM4.s(() => console.log("in server", text));
q_Works_component_t45qL4vNGv0.s((props) => {
	useStyle$(STYLES);
	const text = "hola";
	return <div onClick$={server$(() => console.log("in server", text))}></div>;
});
export const Works = componentQrl(q_Works_component_t45qL4vNGv0);
const STYLES = ".class {}";

== DIAGNOSTICS ==
[
  {
    "scope": "optimizer",
    "category": "error",
    "code": "C03",
    "file": "test.tsx",
    "message": "Qrl($) scope is not a function, but it's capturing local identifiers: STYLES"
  }
]
