---
source: crates/qwik-optimizer-oxc/tests/snapshot_tests.rs
expression: output
---
============================= test.js ==
import { inlinedQrl } from "@qwik.dev/core";
import { _jsxSorted } from "@qwik.dev/core";
import { Fragment } from "@qwik.dev/core";
import { component$, $ } from "@qwik.dev/core";
export const Greeter = componentQrl(() => {
	const value = useSignal(0);
	const checked = useSignal(false);
	const stuff = useSignal();
	return _jsxSorted(_Fragment, null, null, [
		<input bind:value={value} />,
		<input bind:checked={checked} />,
		<input bind:stuff={stuff} />,
		<div>{value}</div>,
		<div>{value.value}</div>
	], 1, null);
}, "s_u6BtPnK76q4");

== DIAGNOSTICS ==
[]
