---
source: crates/qwik-optimizer-oxc/tests/snapshot_tests.rs
expression: output
snapshot_kind: text
---
============================= test.tsx ==
import { qrl } from "@qwik.dev/core";
import { _jsxSorted } from "@qwik.dev/core";
import { component$, useStore, isDev, isServer as isServer2 } from "@qwik.dev/core";
import { isServer, isBrowser as isb } from "@qwik.dev/core/build";
import { mongodb } from "mondodb";
import { threejs } from "threejs";
import L from "leaflet";
export const functionThatNeedsWindow = () => {
	if (false) {
		console.log("l", L);
		console.log("hey");
		window.alert("hey");
	}
};
export const App = qrl(() => import("./test.tsx_App_Jlq9hNxnCvw"), "s_Jlq9hNxnCvw");

============================= test.tsx_App_Jlq9hNxnCvw.tsx (ENTRY POINT) ==
import { mongodb } from "mondodb";
import { threejs } from "threejs";
export const s_Jlq9hNxnCvw = () => {
	useMount$(() => {
		if (isServer) {
			console.log('server', mongodb());
		}
		if (isb) {
			console.log('browser', new threejs());
		}
	});
	return (
		<Cmp>
			{isServer2 && <p>server</p>}
			{isb && <p>server</p>}
		</Cmp>
	);
};
/*
{
  "origin": "test.tsx",
  "name": "s_Jlq9hNxnCvw",
  "entry": null,
  "displayName": "test.tsx_App",
  "hash": "Jlq9hNxnCvw",
  "canonicalFilename": "test.tsx_App_Jlq9hNxnCvw",
  "path": "",
  "extension": "tsx",
  "parent": null,
  "ctxKind": "function",
  "ctxName": "component$",
  "captures": false,
  "loc": [
    411,
    663
  ]
}
*/
== DIAGNOSTICS ==
[]
