---
source: crates/qwik-optimizer-oxc/tests/snapshot_tests.rs
expression: output
snapshot_kind: text
---
============================= test.js ==
import { componentQrl } from "@qwik.dev/core";
import { qrl } from "@qwik.dev/core";
//
const q_test_component_LUXeXe0DQrg = /*#__PURE__*/ qrl(()=>import("./test.tsx_test_component_LUXeXe0DQrg"), "test_component_LUXeXe0DQrg");
//
export default /*#__PURE__*/ componentQrl(q_test_component_LUXeXe0DQrg);

============================= test.tsx_test_component_div_q_e_keydown_0rh0T4g2Pt8.js (ENTRY POINT) ==
import { _captures } from "@qwik.dev/core";
export const test_component_div_q_e_keydown_0rh0T4g2Pt8 = () => {
	const double = _captures[0];
	const plusTwo = _captures[1];
	return console.log(plusTwo, double);
};

/*
{
  "origin": "test.tsx",
  "name": "test_component_div_q_e_keydown_0rh0T4g2Pt8",
  "entry": null,
  "displayName": "test.tsx_test_component_div_q_e_keydown",
  "hash": "0rh0T4g2Pt8",
  "canonicalFilename": "test.tsx_test_component_div_q_e_keydown_0rh0T4g2Pt8",
  "path": "",
  "extension": "js",
  "parent": "test_component_LUXeXe0DQrg",
  "ctxKind": "eventHandler",
  "ctxName": "onKeyDown$",
  "captures": true,
  "captureNames": [
    "double",
    "plusTwo"
  ],
  "loc": [
    391,
    425
  ]
}
*/
============================= test.tsx_test_component_LUXeXe0DQrg.js (ENTRY POINT) ==
import { useSignal } from "@qwik.dev/core";
export const test_component_LUXeXe0DQrg = () => {
  const arr = useSignal(['a', 'b']);
  return (
    <div>
      {arr.value.map((val, i) => {
        const plusOne = i + 1;
        const plusTwo = i + 2;
        const double = i * 2;
        return (
          <div
            onClick$={() => console.log(plusOne, double)}
            onKeyDown$={() => console.log(plusTwo, double)}
          >
            {val}
          </div>
        );
      })}
    </div>
  );
};
/*
{
  "origin": "test.tsx",
  "name": "test_component_LUXeXe0DQrg",
  "entry": null,
  "displayName": "test.tsx_test_component",
  "hash": "LUXeXe0DQrg",
  "canonicalFilename": "test.tsx_test_component_LUXeXe0DQrg",
  "path": "",
  "extension": "js",
  "parent": null,
  "ctxKind": "function",
  "ctxName": "component$",
  "captures": false,
  "loc": [
    73,
    513
  ]
}
*/
============================= test.tsx_test_component_div_q_e_click_omwK2O280Tk.js (ENTRY POINT) ==
import { _captures } from "@qwik.dev/core";
export const test_component_div_q_e_click_omwK2O280Tk = () => {
	const double = _captures[0];
	const plusOne = _captures[1];
	return console.log(plusOne, double);
};

/*
{
  "origin": "test.tsx",
  "name": "test_component_div_q_e_click_omwK2O280Tk",
  "entry": null,
  "displayName": "test.tsx_test_component_div_q_e_click",
  "hash": "omwK2O280Tk",
  "canonicalFilename": "test.tsx_test_component_div_q_e_click_omwK2O280Tk",
  "path": "",
  "extension": "js",
  "parent": "test_component_LUXeXe0DQrg",
  "ctxKind": "eventHandler",
  "ctxName": "onClick$",
  "captures": true,
  "captureNames": [
    "double",
    "plusOne"
  ],
  "loc": [
    331,
    365
  ]
}
*/
== DIAGNOSTICS ==
[]
