---
source: crates/qwik-optimizer-oxc/tests/snapshot_tests.rs
expression: output
snapshot_kind: text
---
============================= test.js ==
import { qrlDEV } from "@qwik.dev/core";
import { _jsxSorted } from "@qwik.dev/core";
import { component$ } from "@qwik.dev/core";
import { server$ } from "@qwik.dev/router";
import { clientSupabase } from "supabase";
import { Client } from "openai";
import { secret } from "./secret";
import { sideEffect } from "./secret";
(function() {
	console.log("run");
})();
(() => {
	console.log("run");
})();
sideEffect();
export const api = qrlDEV(() => import("./test.tsx_api_okf08xCeyUA"), "api_okf08xCeyUA");
export default qrlDEV(() => import("./test.tsx_test_5GvkoOCMrJc"), "test_5GvkoOCMrJc");

============================= test.tsx_test_5GvkoOCMrJc.js (ENTRY POINT) ==
import { api } from "./test";
export const test_5GvkoOCMrJc = () => {
	return (
		<button onClick$={() => await api()}></button>
	)
	};
/*
{
  "origin": "test.tsx",
  "name": "test_5GvkoOCMrJc",
  "entry": null,
  "displayName": "test.tsx_test",
  "hash": "5GvkoOCMrJc",
  "canonicalFilename": "test.tsx_test_5GvkoOCMrJc",
  "path": "",
  "extension": "js",
  "parent": null,
  "ctxKind": "function",
  "ctxName": "component$",
  "captures": false,
  "loc": [
    491,
    575
  ]
}
*/
============================= test.tsx_api_okf08xCeyUA.js (ENTRY POINT) ==
const dfd = new Client(secret);
const supabase = clientSupabase();
export const api_okf08xCeyUA = () => {
	supabase.from("ffg").do(dfd);
};

/*
{
  "origin": "test.tsx",
  "name": "api_okf08xCeyUA",
  "entry": null,
  "displayName": "test.tsx_api",
  "hash": "okf08xCeyUA",
  "canonicalFilename": "test.tsx_api_okf08xCeyUA",
  "path": "",
  "extension": "js",
  "parent": null,
  "ctxKind": "function",
  "ctxName": "server$",
  "captures": false,
  "loc": [
    424,
    473
  ]
}
*/
== DIAGNOSTICS ==
[
  {
    "scope": "optimizer",
    "category": "sourceError",
    "code": null,
    "file": "test.tsx",
    "message": "`await` is only allowed within async functions and at the top levels of modules"
  }
]
