---
source: crates/qwik-optimizer-oxc/tests/snapshot_tests.rs
assertion_line: 952
expression: output
---
============================= test.js ==
import { componentQrl } from "@qwik.dev/core";
import { qrl } from "@qwik.dev/core";
//
const q_test_component_LUXeXe0DQrg = /*#__PURE__*/ qrl(()=>import("./test.tsx_test_component_LUXeXe0DQrg"), "test_component_LUXeXe0DQrg");
//
export default componentQrl(q_test_component_LUXeXe0DQrg);
============================= test.tsx_test_component_LUXeXe0DQrg.js (ENTRY POINT) ==
export const test_component_LUXeXe0DQrg = () => {
  const loop: string[] = ['abcd', 'xyz'];
  return (
    <div>
      {loop.map((item, index) => {
        return <div onClick$={() => console.log(item)} onHover$={() => console.log(index)}>{item}</div>
      })}
    </div>
  );
};
/*
{
  "origin": "test.tsx",
  "name": "test_component_LUXeXe0DQrg",
  "entry": null,
  "displayName": "test.tsx_test_component",
  "hash": "LUXeXe0DQrg",
  "canonicalFilename": "test.tsx_test_component_LUXeXe0DQrg",
  "path": "",
  "extension": "js",
  "parent": null,
  "ctxKind": "function",
  "ctxName": "component$",
  "captures": false,
  "loc": [
    62,
    311
  ]
}
*/
== DIAGNOSTICS ==
[]
