---
source: crates/qwik-optimizer-oxc/tests/snapshot_tests.rs
expression: output
snapshot_kind: text
---
============================= src/routes/_repl/[id]/[[...slug]].js ==
import { componentQrl } from "@qwik.dev/core";
import { qrl } from "@qwik.dev/core";
//
const q_slug_component_0AM8HPnkNs4 = /*#__PURE__*/ qrl(()=>import("./[[...slug]].tsx_slug_component_0AM8HPnkNs4.js"), "slug_component_0AM8HPnkNs4");
//
export default /*#__PURE__*/ componentQrl(q_slug_component_0AM8HPnkNs4);

============================= src/routes/_repl/[id]/[[...slug]].tsx_slug_component_0AM8HPnkNs4.js ==
import { sibling } from "./sibling";
export const slug_component_0AM8HPnkNs4 = () => {
	return (
		<div onClick$={() => console.log(mongodb, sibling)}>
		</div>
	);
};
/*
{
  "origin": "src/routes/_repl/[id]/[[...slug]].tsx",
  "name": "slug_component_0AM8HPnkNs4",
  "entry": "src/routes/_repl/[id]/[[...slug]].tsx_entry_[[...slug]]",
  "displayName": "[[...slug]].tsx_slug_component",
  "hash": "0AM8HPnkNs4",
  "canonicalFilename": "[[...slug]].tsx_slug_component_0AM8HPnkNs4",
  "path": "src/routes/_repl/[id]",
  "extension": "js",
  "parent": null,
  "ctxKind": "function",
  "ctxName": "component$",
  "captures": false,
  "loc": [
    99,
    198
  ]
}
*/
============================= src/routes/_repl/[id]/[[...slug]].tsx_slug_component_div_q_e_click_bCwVPYSTQ0w.js (ENTRY POINT) ==
import { sibling } from "./sibling";
export const slug_component_div_q_e_click_bCwVPYSTQ0w = () => console.log(mongodb, sibling);

/*
{
  "origin": "src/routes/_repl/[id]/[[...slug]].tsx",
  "name": "slug_component_div_q_e_click_bCwVPYSTQ0w",
  "entry": null,
  "displayName": "[[...slug]].tsx_slug_component_div_q_e_click",
  "hash": "bCwVPYSTQ0w",
  "canonicalFilename": "[[...slug]].tsx_slug_component_div_q_e_click_bCwVPYSTQ0w",
  "path": "src/routes/_repl/[id]",
  "extension": "js",
  "parent": "slug_component_0AM8HPnkNs4",
  "ctxKind": "eventHandler",
  "ctxName": "onClick$",
  "captures": false,
  "loc": [
    145,
    180
  ]
}
*/
== DIAGNOSTICS ==
[]
