---
source: crates/qwik-optimizer-oxc/tests/snapshot_tests.rs
expression: output
snapshot_kind: text
---
============================= test.tsx ==
import { qrl } from "@qwik.dev/core";
import { $, component$ } from "@qwik.dev/core";
export const sym1 = qrl(() => import("./test.tsx_sym1_aXUrPXX5Lak"), "sym1_aXUrPXX5Lak");

============================= test.tsx_sym1_aXUrPXX5Lak.tsx (ENTRY POINT) ==
export const sym1_aXUrPXX5Lak = (ctx) => console.log("1");

/*
{
  "origin": "test.tsx",
  "name": "sym1_aXUrPXX5Lak",
  "entry": null,
  "displayName": "test.tsx_sym1",
  "hash": "aXUrPXX5Lak",
  "canonicalFilename": "test.tsx_sym1_aXUrPXX5Lak",
  "path": "",
  "extension": "tsx",
  "parent": null,
  "ctxKind": "function",
  "ctxName": "$",
  "captures": false,
  "loc": [
    69,
    97
  ],
  "paramNames": [
    "ctx"
  ]
}
*/
== DIAGNOSTICS ==
[]
