---
source: crates/qwik-optimizer-oxc/tests/snapshot_tests.rs
expression: output
snapshot_kind: text
---
============================= test.js ==
import { qrl } from "@qwik.dev/core";
import { formAction$ } from "forms";
export const action = qrl(() => import("./test.tsx_action_Qmp8dwHIKyo"), "action_Qmp8dwHIKyo");

============================= test.tsx_action_Qmp8dwHIKyo.js (ENTRY POINT) ==
const x = "module-level";
export const action_Qmp8dwHIKyo = (data) => {
	label: {
		const x = "shadowed";
		break label;
	}
	return {};
};

/*
{
  "origin": "test.tsx",
  "name": "action_Qmp8dwHIKyo",
  "entry": null,
  "displayName": "test.tsx_action",
  "hash": "Qmp8dwHIKyo",
  "canonicalFilename": "test.tsx_action_Qmp8dwHIKyo",
  "path": "",
  "extension": "js",
  "parent": null,
  "ctxKind": "function",
  "ctxName": "formAction$",
  "captures": false,
  "loc": [
    86,
    183
  ],
  "paramNames": [
    "data"
  ]
}
*/
== DIAGNOSTICS ==
[]
