---
source: crates/qwik-optimizer-oxc/tests/snapshot_tests.rs
expression: output
snapshot_kind: text
---
============================= test.js ==
import { authQrl } from "@auth/qwik";
import { serverAuthQrl } from "@auth/qwik";
import { qrl } from "@qwik.dev/core";
//
const q_serverAuth_qVqpX2a0p9Y = /*#__PURE__*/ qrl(()=>import("./test.tsx_serverAuth_qVqpX2a0p9Y"), "serverAuth_qVqpX2a0p9Y");
const q_auth_GU0aY5QCETY = /*#__PURE__*/ qrl(()=>import("./test.tsx_auth_GU0aY5QCETY"), "auth_GU0aY5QCETY");
//
export const { onRequest, logout, getSession, signup } = serverAuthQrl(q_serverAuth_qVqpX2a0p9Y);
export const { onRequest, logout, getSession, signup } = authQrl(q_auth_GU0aY5QCETY);

============================= test.tsx_auth_GU0aY5QCETY.js (ENTRY POINT) ==
import { default as Facebook } from "next-auth/providers/facebook";
export const auth_GU0aY5QCETY = { providers: [
	GitHub({
		clientId: process.env.GITHUB_ID,
		clientSecret: process.env.GITHUB_SECRET
	}),
	Facebook({
		clientId: process.env.FACEBOOK_ID,
		clientSecret: process.env.FACEBOOK_SECRET
	}),
	Google({
		clientId: process.env.GOOGLE_ID,
		clientSecret: process.env.GOOGLE_SECRET
	})
] };

/*
{
  "origin": "test.tsx",
  "name": "auth_GU0aY5QCETY",
  "entry": null,
  "displayName": "test.tsx_auth",
  "hash": "GU0aY5QCETY",
  "canonicalFilename": "test.tsx_auth_GU0aY5QCETY",
  "path": "",
  "extension": "js",
  "parent": null,
  "ctxKind": "function",
  "ctxName": "auth$",
  "captures": false,
  "loc": [
    637,
    945
  ]
}
*/
============================= test.tsx_serverAuth_qVqpX2a0p9Y.js (ENTRY POINT) ==
import { default as Facebook } from "next-auth/providers/facebook";
export const serverAuth_qVqpX2a0p9Y = { providers: [
	GitHub({
		clientId: process.env.GITHUB_ID,
		clientSecret: process.env.GITHUB_SECRET
	}),
	Facebook({
		clientId: import.meta.env.FACEBOOK_ID,
		clientSecret: import.meta.env.FACEBOOK_SECRET
	}),
	Google({
		clientId: process.env.GOOGLE_ID,
		clientSecret: process.env.GOOGLE_SECRET
	})
] };

/*
{
  "origin": "test.tsx",
  "name": "serverAuth_qVqpX2a0p9Y",
  "entry": null,
  "displayName": "test.tsx_serverAuth",
  "hash": "qVqpX2a0p9Y",
  "canonicalFilename": "test.tsx_serverAuth_qVqpX2a0p9Y",
  "path": "",
  "extension": "js",
  "parent": null,
  "ctxKind": "function",
  "ctxName": "serverAuth$",
  "captures": false,
  "loc": [
    255,
    577
  ]
}
*/
== DIAGNOSTICS ==
[]
