---
source: crates/qwik-optimizer-oxc/tests/snapshot_tests.rs
expression: output
snapshot_kind: text
---
============================= test.tsx ==
import { _noopQrl } from "@qwik.dev/core";
import { componentQrl } from "@qwik.dev/core";
import { useStore } from '@qwik.dev/core';
import { thing } from './sibling';
import mongodb from "mongodb";
//
const q_Child_component_9GyF01GDKqw = /*#__PURE__*/ _noopQrl("Child_component_9GyF01GDKqw");
//
q_Child_component_useBrowserVisibleTask_0IGFPOyJmQA.s(()=>{
    state.count = thing.doStuff() + import("./sibling");
});
q_Child_component_div_q_e_click_cROa4sult1s.s(()=>console.log(mongodb));
q_Child_component_9GyF01GDKqw.s(()=>{
    useStyles$("somestring");
    const state = useStore({ count: 0 });
    useBrowserVisibleTask$(()=>{
        state.count = thing.doStuff() + import("./sibling");
    });
    return <div onClick$={()=>console.log(mongodb)}>
		</div>;
});
export const Child = /*#__PURE__*/ componentQrl(q_Child_component_9GyF01GDKqw);

== DIAGNOSTICS ==
[]
