---
source: crates/qwik-optimizer-oxc/tests/snapshot_tests.rs
expression: output
snapshot_kind: text
---
============================= test.js ==
import { componentQrl } from "@qwik.dev/core";
import { serverQrl } from "@qwik.dev/core";
export const Works = componentQrl((props) => {
	const text = "hola";
	return _jsxSorted("div", { onClick$: serverQrl(() => console.log("in server", text), "Works_component_div_div_onClick_server_lFRg0PjqeUM", [text]) }, null, null, 1, null);
}, "Works_3wleYXX4dYQ");

== DIAGNOSTICS ==
[]
