---
source: crates/qwik-optimizer-oxc/tests/snapshot_tests.rs
expression: output
snapshot_kind: text
---
============================= test.js ==
import { qrl } from "@qwik.dev/core";
import { _jsxSorted } from "@qwik.dev/core";
import { component$, useSignal, Signal } from "@qwik.dev/core";
const q_Foo_component_HTDRsvUbLiE = /*#__PURE__*/ qrl(() => import("./test.tsx_Foo_component_HTDRsvUbLiE"), "Foo_component_HTDRsvUbLiE");
const Foo = /*#__PURE__*/ componentQrl(q_Foo_component_HTDRsvUbLiE);

============================= test.tsx_Foo_component_HTDRsvUbLiE.js (ENTRY POINT) ==
import { Signal } from "@qwik.dev/core";
import { useSignal } from "@qwik.dev/core";
export const Foo_component_HTDRsvUbLiE = function() {
  const data = useSignal<Signal<any>[]>([]);
  return <div>
	{data.value.map(row => (
	  <div onClick$={() => console.log(row.value.id)} onMouseOver$={() => console.log('over' + row.value.id)}>
		<p onClick$={() => console.log('inner' + row.value.id)}>{item.value.id}</p>
	  </div>
	))}
  </div>;
};
/*
{
  "origin": "test.tsx",
  "name": "Foo_component_HTDRsvUbLiE",
  "entry": null,
  "displayName": "test.tsx_Foo_component",
  "hash": "HTDRsvUbLiE",
  "canonicalFilename": "test.tsx_Foo_component_HTDRsvUbLiE",
  "path": "",
  "extension": "js",
  "parent": null,
  "ctxKind": "function",
  "ctxName": "component$",
  "captures": false,
  "loc": [
    77,
    400
  ]
}
*/
== DIAGNOSTICS ==
[]
