---
source: crates/qwik-optimizer-oxc/tests/snapshot_tests.rs
expression: output
---
============================= test.js ==
import { _noopQrl } from "@qwik.dev/core";
import { _jsxSorted } from "@qwik.dev/core";
import { Fragment } from "@qwik.dev/core";
import { component$, useStore, Slot, Fragment } from "@qwik.dev/core";
import Image from "./image.jpg?jsx";
const q__u6BtPnK76q4 = /* @__PURE__ */ _noopQrl("_u6BtPnK76q4");
const q__1_iZVV0eoW44k = /* @__PURE__ */ _noopQrl("_1_iZVV0eoW44k");
const q__2_sSArpd0iSRk = /* @__PURE__ */ _noopQrl("_2_sSArpd0iSRk");
const q__3_OyZ0gk5pkcU = /* @__PURE__ */ _noopQrl("_3_OyZ0gk5pkcU");
const q__4_Gairpaqi1qc = /* @__PURE__ */ _noopQrl("_4_Gairpaqi1qc");
q__u6BtPnK76q4.s((props: Stuff) => {
	return <>
			<div>{prop < 2 ? <p>1</p> : <Stuff>2</Stuff>}</div>
		</>;
});
q__1_iZVV0eoW44k.s((props: Stuff) => {
	return <div>{prop.value && <Stuff></Stuff>}<div></div></div>;
});
q__2_sSArpd0iSRk.s((props: Stuff) => {
	if (prop.value) { return <Stuff></Stuff>; }
	return <div></div>;
});
q__3_OyZ0gk5pkcU.s((props: Stuff) => {
	if (prop.value) { return <div></div>; }
	return <Stuff></Stuff>;
});
q__4_Gairpaqi1qc.s((props: Stuff) => {
	return <>
			<div>Static {f ? 1 : 3}</div>
			<div>{prop < 2 ? <p>1</p> : <p>2</p>}</div>

			<div>{prop.value && <div></div>}</div>
			<div>{prop.value && <Fragment><Slot></Slot></Fragment>}</div>
			<div>{prop.value && <><div></div></>}</div>
			<div>{prop.value && <Image />}</div>
			<div>Static {f ? 1 : 3}</div>
			<div>Static</div>
			<div>Static {props.value}</div>
			<div>Static {stuff()}</div>
			<div>Static {stuff()}</div>
		</>;
});
export function Fn1(props: Stuff) {
	return _jsxSorted(_Fragment, null, null, <div>{prop < 2 ? _jsxSorted("p", null, null, "1", 1, "0") : _jsxSorted(Stuff, null, null, "2", 1, "1")}</div>, 1, "2");
}
export function Fn2(props: Stuff) { return _jsxSorted("div", null, null, [prop.value && _jsxSorted(Stuff, null, null, null, 1, "3"), <div></div>], 1, "4"); }
export function Fn3(props: Stuff) {
	if (prop.value) { return _jsxSorted(Stuff, null, null, null, 1, "5"); }
	return _jsxSorted("div", null, null, null, 1, "6");
}
export function Fn4(props: Stuff) {
	if (prop.value) { return _jsxSorted("div", null, null, null, 1, "7"); }
	return _jsxSorted(Stuff, null, null, null, 1, "8");
}
export const Arrow = (props: Stuff) => _jsxSorted("div", null, null, prop < 2 ? _jsxSorted("p", null, null, "1", 1, "9") : _jsxSorted(Stuff, null, null, "2", 1, "10"), 1, "11");
export const AppDynamic1 = componentQrl(q__u6BtPnK76q4);
export const AppDynamic2 = componentQrl(q__1_iZVV0eoW44k);
export const AppDynamic3 = componentQrl(q__2_sSArpd0iSRk);
export const AppDynamic4 = componentQrl(q__3_OyZ0gk5pkcU);
export const AppStatic = componentQrl(q__4_Gairpaqi1qc);
== DIAGNOSTICS ==
[]
