---
source: crates/qwik-optimizer-oxc/tests/snapshot_tests.rs
expression: output
snapshot_kind: text
---
============================= test.tsx ==
import { componentQrl } from "@qwik.dev/core";
import { qrl } from "@qwik.dev/core";
//
const q_Foo_component_HTDRsvUbLiE = /*#__PURE__*/ qrl(()=>import("./test.tsx_Foo_component_HTDRsvUbLiE"), "Foo_component_HTDRsvUbLiE");
//
export const Foo = /*#__PURE__*/ componentQrl(q_Foo_component_HTDRsvUbLiE, { tagName: "my-foo" });

============================= test.tsx_Foo_component_HTDRsvUbLiE.tsx (ENTRY POINT) ==
import { useStyles$ } from "@qwik.dev/core";
export const Foo_component_HTDRsvUbLiE = () => {
	useStyles$('.class {}');
	return (
		<div class="class"/>
	);
};
/*
{
  "origin": "test.tsx",
  "name": "Foo_component_HTDRsvUbLiE",
  "entry": null,
  "displayName": "test.tsx_Foo_component",
  "hash": "HTDRsvUbLiE",
  "canonicalFilename": "test.tsx_Foo_component_HTDRsvUbLiE",
  "path": "",
  "extension": "tsx",
  "parent": null,
  "ctxKind": "function",
  "ctxName": "component$",
  "captures": false,
  "loc": [
    92,
    164
  ]
}
*/
============================= test.tsx_Foo_component_useStyles_pV9TSCBIhw8.tsx (ENTRY POINT) ==
export const Foo_component_useStyles_pV9TSCBIhw8 = ".class {}";

/*
{
  "origin": "test.tsx",
  "name": "Foo_component_useStyles_pV9TSCBIhw8",
  "entry": null,
  "displayName": "test.tsx_Foo_component_useStyles",
  "hash": "pV9TSCBIhw8",
  "canonicalFilename": "test.tsx_Foo_component_useStyles_pV9TSCBIhw8",
  "path": "",
  "extension": "tsx",
  "parent": "Foo_component_HTDRsvUbLiE",
  "ctxKind": "function",
  "ctxName": "useStyles$",
  "captures": false,
  "loc": [
    112,
    123
  ]
}
*/
== DIAGNOSTICS ==
[]
