---
source: crates/qwik-optimizer-oxc/tests/snapshot_tests.rs
expression: output
snapshot_kind: text
---
============================= test.js ==
import { qrl } from "@qwik.dev/core";
import { formAction$ } from "forms";
const q_action_formAction_dIQV5vh1He4 = /*#__PURE__*/ qrl(() => import("./test.tsx_action_formAction_dIQV5vh1He4"), "action_formAction_dIQV5vh1He4");
export const action = formActionQrl(q_action_formAction_dIQV5vh1He4);

============================= test.tsx_action_formAction_dIQV5vh1He4.js (ENTRY POINT) ==
const x = "module-level";
export const action_formAction_dIQV5vh1He4 = (data) => {
	switch (data.kind) {
		case "a": {
			const x = "shadowed-in-block";
			return x;
		}
		case "b": {
			const x = "shadowed-in-case";
			return x;
		}
	}
	return x;
};

/*
{
  "origin": "test.tsx",
  "name": "action_formAction_dIQV5vh1He4",
  "entry": null,
  "displayName": "test.tsx_action_formAction",
  "hash": "dIQV5vh1He4",
  "canonicalFilename": "test.tsx_action_formAction_dIQV5vh1He4",
  "path": "",
  "extension": "js",
  "parent": null,
  "ctxKind": "function",
  "ctxName": "formAction$",
  "captures": false,
  "loc": [
    86,
    300
  ],
  "paramNames": [
    "data"
  ]
}
*/
== DIAGNOSTICS ==
[]
