---
source: crates/qwik-optimizer-oxc/tests/snapshot_tests.rs
expression: output
snapshot_kind: text
---
============================= test.js ==
import { qrl } from "@qwik.dev/core";
import { component$, useTask$ } from "@qwik.dev/core";
export default qrl<any>(() => import("./test.tsx_test_5GvkoOCMrJc"), "test_5GvkoOCMrJc");

============================= test.tsx_test_5GvkoOCMrJc.js (ENTRY POINT) ==
import { _restProps } from "@qwik.dev/core";
import { useTask$ } from "@qwik.dev/core";
export const test_5GvkoOCMrJc = ({ ...props }) => {
	useTask$(() => {
		props.checked;
	});
	return "hi";
};

/*
{
  "origin": "test.tsx",
  "name": "test_5GvkoOCMrJc",
  "entry": null,
  "displayName": "test.tsx_test",
  "hash": "5GvkoOCMrJc",
  "canonicalFilename": "test.tsx_test_5GvkoOCMrJc",
  "path": "",
  "extension": "js",
  "parent": null,
  "ctxKind": "function",
  "ctxName": "component$",
  "captures": false,
  "loc": [
    75,
    171
  ],
  "paramNames": [
    "_rawProps"
  ]
}
*/
============================= test.tsx_test_component_LUXeXe0DQrg.js (ENTRY POINT) ==
import { _captures } from "@qwik.dev/core";
export const test_component_LUXeXe0DQrg = () => {
	const props = _captures[0];
	props.checked;
};

/*
{
  "origin": "test.tsx",
  "name": "test_component_LUXeXe0DQrg",
  "entry": null,
  "displayName": "test.tsx_test_component",
  "hash": "LUXeXe0DQrg",
  "canonicalFilename": "test.tsx_test_component_LUXeXe0DQrg",
  "path": "",
  "extension": "js",
  "parent": "test_5GvkoOCMrJc",
  "ctxKind": "function",
  "ctxName": "useTask$",
  "captures": true,
  "captureNames": [
    "props"
  ],
  "loc": [
    113,
    151
  ]
}
*/
== DIAGNOSTICS ==
[]
