---
source: crates/qwik-optimizer-oxc/tests/snapshot_tests.rs
expression: output
snapshot_kind: text
---
============================= test.js ==
import { componentQrl } from "@qwik.dev/core";
import { qrl } from "@qwik.dev/core";
//
const q_Foo_component_HTDRsvUbLiE = /*#__PURE__*/ qrl(()=>import("./test.tsx_Foo_component_HTDRsvUbLiE"), "Foo_component_HTDRsvUbLiE");
//
/*#__PURE__*/ componentQrl(q_Foo_component_HTDRsvUbLiE);

============================= test.tsx_Foo_component_HTDRsvUbLiE.js (ENTRY POINT) ==
import { Signal } from "@qwik.dev/core";
import { useSignal } from "@qwik.dev/core";
export const Foo_component_HTDRsvUbLiE = function() {
  const data = useSignal<Signal<any>[]>([]);
  const data2 = useSignal<Signal<any>[]>([]);
  return <div>
	{data.value.map(row => (
	  <div onClick$={() => console.log(row.value.id)}>
		{data2.value.map(item => (
		  <p onClick$={() => console.log(row.value.id, item.value.id)}>{row.value.id}-{item.value.id}</p>
		))}
	  </div>
	))}
  </div>;
};
/*
{
  "origin": "test.tsx",
  "name": "Foo_component_HTDRsvUbLiE",
  "entry": null,
  "displayName": "test.tsx_Foo_component",
  "hash": "HTDRsvUbLiE",
  "canonicalFilename": "test.tsx_Foo_component_HTDRsvUbLiE",
  "path": "",
  "extension": "js",
  "parent": null,
  "ctxKind": "function",
  "ctxName": "component$",
  "captures": false,
  "loc": [
    88,
    446
  ]
}
*/
============================= test.tsx_Foo_component_div_div_p_q_e_click_PjMbeUzoAMk.js (ENTRY POINT) ==
import { _captures } from "@qwik.dev/core";
export const Foo_component_div_div_p_q_e_click_PjMbeUzoAMk = ()=>{
    const item = _captures[0];
    const row = _captures[1];
    return console.log(row.value.id, item.value.id);
};

/*
{
  "origin": "test.tsx",
  "name": "Foo_component_div_div_p_q_e_click_PjMbeUzoAMk",
  "entry": null,
  "displayName": "test.tsx_Foo_component_div_div_p_q_e_click",
  "hash": "PjMbeUzoAMk",
  "canonicalFilename": "test.tsx_Foo_component_div_div_p_q_e_click_PjMbeUzoAMk",
  "path": "",
  "extension": "js",
  "parent": "Foo_component_HTDRsvUbLiE",
  "ctxKind": "eventHandler",
  "ctxName": "onClick$",
  "captures": true,
  "captureNames": [
    "item",
    "row"
  ],
  "loc": [
    331,
    377
  ]
}
*/
============================= test.tsx_Foo_component_div_div_q_e_click_vKrX4PmH2aM.js (ENTRY POINT) ==
import { _captures } from "@qwik.dev/core";
export const Foo_component_div_div_q_e_click_vKrX4PmH2aM = ()=>{
    const row = _captures[0];
    return console.log(row.value.id);
};

/*
{
  "origin": "test.tsx",
  "name": "Foo_component_div_div_q_e_click_vKrX4PmH2aM",
  "entry": null,
  "displayName": "test.tsx_Foo_component_div_div_q_e_click",
  "hash": "vKrX4PmH2aM",
  "canonicalFilename": "test.tsx_Foo_component_div_div_q_e_click_vKrX4PmH2aM",
  "path": "",
  "extension": "js",
  "parent": "Foo_component_HTDRsvUbLiE",
  "ctxKind": "eventHandler",
  "ctxName": "onClick$",
  "captures": true,
  "captureNames": [
    "row"
  ],
  "loc": [
    251,
    282
  ]
}
*/
== DIAGNOSTICS ==
[]
