---
source: crates/qwik-optimizer-oxc/tests/snapshot_tests.rs
expression: output
snapshot_kind: text
---
============================= test.js ==
import { componentQrl } from "@qwik.dev/core";
import { qrl } from "@qwik.dev/core";
//
const q_test_component_LUXeXe0DQrg = /*#__PURE__*/ qrl(()=>import("./test.tsx_test_component_LUXeXe0DQrg"), "test_component_LUXeXe0DQrg");
//
// the count results in _fnSignal because of the rename
// would be nice to consider it a prop too
export default qrl(() => import("./test.tsx_test_component_LUXeXe0DQrg"), "test_component_LUXeXe0DQrg");

============================= test.tsx_test_component_LUXeXe0DQrg.js (ENTRY POINT) ==
import { _restProps } from "@qwik.dev/core";
export const test_component_LUXeXe0DQrg = ({ message, id, count: c, ...rest }: Record<string, any>) => {
			const _ref = {};
			_ref.renders = useStore({ _ref.renders: 0 }, { reactive: false });
			const { renders } = _ref;
			renders.renders++;
			const rerenders = renders.renders + 0;
			return (
				<div id={id}>
					<span {...rest}>
					{message} {c}
					</span>
					<div class="renders">{rerenders}</div>
				</div>
			);
		};
/*
{
  "origin": "test.tsx",
  "name": "test_component_LUXeXe0DQrg",
  "entry": null,
  "displayName": "test.tsx_test_component",
  "hash": "LUXeXe0DQrg",
  "canonicalFilename": "test.tsx_test_component_LUXeXe0DQrg",
  "path": "",
  "extension": "js",
  "parent": null,
  "ctxKind": "function",
  "ctxName": "component$",
  "captures": false,
  "loc": [
    169,
    525
  ],
  "paramNames": [
    "_rawProps"
  ]
}
*/
== DIAGNOSTICS ==
[]
