---
source: crates/qwik-optimizer-oxc/tests/snapshot_tests.rs
expression: output
snapshot_kind: text
---
============================= test.js ==
import { qrl } from "@qwik.dev/core";
import { _jsxSorted } from "@qwik.dev/core";
import { component$, useTask$, useStore, useStyles$ } from "@qwik.dev/core";
import mongo from "mongodb";
import redis from "redis";
export const Parent = qrl(() => import("./test.tsx_Parent_UhsrANEJoQg"), "Parent_UhsrANEJoQg");
export const Child = qrl(() => import("./test.tsx_Child_7e7u5mtQ0PI"), "Child_7e7u5mtQ0PI");

============================= test.tsx_Parent_component_0TaiDayHrlo.js ==
import { _captures } from "@qwik.dev/core";
import { default as mongo } from "mongodb";
export const Parent_component_0TaiDayHrlo = async () => {
	const state = _captures[0];
	state.text = await mongo.users();
	redis.set(state.text);
};

/*
{
  "origin": "test.tsx",
  "name": "Parent_component_0TaiDayHrlo",
  "entry": "test.tsx_entry_Parent",
  "displayName": "test.tsx_Parent_component",
  "hash": "0TaiDayHrlo",
  "canonicalFilename": "test.tsx_Parent_component_0TaiDayHrlo",
  "path": "",
  "extension": "js",
  "parent": "Parent_UhsrANEJoQg",
  "ctxKind": "function",
  "ctxName": "useTask$",
  "captures": true,
  "captureNames": [
    "state"
  ],
  "loc": [
    243,
    330
  ]
}
*/
============================= test.tsx_Child_7e7u5mtQ0PI.js ==
import { default as mongo } from "mongodb";
import { useStore } from "@qwik.dev/core";
import { useTask$ } from "@qwik.dev/core";
export const Child_7e7u5mtQ0PI = () => {
	const state = useStore({
		text: ''
	});

	// Double count watch
	useTask$(async () => {
		state.text = await mongo.users();
	});

	return (
		<div onClick$={() => console.log('child')}>
			{state.text}
		</div>
	);
};
/*
{
  "origin": "test.tsx",
  "name": "Child_7e7u5mtQ0PI",
  "entry": "test.tsx_entry_Child",
  "displayName": "test.tsx_Child",
  "hash": "7e7u5mtQ0PI",
  "canonicalFilename": "test.tsx_Child_7e7u5mtQ0PI",
  "path": "",
  "extension": "js",
  "parent": null,
  "ctxKind": "function",
  "ctxName": "component$",
  "captures": false,
  "loc": [
    445,
    683
  ]
}
*/
============================= test.tsx_Child_component_9GyF01GDKqw.js ==
import { _captures } from "@qwik.dev/core";
import { default as mongo } from "mongodb";
export const Child_component_9GyF01GDKqw = async () => {
	const state = _captures[0];
	state.text = await mongo.users();
};

/*
{
  "origin": "test.tsx",
  "name": "Child_component_9GyF01GDKqw",
  "entry": "test.tsx_entry_Child",
  "displayName": "test.tsx_Child_component",
  "hash": "9GyF01GDKqw",
  "canonicalFilename": "test.tsx_Child_component_9GyF01GDKqw",
  "path": "",
  "extension": "js",
  "parent": "Child_7e7u5mtQ0PI",
  "ctxKind": "function",
  "ctxName": "useTask$",
  "captures": true,
  "captureNames": [
    "state"
  ],
  "loc": [
    531,
    593
  ]
}
*/
============================= test.tsx_Parent_UhsrANEJoQg.js ==
import { default as mongo } from "mongodb";
import { useStore } from "@qwik.dev/core";
import { useTask$ } from "@qwik.dev/core";
export const Parent_UhsrANEJoQg = () => {
	const state = useStore({
		text: ''
	});

	// Double count watch
	useTask$(async () => {
		state.text = await mongo.users();
		redis.set(state.text);
	});

	return (
		<div onClick$={() => console.log('parent')}>
			{state.text}
		</div>
	);
};
/*
{
  "origin": "test.tsx",
  "name": "Parent_UhsrANEJoQg",
  "entry": "test.tsx_entry_Parent",
  "displayName": "test.tsx_Parent",
  "hash": "UhsrANEJoQg",
  "canonicalFilename": "test.tsx_Parent_UhsrANEJoQg",
  "path": "",
  "extension": "js",
  "parent": null,
  "ctxKind": "function",
  "ctxName": "component$",
  "captures": false,
  "loc": [
    157,
    421
  ]
}
*/
== DIAGNOSTICS ==
[]
