---
source: crates/qwik-optimizer-oxc/tests/snapshot_tests.rs
expression: output
snapshot_kind: text
---
============================= test.tsx ==
import { qrl } from "@qwik.dev/core";
import { component } from '@qwik.dev/core';
//
const q_renderHeader1_jMxQsjbyDss = /*#__PURE__*/ qrl(()=>import("./test.tsx_renderHeader1_jMxQsjbyDss"), "renderHeader1_jMxQsjbyDss");
const q_renderHeader2_component_Ay6ibkfFYsw = /*#__PURE__*/ qrl(()=>import("./test.tsx_renderHeader2_component_Ay6ibkfFYsw"), "renderHeader2_component_Ay6ibkfFYsw");
//
export const renderHeader1 = q_renderHeader1_jMxQsjbyDss;
component(q_renderHeader2_component_Ay6ibkfFYsw);

============================= test.tsx_renderHeader1_div_div_onClick_4G8036HZRPA.tsx (ENTRY POINT) ==
export const renderHeader1_div_div_onClick_4G8036HZRPA = (ctx) => console.log(ctx);

/*
{
  "origin": "test.tsx",
  "name": "renderHeader1_div_div_onClick_4G8036HZRPA",
  "entry": null,
  "displayName": "test.tsx_renderHeader1_div_div_onClick",
  "hash": "4G8036HZRPA",
  "canonicalFilename": "test.tsx_renderHeader1_div_div_onClick_4G8036HZRPA",
  "path": "",
  "extension": "tsx",
  "parent": "renderHeader1_jMxQsjbyDss",
  "ctxKind": "function",
  "ctxName": "$",
  "captures": false,
  "loc": [
    126,
    151
  ],
  "paramNames": [
    "ctx"
  ]
}
*/
============================= test.tsx_renderHeader2_component_Ay6ibkfFYsw.tsx (ENTRY POINT) ==
export const renderHeader2_component_Ay6ibkfFYsw = () => {
    console.log("mount");
    return render;
};

/*
{
  "origin": "test.tsx",
  "name": "renderHeader2_component_Ay6ibkfFYsw",
  "entry": null,
  "displayName": "test.tsx_renderHeader2_component",
  "hash": "Ay6ibkfFYsw",
  "canonicalFilename": "test.tsx_renderHeader2_component_Ay6ibkfFYsw",
  "path": "",
  "extension": "tsx",
  "parent": null,
  "ctxKind": "function",
  "ctxName": "$",
  "captures": false,
  "loc": [
    198,
    246
  ]
}
*/
============================= test.tsx_renderHeader1_jMxQsjbyDss.tsx (ENTRY POINT) ==
import { $ } from "@qwik.dev/core";
export const renderHeader1_jMxQsjbyDss = () => {
	return (
		<div onClick={$((ctx) => console.log(ctx))}/>
	);
};
/*
{
  "origin": "test.tsx",
  "name": "renderHeader1_jMxQsjbyDss",
  "entry": null,
  "displayName": "test.tsx_renderHeader1",
  "hash": "jMxQsjbyDss",
  "canonicalFilename": "test.tsx_renderHeader1_jMxQsjbyDss",
  "path": "",
  "extension": "tsx",
  "parent": null,
  "ctxKind": "function",
  "ctxName": "$",
  "captures": false,
  "loc": [
    90,
    161
  ]
}
*/
== DIAGNOSTICS ==
[]
