---
source: crates/qwik-optimizer-oxc/tests/snapshot_tests.rs
assertion_line: 855
expression: output
---
============================= test.js ==
import { componentQrl } from "@qwik.dev/core";
import { _noopQrl } from "@qwik.dev/core";
import { useStore } from "@qwik.dev/core";
import { dep } from "./file";
//
const q_App_component_ckEPmXZlub0 = /*#__PURE__*/ _noopQrl("App_component_ckEPmXZlub0");
//
q_App_component_ckEPmXZlub0.s(() => {
	const signal = useSignal(0);
	const store = useStore({});
	return <>
			<ul id="issue-2800-result">
				{Object.entries(store).map(([key, value]) => <li>
					{key} - {value}
				</li>)}
			</ul>
		</>;
});
export const App = componentQrl(q_App_component_ckEPmXZlub0);

== DIAGNOSTICS ==
[]
