---
source: crates/qwik-optimizer-oxc/tests/snapshot_tests.rs
expression: output
snapshot_kind: text
---
============================= test.js ==
import { qrl } from "@qwik.dev/core";
import { isServer } from '@qwik.dev/core';
//
/*#__PURE__*/ qrl(()=>import("./test.tsx_useHook_fn_kScGJcREaTg"), "useHook_fn_kScGJcREaTg");
//
const state = {
	counter: 0,
	id: Math.random().toString(36).slice(2, 8)
};
console.log("Module init, id:", state.id);
export function doSomething() {
	if (!isServer) {
		state.counter++;
	}
}
export function useHook() {
	const fn = q_useHook_fn_kScGJcREaTg;
	return fn;
}

============================= test.tsx_useHook_fn_kScGJcREaTg.js (ENTRY POINT) ==
export const useHook_fn_kScGJcREaTg = () => {
	state.counter++;
	console.log(state.id);
};

/*
{
  "origin": "test.tsx",
  "name": "useHook_fn_kScGJcREaTg",
  "entry": null,
  "displayName": "test.tsx_useHook_fn",
  "hash": "kScGJcREaTg",
  "canonicalFilename": "test.tsx_useHook_fn_kScGJcREaTg",
  "path": "",
  "extension": "js",
  "parent": null,
  "ctxKind": "function",
  "ctxName": "$",
  "captures": false,
  "loc": [
    292,
    354
  ]
}
*/
== DIAGNOSTICS ==
[]
