---
source: crates/qwik-optimizer-oxc/tests/snapshot_tests.rs
expression: output
snapshot_kind: text
---
============================= test.tsx ==
import { qrl } from "@qwik.dev/core";
import { _jsxSorted } from "@qwik.dev/core";
import { component$, $, useStyles$ } from "@qwik.dev/core";
export const App = qrl(() => import("./test.tsx_App_component_1_w0t0o3QMovU.tsx"), "App_component_1_w0t0o3QMovU");

============================= test.tsx_App_component_ckEPmXZlub0.tsx ==
export const App_component_ckEPmXZlub0 = () => (
		<div></div>
	);
/*
{
  "origin": "test.tsx",
  "name": "App_component_ckEPmXZlub0",
  "entry": "entry_segments",
  "displayName": "test.tsx_App_component",
  "hash": "ckEPmXZlub0",
  "canonicalFilename": "test.tsx_App_component_ckEPmXZlub0",
  "path": "",
  "extension": "tsx",
  "parent": "App_component_1_w0t0o3QMovU",
  "ctxKind": "function",
  "ctxName": "$",
  "captures": false,
  "loc": [
    134,
    161
  ]
}
*/
============================= test.tsx_App_component_1_w0t0o3QMovU.tsx ==
import { $ } from "@qwik.dev/core";
import { useStyles$ } from "@qwik.dev/core";
export const App_component_1_w0t0o3QMovU = (props) => {
	useStyles$('hola');
	return $(() => (
		<div></div>
	));
};
/*
{
  "origin": "test.tsx",
  "name": "App_component_1_w0t0o3QMovU",
  "entry": "entry_segments",
  "displayName": "test.tsx_App_component_1",
  "hash": "w0t0o3QMovU",
  "canonicalFilename": "test.tsx_App_component_1_w0t0o3QMovU",
  "path": "",
  "extension": "tsx",
  "parent": null,
  "ctxKind": "function",
  "ctxName": "component$",
  "captures": false,
  "loc": [
    81,
    165
  ],
  "paramNames": [
    "props"
  ]
}
*/
== DIAGNOSTICS ==
[]
