---
source: crates/qwik-optimizer-oxc/tests/snapshot_tests.rs
expression: output
snapshot_kind: text
---
============================= test.js ==
import { componentQrl } from "@qwik.dev/core";
import { qrl } from "@qwik.dev/core";
//
const q_test_component_LUXeXe0DQrg = /*#__PURE__*/ qrl(()=>import("./test.tsx_test_component_LUXeXe0DQrg"), "test_component_LUXeXe0DQrg");
//
export default /*#__PURE__*/ componentQrl(q_test_component_LUXeXe0DQrg);

============================= test.tsx_test_component_LUXeXe0DQrg.js (ENTRY POINT) ==
import { inlineTranslate } from "translate-lib";
import { useComputed$ } from "@qwik.dev/core";
export const test_component_LUXeXe0DQrg = () => {
			const t = inlineTranslate();

			const productTitle = useComputed$(() => {
				return 'Test title';
			});

			return (
				<img 
					attr={t('home.imageAlt.founded-product:')}
					alt={`${t('home.imageAlt.founded-product:')} ${productTitle.value}`} />
			);
		};
/*
{
  "origin": "test.tsx",
  "name": "test_component_LUXeXe0DQrg",
  "entry": null,
  "displayName": "test.tsx_test_component",
  "hash": "LUXeXe0DQrg",
  "canonicalFilename": "test.tsx_test_component_LUXeXe0DQrg",
  "path": "",
  "extension": "js",
  "parent": null,
  "ctxKind": "function",
  "ctxName": "component$",
  "captures": false,
  "loc": [
    131,
    418
  ]
}
*/
============================= test.tsx_test_component_productTitle_useComputed_ZVQVUkxqtiQ.js (ENTRY POINT) ==
export const test_component_productTitle_useComputed_ZVQVUkxqtiQ = () => {
    return "Test title";
};

/*
{
  "origin": "test.tsx",
  "name": "test_component_productTitle_useComputed_ZVQVUkxqtiQ",
  "entry": null,
  "displayName": "test.tsx_test_component_productTitle_useComputed",
  "hash": "ZVQVUkxqtiQ",
  "canonicalFilename": "test.tsx_test_component_productTitle_useComputed_ZVQVUkxqtiQ",
  "path": "",
  "extension": "js",
  "parent": "test_component_LUXeXe0DQrg",
  "ctxKind": "function",
  "ctxName": "useComputed$",
  "captures": false,
  "loc": [
    207,
    258
  ]
}
*/
== DIAGNOSTICS ==
[]
