---
source: crates/qwik-optimizer-oxc/tests/snapshot_tests.rs
expression: output
snapshot_kind: text
---
============================= components/component.js ==
import "./keep";
import "../keep2";
import { componentQrl } from "@qwik.dev/core";
import { useTaskQrl } from "@qwik.dev/core";
import { inlinedQrl } from "@qwik.dev/core";
import { _noopQrl } from "@qwik.dev/core";
import { useStore } from '@qwik.dev/core';
export const Parent = componentQrl(() => {
    const state = useStore({ text: "" });
    // Double count watch
    _noopQrl("Parent_component_useClientMount_Yn2kIDABoYw");
    useTaskQrl(() => {
        // Code
    }, "Parent_component_useTask_ngmvcygWux8");
    return _jsxSorted("div", {
        shouldRemove: inlinedQrl(() => state.text, "Parent_component_div_shouldRemove_EBj69wTX1do", [state]),
        "q-e:click": _noopQrl("Parent_component_div_q_e_click_oqNnfO6ubjU")
    }, null, [_jsxSorted(Div, {
        onClick: _noopQrl("Parent_component_div_Div_q_e_click_X6MyAcIWaA4"),
        render: inlinedQrl(() => state.text, "Parent_component_div_Div_render_CkMybN6xzQk", [state])
    }, null, null, 1, "0"), state.text], 1, null);
}, "Parent_component_t6Wy3C0Q0XM");

============================= components/component.tsx_Parent_component_div_q_e_click_oqNnfO6ubjU.js ==
export const Parent_component_div_q_e_click_oqNnfO6ubjU = null;

/*
{
  "origin": "components/component.tsx",
  "name": "Parent_component_div_q_e_click_oqNnfO6ubjU",
  "entry": "entry_segments",
  "displayName": "component.tsx_Parent_component_div_q_e_click",
  "hash": "oqNnfO6ubjU",
  "canonicalFilename": "component.tsx_Parent_component_div_q_e_click_oqNnfO6ubjU",
  "path": "components",
  "extension": "js",
  "parent": "Parent_component_t6Wy3C0Q0XM",
  "ctxKind": "eventHandler",
  "ctxName": "onClick$",
  "captures": false,
  "loc": [
    577,
    620
  ]
}
*/
============================= components/component.tsx_Parent_component_div_Div_q_e_click_X6MyAcIWaA4.js ==
export const Parent_component_div_Div_q_e_click_X6MyAcIWaA4 = null;

/*
{
  "origin": "components/component.tsx",
  "name": "Parent_component_div_Div_q_e_click_X6MyAcIWaA4",
  "entry": "entry_segments",
  "displayName": "component.tsx_Parent_component_div_Div_q_e_click",
  "hash": "X6MyAcIWaA4",
  "canonicalFilename": "component.tsx_Parent_component_div_Div_q_e_click_X6MyAcIWaA4",
  "path": "components",
  "extension": "js",
  "parent": "Parent_component_t6Wy3C0Q0XM",
  "ctxKind": "eventHandler",
  "ctxName": "onClick$",
  "captures": false,
  "loc": [
    648,
    673
  ]
}
*/
============================= components/component.tsx_Parent_component_useClientMount_Yn2kIDABoYw.js ==
export const Parent_component_useClientMount_Yn2kIDABoYw = null;

/*
{
  "origin": "components/component.tsx",
  "name": "Parent_component_useClientMount_Yn2kIDABoYw",
  "entry": "entry_segments",
  "displayName": "component.tsx_Parent_component_useClientMount",
  "hash": "Yn2kIDABoYw",
  "canonicalFilename": "component.tsx_Parent_component_useClientMount_Yn2kIDABoYw",
  "path": "components",
  "extension": "js",
  "parent": "Parent_component_t6Wy3C0Q0XM",
  "ctxKind": "function",
  "ctxName": "useClientMount$",
  "captures": false,
  "loc": [
    371,
    474
  ]
}
*/
== DIAGNOSTICS ==
[]
