---
source: crates/qwik-optimizer-oxc/tests/snapshot_tests.rs
expression: output
snapshot_kind: text
---
============================= test.js ==
import { _noopQrl } from "@qwik.dev/core";
import { _jsxSorted } from "@qwik.dev/core";
import { Fragment } from "@qwik.dev/core";
const q_s_u6BtPnK76q4 = /* @__PURE__ */ _noopQrl("s_u6BtPnK76q4");
q_s_u6BtPnK76q4.s(() => {
	const value = useSignal(0);
	const checked = useSignal(false);
	const stuff = useSignal();
	return _jsxSorted(_Fragment, null, null, [
		<input bind:value={value} />,
		<input bind:checked={checked} />,
		<input bind:stuff={stuff} />,
		<div>{value}</div>,
		<div>{value.value}</div>
	], 1, null);
});
export const Greeter = componentQrl(q_s_u6BtPnK76q4);
== DIAGNOSTICS ==
[]
