---
source: crates/qwik-optimizer-oxc/tests/snapshot_tests.rs
expression: output
snapshot_kind: text
---
============================= test.js ==
import { qrl } from "@qwik.dev/core";
import { _jsxSplit } from "@qwik.dev/core";
import { component$ } from "@qwik.dev/core";
export default qrl(() => import("./test.tsx_test_5GvkoOCMrJc"), "test_5GvkoOCMrJc");

============================= test.tsx_test_5GvkoOCMrJc.js (ENTRY POINT) ==
export const test_5GvkoOCMrJc = (props) => {
			return <div {...props} class={[props.class, 'component']} />;
		};
/*
{
  "origin": "test.tsx",
  "name": "test_5GvkoOCMrJc",
  "entry": null,
  "displayName": "test.tsx_test",
  "hash": "5GvkoOCMrJc",
  "canonicalFilename": "test.tsx_test_5GvkoOCMrJc",
  "path": "",
  "extension": "js",
  "parent": null,
  "ctxKind": "function",
  "ctxName": "component$",
  "captures": false,
  "loc": [
    66,
    159
  ],
  "paramNames": [
    "props"
  ]
}
*/
== DIAGNOSTICS ==
[]
