---
source: crates/qwik-optimizer-oxc/tests/snapshot_tests.rs
expression: output
snapshot_kind: text
---
============================= test.ts ==
import { qrl } from "@qwik.dev/core";
import { _jsxSorted } from "@qwik.dev/core";
import { component$ } from "@qwik.dev/core";
// Self-referential component: the Nested component references itself in its JSX
// This should be migrated to its segment using two-phase emission (let + assign)
// to avoid Temporal Dead Zone errors
export const Nested = qrl(() => import("./test.tsx_Nested_ImQjXRTE6T0"), "Nested_ImQjXRTE6T0");
// Another self-referential component with conditional rendering
export const RecursiveList = qrl(() => import("./test.tsx_RecursiveList_fFVg3vOaapM"), "RecursiveList_fFVg3vOaapM");
// Mutually recursive components: A references B, B references A
const ComponentA = qrl(() => import("./test.tsx_ComponentA_f6acM2M0in8"), "ComponentA_f6acM2M0in8");
export const MutualExample = qrl(() => import("./test.tsx_MutualExample_bd80Ct52Y7E"), "MutualExample_bd80Ct52Y7E");

============================= test.tsx_ComponentB_1XAHA8ZWHwU.ts (ENTRY POINT) ==
export const ComponentB_1XAHA8ZWHwU = () => {
	return (
		<div>
			B
			<ComponentA />
		</div>
	);
};
/*
{
  "origin": "test.tsx",
  "name": "ComponentB_1XAHA8ZWHwU",
  "entry": null,
  "displayName": "test.tsx_ComponentB",
  "hash": "1XAHA8ZWHwU",
  "canonicalFilename": "test.tsx_ComponentB_1XAHA8ZWHwU",
  "path": "",
  "extension": "ts",
  "parent": null,
  "ctxKind": "function",
  "ctxName": "component$",
  "captures": false,
  "loc": [
    789,
    864
  ]
}
*/
============================= test.tsx_MutualExample_bd80Ct52Y7E.ts (ENTRY POINT) ==
export const MutualExample_bd80Ct52Y7E = () => {
	return <ComponentA />;
};
/*
{
  "origin": "test.tsx",
  "name": "MutualExample_bd80Ct52Y7E",
  "entry": null,
  "displayName": "test.tsx_MutualExample",
  "hash": "bd80Ct52Y7E",
  "canonicalFilename": "test.tsx_MutualExample_bd80Ct52Y7E",
  "path": "",
  "extension": "ts",
  "parent": null,
  "ctxKind": "function",
  "ctxName": "component$",
  "captures": false,
  "loc": [
    896,
    941
  ]
}
*/
============================= test.tsx_ComponentA_f6acM2M0in8.ts (ENTRY POINT) ==
const ComponentB = qrl(() => import("./test.tsx_ComponentB_1XAHA8ZWHwU"), "ComponentB_1XAHA8ZWHwU");
export const ComponentA_f6acM2M0in8 = () => {
	return (
		<div>
			A
			<ComponentB />
		</div>
	);
};
/*
{
  "origin": "test.tsx",
  "name": "ComponentA_f6acM2M0in8",
  "entry": null,
  "displayName": "test.tsx_ComponentA",
  "hash": "f6acM2M0in8",
  "canonicalFilename": "test.tsx_ComponentA_f6acM2M0in8",
  "path": "",
  "extension": "ts",
  "parent": null,
  "ctxKind": "function",
  "ctxName": "component$",
  "captures": false,
  "loc": [
    692,
    767
  ]
}
*/
============================= test.tsx_RecursiveList_fFVg3vOaapM.ts (ENTRY POINT) ==
import { RecursiveList } from "./test";
export const RecursiveList_fFVg3vOaapM = (props) => {
	if (props.depth === 0) return <div>End</div>;
	return (
		<div>
			Level {props.depth}
			<RecursiveList depth={props.depth - 1} />
		</div>
	);
};
/*
{
  "origin": "test.tsx",
  "name": "RecursiveList_fFVg3vOaapM",
  "entry": null,
  "displayName": "test.tsx_RecursiveList",
  "hash": "fFVg3vOaapM",
  "canonicalFilename": "test.tsx_RecursiveList_fFVg3vOaapM",
  "path": "",
  "extension": "ts",
  "parent": null,
  "ctxKind": "function",
  "ctxName": "component$",
  "captures": false,
  "loc": [
    433,
    605
  ],
  "paramNames": [
    "props"
  ]
}
*/
============================= test.tsx_Nested_ImQjXRTE6T0.ts (ENTRY POINT) ==
import { Nested } from "./test";
export const Nested_ImQjXRTE6T0 = () => {
	return (
		<div>
			<Nested />
		</div>
	);
};
/*
{
  "origin": "test.tsx",
  "name": "Nested_ImQjXRTE6T0",
  "entry": null,
  "displayName": "test.tsx_Nested",
  "hash": "ImQjXRTE6T0",
  "canonicalFilename": "test.tsx_Nested_ImQjXRTE6T0",
  "path": "",
  "extension": "ts",
  "parent": null,
  "ctxKind": "function",
  "ctxName": "component$",
  "captures": false,
  "loc": [
    270,
    336
  ]
}
*/
== DIAGNOSTICS ==
[]
