---
source: crates/qwik-optimizer-oxc/tests/snapshot_tests.rs
expression: output
snapshot_kind: text
---
============================= test.js ==
import { componentQrl } from "@qwik.dev/core";
import { qrl } from "@qwik.dev/core";
//
const q_App2_component_3yveMqbQ3Fs = /*#__PURE__*/ qrl(()=>import("./test.tsx_App2_component_3yveMqbQ3Fs.js"), "App2_component_3yveMqbQ3Fs");
//
export const App2 = /*#__PURE__*/ componentQrl(q_App2_component_3yveMqbQ3Fs);

============================= test.tsx_App2_component_3yveMqbQ3Fs.js (ENTRY POINT) ==
export const App2_component_3yveMqbQ3Fs = () => {
	const signal = useSignal();
	const computed = signal.value + 'foo';
	return (
		<>
			<div className="hola"></div>
			<div className={signal.value}></div>
			<div className={signal}></div>
			<div className={computed}></div>

			<Foo className="hola"></Foo>
			<Foo className={signal.value}></Foo>
			<Foo className={signal}></Foo>
			<Foo className={computed}></Foo>
		</>
	);
};
/*
{
  "origin": "test.tsx",
  "name": "App2_component_3yveMqbQ3Fs",
  "entry": null,
  "displayName": "test.tsx_App2_component",
  "hash": "3yveMqbQ3Fs",
  "canonicalFilename": "test.tsx_App2_component_3yveMqbQ3Fs",
  "path": "",
  "extension": "js",
  "parent": null,
  "ctxKind": "function",
  "ctxName": "component$",
  "captures": false,
  "loc": [
    78,
    466
  ]
}
*/
== DIAGNOSTICS ==
[]
