---
source: crates/qwik-optimizer-oxc/tests/snapshot_tests.rs
expression: output
---
============================= project/folder/test.tsx ==
import { qrl } from "@qwik.dev/core";
import { _jsxSorted } from "@qwik.dev/core";
import thing from "../state";
export function foo() { return import("../foo/state2"); }
export const Header = qrl(() => import("./test.tsx__R9GtuAm43Z0"), "_R9GtuAm43Z0");
============================= project/folder/test.tsx__R9GtuAm43Z0.tsx ==
import { default as thing } from "../state";
export const _R9GtuAm43Z0 = () => {
	return (
		<div>
			{import("../folder/state3")}
			{thing}
		</div>
	);
};
/*
{
  "origin": "project/folder/test.tsx",
  "name": "_R9GtuAm43Z0",
  "entry": "entry_segments",
  "displayName": "test.tsx_",
  "hash": "R9GtuAm43Z0",
  "canonicalFilename": "test.tsx__R9GtuAm43Z0",
  "path": "project/folder",
  "extension": "tsx",
  "parent": null,
  "ctxKind": "function",
  "ctxName": "component$",
  "captures": false,
  "loc": [
    161,
    256
  ]
}
*/
== DIAGNOSTICS ==
[]
