---
source: crates/qwik-optimizer-oxc/tests/snapshot_tests.rs
expression: output
snapshot_kind: text
---
============================= test.js ==
import { componentQrl } from "@qwik.dev/core";
import { qrl } from "@qwik.dev/core";
//
const q_Cmp_component_4ryKJTOKjWE = /*#__PURE__*/ qrl(()=>import("./test.tsx_Cmp_component_4ryKJTOKjWE"), "Cmp_component_4ryKJTOKjWE");
//
export const Cmp = /*#__PURE__*/ componentQrl(q_Cmp_component_4ryKJTOKjWE);

============================= test.tsx_Cmp_component_button_q_e_click_0O0tA6ahzDQ.js (ENTRY POINT) ==
import { _captures } from "@qwik.dev/core";
export const Cmp_component_button_q_e_click_0O0tA6ahzDQ = () => {
    const currentType = _captures[0];
    return currentType.value = "NEXT";
};

/*
{
  "origin": "test.tsx",
  "name": "Cmp_component_button_q_e_click_0O0tA6ahzDQ",
  "entry": null,
  "displayName": "test.tsx_Cmp_component_button_q_e_click",
  "hash": "0O0tA6ahzDQ",
  "canonicalFilename": "test.tsx_Cmp_component_button_q_e_click_0O0tA6ahzDQ",
  "path": "",
  "extension": "js",
  "parent": "Cmp_component_4ryKJTOKjWE",
  "ctxKind": "eventHandler",
  "ctxName": "onClick$",
  "captures": true,
  "captureNames": [
    "currentType"
  ],
  "loc": [
    393,
    427
  ]
}
*/
============================= test.tsx_Cmp_component_4ryKJTOKjWE.js (ENTRY POINT) ==
import { A } from "./componentA";
import { useSignal } from "@qwik.dev/core";
export const Cmp_component_4ryKJTOKjWE = () => {
	const currentStep = useSignal('STEP_1');
	const currentType = useSignal<'NEXT' | 'PREVIOUS'>('PREVIOUS');

	const getStep = (step: string, type: 'NEXT' | 'PREVIOUS') => {
		return step === 'STEP_1' ? 'STEP_2' : 'STEP_1';
	};

	return (
		<>
			<button onClick$={() => (currentType.value = 'NEXT')}>CLICK</button>
			<A href={getStep(currentStep.value, currentType.value)} />
		</>
	);
};
/*
{
  "origin": "test.tsx",
  "name": "Cmp_component_4ryKJTOKjWE",
  "entry": null,
  "displayName": "test.tsx_Cmp_component",
  "hash": "4ryKJTOKjWE",
  "canonicalFilename": "test.tsx_Cmp_component_4ryKJTOKjWE",
  "path": "",
  "extension": "js",
  "parent": null,
  "ctxKind": "function",
  "ctxName": "component$",
  "captures": false,
  "loc": [
    122,
    517
  ]
}
*/
== DIAGNOSTICS ==
[]
