---
source: crates/qwik-optimizer-oxc/tests/snapshot_tests.rs
assertion_line: 983
expression: output
---
============================= test.js ==
import { formActionQrl } from "@qwik.dev/core";
import { qrl } from "@qwik.dev/core";
import { wrapperFn, getEnv } from "utils";
import { formAction$, valiForm$ } from "forms";
//
const q_featureAction_formAction_cZgh2PzV1cc = /*#__PURE__*/ qrl(()=>import("./test.tsx_featureAction_formAction_cZgh2PzV1cc"), "featureAction_formAction_cZgh2PzV1cc");
//
const flagEnabled = getEnv().PUBLIC_FEATURE;
export const FeatureSchema = wrapperFn(flagEnabled);
export const featureAction = formActionQrl(q_featureAction_formAction_cZgh2PzV1cc);

============================= test.tsx_featureAction_formAction_cZgh2PzV1cc.js (ENTRY POINT) ==
export const featureAction_formAction_cZgh2PzV1cc = async (requestEvent) => {
	return { status: "success" };
};

/*
{
  "origin": "test.tsx",
  "name": "featureAction_formAction_cZgh2PzV1cc",
  "entry": null,
  "displayName": "test.tsx_featureAction_formAction",
  "hash": "cZgh2PzV1cc",
  "canonicalFilename": "test.tsx_featureAction_formAction_cZgh2PzV1cc",
  "path": "",
  "extension": "js",
  "parent": null,
  "ctxKind": "function",
  "ctxName": "formAction$",
  "captures": false,
  "loc": [
    231,
    340
  ],
  "paramNames": [
    "requestEvent"
  ]
}
*/
== DIAGNOSTICS ==
[]
