---
source: crates/qwik-optimizer-oxc/tests/snapshot_tests.rs
expression: output
snapshot_kind: text
---
============================= src/routes/_repl/[id]/[[...slug]].js ==
import { qrl } from "@qwik.dev/core";
import { _jsxSorted } from "@qwik.dev/core";
import { component$ } from "@qwik.dev/core";
import { sibling } from "./sibling";
const q_slug_component_0AM8HPnkNs4 = /*#__PURE__*/ qrl(() => import("./[[...slug]].tsx_slug_component_0AM8HPnkNs4.tsx"), "slug_component_0AM8HPnkNs4");
export default /*#__PURE__*/ componentQrl(q_slug_component_0AM8HPnkNs4);

============================= src/routes/_repl/[id]/[[...slug]].tsx_slug_component_0AM8HPnkNs4.js ==
import { sibling } from "./sibling";
export const slug_component_0AM8HPnkNs4 = () => {
	return (
		<div onClick$={() => console.log(mongodb, sibling)}>
		</div>
	);
};
/*
{
  "origin": "src/routes/_repl/[id]/[[...slug]].tsx",
  "name": "slug_component_0AM8HPnkNs4",
  "entry": "src/routes/_repl/[id]/[[...slug]].tsx_entry_[[...slug]]",
  "displayName": "[[...slug]].tsx_slug_component",
  "hash": "0AM8HPnkNs4",
  "canonicalFilename": "[[...slug]].tsx_slug_component_0AM8HPnkNs4",
  "path": "src/routes/_repl/[id]",
  "extension": "js",
  "parent": null,
  "ctxKind": "function",
  "ctxName": "component$",
  "captures": false,
  "loc": [
    99,
    198
  ]
}
*/
== DIAGNOSTICS ==
[]
