---
source: crates/qwik-optimizer-oxc/tests/snapshot_tests.rs
expression: output
snapshot_kind: text
---
============================= project/test.tsx ==
import { qrl } from "@qwik.dev/core";
import { _jsxSorted } from "@qwik.dev/core";
import { $, component$ } from "@qwik.dev/core";
import { foo, bar as bbar } from "../state";
import * as dep2 from "dep2";
import dep3 from "dep3/something";
export const Header = qrl(() => import("./test.tsx_Header_WlR3xnI6u38"), "Header_WlR3xnI6u38");
export const App = qrl(() => import("./test.tsx_App_xwJE5fgNhF0"), "App_xwJE5fgNhF0");

============================= project/test.tsx_Header_component_onClick_FaGKP0YO8vk.tsx ==
import { default as dep3 } from "dep3/something";
export const Header_component_onClick_FaGKP0YO8vk = (ev) => dep3(ev);

/*
{
  "origin": "project/test.tsx",
  "name": "Header_component_onClick_FaGKP0YO8vk",
  "entry": "entry_segments",
  "displayName": "test.tsx_Header_component_onClick",
  "hash": "FaGKP0YO8vk",
  "canonicalFilename": "test.tsx_Header_component_onClick_FaGKP0YO8vk",
  "path": "project",
  "extension": "tsx",
  "parent": "Header_WlR3xnI6u38",
  "ctxKind": "function",
  "ctxName": "$",
  "captures": false,
  "loc": [
    228,
    247
  ],
  "paramNames": [
    "ev"
  ]
}
*/
============================= project/test.tsx_Header_WlR3xnI6u38.tsx ==
import { $ } from "@qwik.dev/core";
import { Header } from "./test";
import { bar as bbar } from "../state";
import { * as dep2 } from "dep2";
import { default as dep3 } from "dep3/something";
export const Header_WlR3xnI6u38 = () => {
	return (
		<Header onClick={$((ev) => dep3(ev))}>
			{dep2.stuff()}{bbar()}
		</Header>
	);
};
/*
{
  "origin": "project/test.tsx",
  "name": "Header_WlR3xnI6u38",
  "entry": "entry_segments",
  "displayName": "test.tsx_Header",
  "hash": "WlR3xnI6u38",
  "canonicalFilename": "test.tsx_Header_WlR3xnI6u38",
  "path": "project",
  "extension": "tsx",
  "parent": null,
  "ctxKind": "function",
  "ctxName": "component$",
  "captures": false,
  "loc": [
    180,
    294
  ]
}
*/
============================= project/test.tsx_App_xwJE5fgNhF0.tsx ==
import { Header } from "./test";
import { foo } from "../state";
export const App_xwJE5fgNhF0 = () => {
	return (
		<Header>{foo()}</Header>
	);
};
/*
{
  "origin": "project/test.tsx",
  "name": "App_xwJE5fgNhF0",
  "entry": "entry_segments",
  "displayName": "test.tsx_App",
  "hash": "xwJE5fgNhF0",
  "canonicalFilename": "test.tsx_App_xwJE5fgNhF0",
  "path": "project",
  "extension": "tsx",
  "parent": null,
  "ctxKind": "function",
  "ctxName": "component$",
  "captures": false,
  "loc": [
    316,
    378
  ]
}
*/
== DIAGNOSTICS ==
[]
