---
source: crates/qwik-optimizer-oxc/tests/snapshot_tests.rs
expression: output
snapshot_kind: text
---
============================= test.jsx ==
import { componentQrl } from "@qwik.dev/core";
import { qrl } from "@qwik.dev/core";
//
const q_Foo_n07hoBxfni0 = /*#__PURE__*/ qrl(()=>import("./test.tsx_Foo_n07hoBxfni0"), "Foo_n07hoBxfni0");
const q_Bar_GXXnVUtURSw = /*#__PURE__*/ qrl(()=>import("./test.tsx_Bar_GXXnVUtURSw"), "Bar_GXXnVUtURSw");
//
export const Foo = /*#__PURE__*/ componentQrl(q_Foo_n07hoBxfni0);
export const Bar = /*#__PURE__*/ componentQrl(q_Bar_GXXnVUtURSw);

============================= test.tsx_Bar_GXXnVUtURSw.jsx (ENTRY POINT) ==
import { $ } from "@qwik.dev/core";
export const Bar_GXXnVUtURSw = ({bar}) => {
	return $(() => {
		return (
			<div>
				{bar}
			</div>
		)
	});
};
/*
{
  "origin": "test.tsx",
  "name": "Bar_GXXnVUtURSw",
  "entry": null,
  "displayName": "test.tsx_Bar",
  "hash": "GXXnVUtURSw",
  "canonicalFilename": "test.tsx_Bar_GXXnVUtURSw",
  "path": "",
  "extension": "jsx",
  "parent": null,
  "ctxKind": "function",
  "ctxName": "component$",
  "captures": false,
  "loc": [
    242,
    335
  ],
  "paramNames": [
    "_rawProps"
  ]
}
*/
============================= test.tsx_Foo_component_HTDRsvUbLiE.jsx (ENTRY POINT) ==
import { _captures } from "@qwik.dev/core";
export const Foo_component_HTDRsvUbLiE = () => {
		const fn = ({aaa}) => aaa;
		return (
			<div>
				{foo}{fn()}{arg0}
			</div>
		)
	};
/*
{
  "origin": "test.tsx",
  "name": "Foo_component_HTDRsvUbLiE",
  "entry": null,
  "displayName": "test.tsx_Foo_component",
  "hash": "HTDRsvUbLiE",
  "canonicalFilename": "test.tsx_Foo_component_HTDRsvUbLiE",
  "path": "",
  "extension": "jsx",
  "parent": "Foo_n07hoBxfni0",
  "ctxKind": "function",
  "ctxName": "$",
  "captures": true,
  "captureNames": [
    "_rawProps",
    "arg0",
    "foo"
  ],
  "loc": [
    119,
    217
  ]
}
*/
============================= test.tsx_Bar_component_L80pS8Hxf1Y.jsx (ENTRY POINT) ==
import { _captures } from "@qwik.dev/core";
export const Bar_component_L80pS8Hxf1Y = () => {
		return (
			<div>
				{bar}
			</div>
		)
	};
/*
{
  "origin": "test.tsx",
  "name": "Bar_component_L80pS8Hxf1Y",
  "entry": null,
  "displayName": "test.tsx_Bar_component",
  "hash": "L80pS8Hxf1Y",
  "canonicalFilename": "test.tsx_Bar_component_L80pS8Hxf1Y",
  "path": "",
  "extension": "jsx",
  "parent": "Bar_GXXnVUtURSw",
  "ctxKind": "function",
  "ctxName": "$",
  "captures": true,
  "captureNames": [
    "bar"
  ],
  "loc": [
    274,
    331
  ]
}
*/
============================= test.tsx_Foo_n07hoBxfni0.jsx (ENTRY POINT) ==
import { $ } from "@qwik.dev/core";
export const Foo_n07hoBxfni0 = ({foo}) => {
	const arg0 = 20;
	return $(() => {
		const fn = ({aaa}) => aaa;
		return (
			<div>
				{foo}{fn()}{arg0}
			</div>
		)
	});
};
/*
{
  "origin": "test.tsx",
  "name": "Foo_n07hoBxfni0",
  "entry": null,
  "displayName": "test.tsx_Foo",
  "hash": "n07hoBxfni0",
  "canonicalFilename": "test.tsx_Foo_n07hoBxfni0",
  "path": "",
  "extension": "jsx",
  "parent": null,
  "ctxKind": "function",
  "ctxName": "component$",
  "captures": false,
  "loc": [
    69,
    221
  ],
  "paramNames": [
    "_rawProps"
  ]
}
*/
== DIAGNOSTICS ==
[]
