---
source: crates/qwik-optimizer-oxc/tests/snapshot_tests.rs
expression: output
snapshot_kind: text
---
============================= project/index.js ==
import { componentQrl } from "@qwik.dev/core";
import { qrlDEV } from "@qwik.dev/core";
//
const q_App_component_KGLYFBhvJc0 = /*#__PURE__*/ qrlDEV(()=>import("./index.tsx_App_component_KGLYFBhvJc0.js"), "App_component_KGLYFBhvJc0", {
    file: "/src/projectindex.tsx",
    lo: 88,
    hi: 283,
    displayName: "index.tsx_App_component"
});
//
export const App = /*#__PURE__*/ componentQrl(q_App_component_KGLYFBhvJc0);

============================= project/index.tsx_App_component_KGLYFBhvJc0.js (ENTRY POINT) ==
export const App_component_KGLYFBhvJc0 = (props: Stuff) => {
	return (
		<>
			<Cmp key="stuff"></Cmp>
			<Cmp></Cmp>
			<Cmp prop="23"></Cmp>
			<Cmp prop="23" key={props.stuff}></Cmp>
			<p key={props.stuff}>Hello Qwik</p>
		</>
	);
};
/*
{
  "origin": "project/index.tsx",
  "name": "App_component_KGLYFBhvJc0",
  "entry": null,
  "displayName": "index.tsx_App_component",
  "hash": "KGLYFBhvJc0",
  "canonicalFilename": "index.tsx_App_component_KGLYFBhvJc0",
  "path": "project",
  "extension": "js",
  "parent": null,
  "ctxKind": "function",
  "ctxName": "component$",
  "captures": false,
  "loc": [
    87,
    282
  ],
  "paramNames": [
    "props"
  ]
}
*/
== DIAGNOSTICS ==
[]
