---
source: crates/qwik-optimizer-oxc/tests/snapshot_tests.rs
expression: output
snapshot_kind: text
---
============================= test.js ==
import { qrl } from "@qwik.dev/core";
import { _jsxSorted } from "@qwik.dev/core";
import { Fragment } from "@qwik.dev/core";
import { $, component$, useStore, useSignal } from "@qwik.dev/core";
export default qrl(() => import("./test.tsx_test_5GvkoOCMrJc"), "test_5GvkoOCMrJc");

============================= test.tsx_test_5GvkoOCMrJc.js (ENTRY POINT) ==
import { useStore } from "@qwik.dev/core";
export const test_5GvkoOCMrJc = (props: { id: number }) => {
      const renders = useStore(
        {
          count: 0,
        },
        { reactive: false }
      );
      renders.count++;
      const rerenders = renders.count + 0;
      const _ref = {};
      _ref.Id = (props: any) => <div>_ref.Id: {props.id}</div>;
      const { Id } = _ref;
      return (
        <>
          <Id id={props.id} />
          {rerenders}
        </>
      );
    };
/*
{
  "origin": "test.tsx",
  "name": "test_5GvkoOCMrJc",
  "entry": null,
  "displayName": "test.tsx_test",
  "hash": "5GvkoOCMrJc",
  "canonicalFilename": "test.tsx_test_5GvkoOCMrJc",
  "path": "",
  "extension": "js",
  "parent": null,
  "ctxKind": "function",
  "ctxName": "component$",
  "captures": false,
  "loc": [
    85,
    467
  ],
  "paramNames": [
    "props"
  ]
}
*/
== DIAGNOSTICS ==
[]
