---
source: crates/qwik-optimizer-oxc/tests/snapshot_tests.rs
expression: output
snapshot_kind: text
---
============================= test.js ==
import { componentQrl } from "@qwik.dev/core";
import { qrl } from "@qwik.dev/core";
import { _jsxSorted } from "@qwik.dev/core";
import { component$, useSignal, Signal } from "@qwik.dev/core";
const Foo = qrl(() => import("./test.tsx_Foo_component_HTDRsvUbLiE"), "Foo_component_HTDRsvUbLiE");

============================= test.tsx_Foo_component_HTDRsvUbLiE.js (ENTRY POINT) ==
import { Signal } from "@qwik.dev/core";
import { useSignal } from "@qwik.dev/core";
export const Foo_component_HTDRsvUbLiE = function() {
  const data = useSignal<Signal<any>[]>([]);
  return <div>
	{data.value.map(row => (
	  <div onClick$={() => console.log(row.value.id)} onMouseOver$={() => console.log('over' + row.value.id)}>
		<p onClick$={() => console.log('inner' + row.value.id)}>{item.value.id}</p>
	  </div>
	))}
  </div>;
};
/*
{
  "origin": "test.tsx",
  "name": "Foo_component_HTDRsvUbLiE",
  "entry": null,
  "displayName": "test.tsx_Foo_component",
  "hash": "HTDRsvUbLiE",
  "canonicalFilename": "test.tsx_Foo_component_HTDRsvUbLiE",
  "path": "",
  "extension": "js",
  "parent": null,
  "ctxKind": "function",
  "ctxName": "component$",
  "captures": false,
  "loc": [
    77,
    400
  ]
}
*/
============================= test.tsx_Foo_component_div_p_q_e_click_RgE0spbLWDs.js (ENTRY POINT) ==
import { _captures } from "@qwik.dev/core";
export const Foo_component_div_p_q_e_click_RgE0spbLWDs = () => {
	const row = _captures[0];
	return console.log("inner" + row.value.id);
};

/*
{
  "origin": "test.tsx",
  "name": "Foo_component_div_p_q_e_click_RgE0spbLWDs",
  "entry": null,
  "displayName": "test.tsx_Foo_component_div_p_q_e_click",
  "hash": "RgE0spbLWDs",
  "canonicalFilename": "test.tsx_Foo_component_div_p_q_e_click_RgE0spbLWDs",
  "path": "",
  "extension": "js",
  "parent": "Foo_component_HTDRsvUbLiE",
  "ctxKind": "eventHandler",
  "ctxName": "onClick$",
  "captures": true,
  "captureNames": [
    "row"
  ],
  "loc": [
    310,
    351
  ]
}
*/
============================= test.tsx_Foo_component_div_q_e_click_YEa2A5ADUOg.js (ENTRY POINT) ==
import { _captures } from "@qwik.dev/core";
export const Foo_component_div_q_e_click_YEa2A5ADUOg = () => {
	const row = _captures[0];
	return console.log(row.value.id);
};

/*
{
  "origin": "test.tsx",
  "name": "Foo_component_div_q_e_click_YEa2A5ADUOg",
  "entry": null,
  "displayName": "test.tsx_Foo_component_div_q_e_click",
  "hash": "YEa2A5ADUOg",
  "canonicalFilename": "test.tsx_Foo_component_div_q_e_click_YEa2A5ADUOg",
  "path": "",
  "extension": "js",
  "parent": "Foo_component_HTDRsvUbLiE",
  "ctxKind": "eventHandler",
  "ctxName": "onClick$",
  "captures": true,
  "captureNames": [
    "row"
  ],
  "loc": [
    205,
    236
  ]
}
*/
== DIAGNOSTICS ==
[]
