---
source: crates/qwik-optimizer-oxc/tests/snapshot_tests.rs
expression: output
snapshot_kind: text
---
============================= test.js ==
import { qrlDEV } from "@qwik.dev/core";
import { _jsxSorted } from "@qwik.dev/core";
import { component$, component$, $ } from "@qwik.dev/core";
export const TestGetsHmr = qrlDEV(() => import("./test.tsx_TestGetsHmr_p1FqeEUpWTI"), "TestGetsHmr_p1FqeEUpWTI");
export const TestNoHmr = componentQrl(qrlDEV(() => import("./test.tsx_TestNoHmr_Zk400rjx7cI"), "TestNoHmr_Zk400rjx7cI"));

============================= test.tsx_TestGetsHmr_p1FqeEUpWTI.js (ENTRY POINT) ==
import { _useHmr } from "@qwik.dev/core";
export const TestGetsHmr_p1FqeEUpWTI = () => { 
_useHmr("/user/qwik/src/test.tsx");

			return <div>Test</div>;
		};
/*
{
  "origin": "test.tsx",
  "name": "TestGetsHmr_p1FqeEUpWTI",
  "entry": null,
  "displayName": "test.tsx_TestGetsHmr",
  "hash": "p1FqeEUpWTI",
  "canonicalFilename": "test.tsx_TestGetsHmr_p1FqeEUpWTI",
  "path": "",
  "extension": "js",
  "parent": null,
  "ctxKind": "function",
  "ctxName": "component$",
  "captures": false,
  "loc": [
    93,
    143
  ]
}
*/
============================= test.tsx_TestNoHmr_Zk400rjx7cI.js (ENTRY POINT) ==
export const TestNoHmr_Zk400rjx7cI = () => {
			return <div>Test</div>;
		};
/*
{
  "origin": "test.tsx",
  "name": "TestNoHmr_Zk400rjx7cI",
  "entry": null,
  "displayName": "test.tsx_TestNoHmr",
  "hash": "Zk400rjx7cI",
  "canonicalFilename": "test.tsx_TestNoHmr_Zk400rjx7cI",
  "path": "",
  "extension": "js",
  "parent": null,
  "ctxKind": "function",
  "ctxName": "$",
  "captures": false,
  "loc": [
    185,
    226
  ]
}
*/
== DIAGNOSTICS ==
[]
