---
source: crates/qwik-optimizer-oxc/tests/snapshot_tests.rs
expression: output
snapshot_kind: text
---
============================= test.js ==
import { componentQrl } from "@qwik.dev/core";
import { qrl } from "@qwik.dev/core";
//
const q_s_iZVV0eoW44k = /*#__PURE__*/ qrl(()=>import("./test.tsx__1_iZVV0eoW44k"), "s_iZVV0eoW44k");
//
export const Parent = /*#__PURE__*/ componentQrl(q_s_iZVV0eoW44k);

============================= test.tsx_Parent_serverStuff_a_0Wq8TkNlVcM.js (ENTRY POINT) ==
export const s_0Wq8TkNlVcM = () => {
	// from $(), should not be removed
};

/*
{
  "origin": "test.tsx",
  "name": "s_0Wq8TkNlVcM",
  "entry": null,
  "displayName": "test.tsx_Parent_serverStuff_a",
  "hash": "0Wq8TkNlVcM",
  "canonicalFilename": "test.tsx_Parent_serverStuff_a_0Wq8TkNlVcM",
  "path": "",
  "extension": "js",
  "parent": "s_u6BtPnK76q4",
  "ctxKind": "function",
  "ctxName": "$",
  "captures": false,
  "loc": [
    535,
    587
  ]
}
*/
============================= test.tsx_div_q_e_click_belH9LIyH4c.js (ENTRY POINT) ==
export const s_belH9LIyH4c = () => console.log("parent");

/*
{
  "origin": "test.tsx",
  "name": "s_belH9LIyH4c",
  "entry": null,
  "displayName": "test.tsx_div_q_e_click",
  "hash": "belH9LIyH4c",
  "canonicalFilename": "test.tsx_div_q_e_click_belH9LIyH4c",
  "path": "",
  "extension": "js",
  "parent": "s_iZVV0eoW44k",
  "ctxKind": "eventHandler",
  "ctxName": "onClick$",
  "captures": false,
  "loc": [
    774,
    801
  ]
}
*/
============================= test.tsx_serverLoader_Etjb6eZWcgo.js (ENTRY POINT) ==
export const s_Etjb6eZWcgo = null;

/*
{
  "origin": "test.tsx",
  "name": "s_Etjb6eZWcgo",
  "entry": null,
  "displayName": "test.tsx_serverLoader",
  "hash": "Etjb6eZWcgo",
  "canonicalFilename": "test.tsx_serverLoader_Etjb6eZWcgo",
  "path": "",
  "extension": "js",
  "parent": "s_iZVV0eoW44k",
  "ctxKind": "function",
  "ctxName": "serverLoader$",
  "captures": false,
  "loc": [
    688,
    710
  ]
}
*/
============================= test.tsx_Parent_component_useTask_gDH1EtUWqBU.js (ENTRY POINT) ==
import { _captures } from "@qwik.dev/core";
import { default as mongo } from "mongodb";
export const s_gDH1EtUWqBU = async () => {
	const state = _captures[0];
	if (!isServer) return;
	state.text = await mongo.users();
	redis.set(state.text);
};

/*
{
  "origin": "test.tsx",
  "name": "s_gDH1EtUWqBU",
  "entry": null,
  "displayName": "test.tsx_Parent_component_useTask",
  "hash": "gDH1EtUWqBU",
  "canonicalFilename": "test.tsx_Parent_component_useTask_gDH1EtUWqBU",
  "path": "",
  "extension": "js",
  "parent": "s_iZVV0eoW44k",
  "ctxKind": "function",
  "ctxName": "useTask$",
  "captures": true,
  "captureNames": [
    "state"
  ],
  "loc": [
    353,
    465
  ]
}
*/
============================= test.tsx__1_iZVV0eoW44k.js (ENTRY POINT) ==
import { $ } from "@qwik.dev/core";
import { client$ } from "@qwik.dev/core";
import { handler } from "serverless";
import { default as mongo } from "mongodb";
import { serverLoader$ } from "@qwik.dev/core";
import { serverStuff$ } from "@qwik.dev/core";
import { useStore } from "@qwik.dev/core";
import { useTask$ } from "@qwik.dev/core";
export const s_iZVV0eoW44k = () => {
	const state = useStore({
		text: ''
	});

	// Double count watch
	useTask$(async () => {
		if (!isServer) return;
		state.text = await mongo.users();
		redis.set(state.text);
	});

	serverStuff$(async () => {
		// should be removed too
		const a = $(() => {
			// from $(), should not be removed
		});
		const b = client$(() => {
			// from clien$(), should not be removed
		});
		return [a,b];
	})

	serverLoader$(handler);

	useTask$(() => {
		// Code
	});

	return (
		<div onClick$={() => console.log('parent')}>
			{state.text}
		</div>
	);
};
/*
{
  "origin": "test.tsx",
  "name": "s_iZVV0eoW44k",
  "entry": null,
  "displayName": "test.tsx__1",
  "hash": "iZVV0eoW44k",
  "canonicalFilename": "test.tsx__1_iZVV0eoW44k",
  "path": "",
  "extension": "js",
  "parent": null,
  "ctxKind": "function",
  "ctxName": "component$",
  "captures": false,
  "loc": [
    267,
    835
  ]
}
*/
============================= test.tsx_Parent_b_client_JbkSeNwSBbE.js (ENTRY POINT) ==
export const s_JbkSeNwSBbE = () => {
	// from clien$(), should not be removed
};

/*
{
  "origin": "test.tsx",
  "name": "s_JbkSeNwSBbE",
  "entry": null,
  "displayName": "test.tsx_Parent_b_client",
  "hash": "JbkSeNwSBbE",
  "canonicalFilename": "test.tsx_Parent_b_client_JbkSeNwSBbE",
  "path": "",
  "extension": "js",
  "parent": "s_u6BtPnK76q4",
  "ctxKind": "function",
  "ctxName": "client$",
  "captures": false,
  "loc": [
    601,
    664
  ]
}
*/
============================= test.tsx_useTask_NEuTKj8j8Nc.js (ENTRY POINT) ==
export const s_NEuTKj8j8Nc = () => {
	// Code
};

/*
{
  "origin": "test.tsx",
  "name": "s_NEuTKj8j8Nc",
  "entry": null,
  "displayName": "test.tsx_useTask",
  "hash": "NEuTKj8j8Nc",
  "canonicalFilename": "test.tsx_useTask_NEuTKj8j8Nc",
  "path": "",
  "extension": "js",
  "parent": "s_iZVV0eoW44k",
  "ctxKind": "function",
  "ctxName": "useTask$",
  "captures": false,
  "loc": [
    714,
    744
  ]
}
*/
============================= test.tsx__u6BtPnK76q4.js (ENTRY POINT) ==
export const s_u6BtPnK76q4 = null;

/*
{
  "origin": "test.tsx",
  "name": "s_u6BtPnK76q4",
  "entry": null,
  "displayName": "test.tsx_",
  "hash": "u6BtPnK76q4",
  "canonicalFilename": "test.tsx__u6BtPnK76q4",
  "path": "",
  "extension": "js",
  "parent": "s_iZVV0eoW44k",
  "ctxKind": "function",
  "ctxName": "serverStuff$",
  "captures": false,
  "loc": [
    469,
    685
  ]
}
*/
== DIAGNOSTICS ==
[]
