---
source: crates/qwik-optimizer-oxc/tests/snapshot_tests.rs
expression: output
snapshot_kind: text
---
============================= test.tsx ==
import { qrl } from "@qwik.dev/core";
import { _jsxSorted } from "@qwik.dev/core";
import { component$ } from "@qwik.dev/core";
import mongodb from "mongodb";
const q__u6BtPnK76q4 = /*#__PURE__*/ qrl(() => import("./test.tsx__u6BtPnK76q4"), "_u6BtPnK76q4");
export const onGet = () => {
	throw "Symbol removed by Qwik Optimizer, it can not be called from current platform";
};
export default qrl(() => import("./test.tsx_test_component_LUXeXe0DQrg"), "test_component_LUXeXe0DQrg");

============================= test.tsx_test_component_LUXeXe0DQrg.tsx (ENTRY POINT) ==
export const test_component_LUXeXe0DQrg = ()=> {
	return <div>cmp</div>
};
/*
{
  "origin": "test.tsx",
  "name": "test_component_LUXeXe0DQrg",
  "entry": null,
  "displayName": "test.tsx_test_component",
  "hash": "LUXeXe0DQrg",
  "canonicalFilename": "test.tsx_test_component_LUXeXe0DQrg",
  "path": "",
  "extension": "tsx",
  "parent": null,
  "ctxKind": "function",
  "ctxName": "component$",
  "captures": false,
  "loc": [
    203,
    246
  ]
}
*/
== DIAGNOSTICS ==
[]
