---
source: crates/qwik-optimizer-oxc/tests/snapshot_tests.rs
assertion_line: 932
expression: output
---
============================= test.js ==
import { componentQrl } from "@qwik.dev/core";
import { _noopQrl } from "@qwik.dev/core";
import { _jsxSorted } from "@qwik.dev/core";
import { inlinedQrl, jsx } from "@qwik.dev/core";
//
const q_Lifecycle_component_r7jPBpjrWLc = /*#__PURE__*/ _noopQrl("Lifecycle_component_r7jPBpjrWLc");
const q_Field_FIPfOhEtx3A = /*#__PURE__*/ _noopQrl("Field_FIPfOhEtx3A");
const q_StyledComponent_component_Wg7SquUqgAE = /*#__PURE__*/ _noopQrl("StyledComponent_component_Wg7SquUqgAE");
//
q_Lifecycle_component_r7jPBpjrWLc.s(() => {
	return /*#__PURE__*/ jsx(Slot, {});
});
q_Field_FIPfOhEtx3A.s((element) => {
	field.internal.elements.push(element);
});
q_StyledComponent_component_Wg7SquUqgAE.s(() => {
	const stylesScopedData = useStylesScoped$(STYLE_RED);
	const store = useStore({ count: 10 });
	return <button class={["container", `count-${store.count}`]} onClick$={() => store.count++}>
								Hello world
							</button>;
});
export default () => {
	const serverFnHash = globalThis.foo();
	const data = globalThis.bar();
	const qrl = inlinedQrl(null, serverFnHash, data.slice(1));
	console.log(qrl);
};
function Lifecycle(props, key, flags) {
	return componentQrl(q_Lifecycle_component_r7jPBpjrWLc)(props, key, flags);
}
export const rawFn = (event, element) => {
	handleFieldEvent(form, field, name, event, element, ["touched", "input"], getElementInput(element, field, type));
};
export function Field({ children, name, type, ...props }) {
	const { of: form } = props;
	const field = getFieldStore(form, name);
	return /*#__PURE__*/ jsx(Lifecycle, {
		store: field,
		...props,
		children: children(field, {
			name,
			autoFocus: isServer && !!field.error,
			ref: Qrl(q_Field_FIPfOhEtx3A.w([field])),
			onInput$: $(rawFn)
		})
	}, name);
}
const STYLE_RED = `.container {background-color: red;}`;
describe.each([])("$render.name: useStylesScoped", ({ render }) => {
	it("should render object style", async () => {
		const StyledComponent = componentQrl(q_StyledComponent_component_Wg7SquUqgAE);
		const { vNode, getStyles, document } = await render(_jsxSorted(StyledComponent, null, null, null, 1, "0"), { debug });
	});
});

== DIAGNOSTICS ==
[]
