---
source: crates/qwik-optimizer-oxc/tests/snapshot_tests.rs
expression: output
snapshot_kind: text
---
============================= ./node_modules/qwik-tree/index.qwik.js ==
import { _noopQrlDEV } from "@qwik.dev/core";
import { componentQrl } from "@qwik.dev/core";
//
const q_Tree_component_XMEiO6Rrd3Y = /*#__PURE__*/ _noopQrlDEV("Tree_component_XMEiO6Rrd3Y");
//
q_Tree_component_XMEiO6Rrd3Y.s((props)=>{
    return <div>
			{props.label}
			{props.children && props.children.map((child)=><Tree {...child} />)}
		</div>;
});
// Root-level self-referential component
// The QRL should NOT be hoisted before the component function is defined
// or should use two-phase emission to avoid forward reference
export const Tree = /*#__PURE__*/ componentQrl(q_Tree_component_XMEiO6Rrd3Y);

== DIAGNOSTICS ==
[]
