---
source: crates/qwik-optimizer-oxc/tests/snapshot_tests.rs
expression: output
snapshot_kind: text
---
============================= test.js ==
import { inlinedQrl } from "@qwik.dev/core";
import { _jsxSorted } from "@qwik.dev/core";
import { component$ } from "@qwik.dev/core";
export const Issue3795 = componentQrl(() => {
	let base = "foo";
	const firstAssignment = base;
	base += "bar";
	const secondAssignment = base;
	return _jsxSorted("div", null, { id: "issue-3795-result" }, [firstAssignment, secondAssignment], 1, null);
}, "Issue3795_component_wsE8beycatI");

== DIAGNOSTICS ==
[]
