---
source: crates/qwik-optimizer-oxc/tests/snapshot_tests.rs
expression: output
snapshot_kind: text
---
============================= test.js ==
import { componentQrl } from "@qwik.dev/core";
import { qrl } from "@qwik.dev/core";
//
const q_App_component_ckEPmXZlub0 = /*#__PURE__*/ qrl(()=>import("./test.tsx_App_component_ckEPmXZlub0"), "App_component_ckEPmXZlub0");
//
export const App = /*#__PURE__*/ componentQrl(q_App_component_ckEPmXZlub0);

============================= test.tsx_App_component_loopArrowFn_loopArrowFn_span_q_e_click_1loNBc35XbQ.js (ENTRY POINT) ==
import { _captures } from "@qwik.dev/core";
export const App_component_loopArrowFn_loopArrowFn_span_q_e_click_1loNBc35XbQ = () => {
    const cart = _captures[0];
    const item = _captures[1];
    cart.push(item);
};

/*
{
  "origin": "test.tsx",
  "name": "App_component_loopArrowFn_loopArrowFn_span_q_e_click_1loNBc35XbQ",
  "entry": null,
  "displayName": "test.tsx_App_component_loopArrowFn_loopArrowFn_span_q_e_click",
  "hash": "1loNBc35XbQ",
  "canonicalFilename": "test.tsx_App_component_loopArrowFn_loopArrowFn_span_q_e_click_1loNBc35XbQ",
  "path": "",
  "extension": "js",
  "parent": "App_component_ckEPmXZlub0",
  "ctxKind": "eventHandler",
  "ctxName": "onClick$",
  "captures": true,
  "captureNames": [
    "cart",
    "item"
  ],
  "loc": [
    318,
    370
  ]
}
*/
============================= test.tsx_App_component_loopForI_loopForI_span_q_e_click_CF9gXIY3ETA.js (ENTRY POINT) ==
import { _captures } from "@qwik.dev/core";
export const App_component_loopForI_loopForI_span_q_e_click_CF9gXIY3ETA = () => {
    const cart = _captures[0];
    const i = _captures[1];
    const results = _captures[2];
    cart.push(results[i]);
};

/*
{
  "origin": "test.tsx",
  "name": "App_component_loopForI_loopForI_span_q_e_click_CF9gXIY3ETA",
  "entry": null,
  "displayName": "test.tsx_App_component_loopForI_loopForI_span_q_e_click",
  "hash": "CF9gXIY3ETA",
  "canonicalFilename": "test.tsx_App_component_loopForI_loopForI_span_q_e_click_CF9gXIY3ETA",
  "path": "",
  "extension": "js",
  "parent": "App_component_ckEPmXZlub0",
  "ctxKind": "eventHandler",
  "ctxName": "onClick$",
  "captures": true,
  "captureNames": [
    "cart",
    "i",
    "results"
  ],
  "loc": [
    627,
    689
  ]
}
*/
============================= test.tsx_App_component_ckEPmXZlub0.js (ENTRY POINT) ==
import { useSignal } from "@qwik.dev/core";
import { useStore } from "@qwik.dev/core";
export const App_component_ckEPmXZlub0 = () => {
      const cart = useStore<string[]>([]);
      const results = useSignal(['foo']);
      function loopArrowFn(results: string[]) {
        return results.map((item) => (
          <span
            onClick$={() => {
              cart.push(item);
            }}
          >
            {item}
          </span>
        ));
      }
      function loopForI(results: string[]) {
        const items = [];
        for (let i = 0; i < results.length; i++) {
          items.push(
            <span
              onClick$={() => {
                cart.push(results[i]);
              }}
            >
              {results[i]}
            </span>
          );
        }
        return items;
      }
      function loopForOf(results: string[]) {
        const items = [];
        for (const item of results) {
          items.push(
            <span
              onClick$={() => {
                cart.push(item);
              }}
            >
              {item}
            </span>
          );
        }
        return items;
      }
      function loopForIn(results: string[]) {
        const items = [];
        for (const key in results) {
          items.push(
            <span
              onClick$={() => {
                cart.push(results[key]);
              }}
            >
              {results[key]}
            </span>
          );
        }
        return items;
      }
      function loopWhile(results: string[]) {
        const items = [];
        let i = 0;
        while (i < results.length) {
          items.push(
            <span
              onClick$={() => {
                cart.push(results[i]);
              }}
            >
              {results[i]}
            </span>
          );
          i++;
        }
        return items;
      }
      return (
        <div>
          {results.value.map((item) => (
            <button
              id="second"
              onClick$={() => {
                cart.push(item);
              }}
            >
              {item}
            </button>
          ))}
          {loopArrowFn(results.value)}
          {loopForI(results.value)}
          {loopForOf(results.value)}
          {loopForIn(results.value)}
          {loopWhile(results.value)}
        </div>
      );
    };
/*
{
  "origin": "test.tsx",
  "name": "App_component_ckEPmXZlub0",
  "entry": null,
  "displayName": "test.tsx_App_component",
  "hash": "ckEPmXZlub0",
  "canonicalFilename": "test.tsx_App_component_ckEPmXZlub0",
  "path": "",
  "extension": "js",
  "parent": null,
  "ctxKind": "function",
  "ctxName": "component$",
  "captures": false,
  "loc": [
    89,
    2370
  ]
}
*/
============================= test.tsx_App_component_loopForOf_loopForOf_span_q_e_click_Nzqq3VkSXZk.js (ENTRY POINT) ==
import { _captures } from "@qwik.dev/core";
export const App_component_loopForOf_loopForOf_span_q_e_click_Nzqq3VkSXZk = () => {
    const cart = _captures[0];
    const item = _captures[1];
    cart.push(item);
};

/*
{
  "origin": "test.tsx",
  "name": "App_component_loopForOf_loopForOf_span_q_e_click_Nzqq3VkSXZk",
  "entry": null,
  "displayName": "test.tsx_App_component_loopForOf_loopForOf_span_q_e_click",
  "hash": "Nzqq3VkSXZk",
  "canonicalFilename": "test.tsx_App_component_loopForOf_loopForOf_span_q_e_click_Nzqq3VkSXZk",
  "path": "",
  "extension": "js",
  "parent": "App_component_ckEPmXZlub0",
  "ctxKind": "eventHandler",
  "ctxName": "onClick$",
  "captures": true,
  "captureNames": [
    "cart",
    "item"
  ],
  "loc": [
    979,
    1035
  ]
}
*/
============================= test.tsx_App_component_loopForIn_loopForIn_span_q_e_click_oFEF83VC6vE.js (ENTRY POINT) ==
import { _captures } from "@qwik.dev/core";
export const App_component_loopForIn_loopForIn_span_q_e_click_oFEF83VC6vE = () => {
    const cart = _captures[0];
    const key = _captures[1];
    const results = _captures[2];
    cart.push(results[key]);
};

/*
{
  "origin": "test.tsx",
  "name": "App_component_loopForIn_loopForIn_span_q_e_click_oFEF83VC6vE",
  "entry": null,
  "displayName": "test.tsx_App_component_loopForIn_loopForIn_span_q_e_click",
  "hash": "oFEF83VC6vE",
  "canonicalFilename": "test.tsx_App_component_loopForIn_loopForIn_span_q_e_click_oFEF83VC6vE",
  "path": "",
  "extension": "js",
  "parent": "App_component_ckEPmXZlub0",
  "ctxKind": "eventHandler",
  "ctxName": "onClick$",
  "captures": true,
  "captureNames": [
    "cart",
    "key",
    "results"
  ],
  "loc": [
    1318,
    1382
  ]
}
*/
============================= test.tsx_App_component_loopWhile_loopWhile_span_q_e_click_ONK5a1y5dqg.js (ENTRY POINT) ==
import { _captures } from "@qwik.dev/core";
export const App_component_loopWhile_loopWhile_span_q_e_click_ONK5a1y5dqg = () => {
    const cart = _captures[0];
    const i = _captures[1];
    const results = _captures[2];
    cart.push(results[i]);
};

/*
{
  "origin": "test.tsx",
  "name": "App_component_loopWhile_loopWhile_span_q_e_click_ONK5a1y5dqg",
  "entry": null,
  "displayName": "test.tsx_App_component_loopWhile_loopWhile_span_q_e_click",
  "hash": "ONK5a1y5dqg",
  "canonicalFilename": "test.tsx_App_component_loopWhile_loopWhile_span_q_e_click_ONK5a1y5dqg",
  "path": "",
  "extension": "js",
  "parent": "App_component_ckEPmXZlub0",
  "ctxKind": "eventHandler",
  "ctxName": "onClick$",
  "captures": true,
  "captureNames": [
    "cart",
    "i",
    "results"
  ],
  "loc": [
    1692,
    1754
  ]
}
*/
============================= test.tsx_App_component_div_button_q_e_click_UB6Fs5a3bd8.js (ENTRY POINT) ==
import { _captures } from "@qwik.dev/core";
export const App_component_div_button_q_e_click_UB6Fs5a3bd8 = () => {
    const cart = _captures[0];
    const item = _captures[1];
    cart.push(item);
};

/*
{
  "origin": "test.tsx",
  "name": "App_component_div_button_q_e_click_UB6Fs5a3bd8",
  "entry": null,
  "displayName": "test.tsx_App_component_div_button_q_e_click",
  "hash": "UB6Fs5a3bd8",
  "canonicalFilename": "test.tsx_App_component_div_button_q_e_click_UB6Fs5a3bd8",
  "path": "",
  "extension": "js",
  "parent": "App_component_ckEPmXZlub0",
  "ctxKind": "eventHandler",
  "ctxName": "onClick$",
  "captures": true,
  "captureNames": [
    "cart",
    "item"
  ],
  "loc": [
    2025,
    2081
  ]
}
*/
== DIAGNOSTICS ==
[]
