---
source: crates/qwik-optimizer-oxc/tests/snapshot_tests.rs
expression: output
snapshot_kind: text
---
============================= test.js ==
import { componentQrl } from "@qwik.dev/core";
import { qrl } from "@qwik.dev/core";
//
const q_Child_7e7u5mtQ0PI = /*#__PURE__*/ qrl(()=>import("./test.tsx_Child_7e7u5mtQ0PI"), "Child_7e7u5mtQ0PI");
//
export const Child = /*#__PURE__*/ componentQrl(q_Child_7e7u5mtQ0PI);

============================= test.tsx_Child_component_useBrowserVisibleTask_0IGFPOyJmQA.js (ENTRY POINT) ==
import { _captures } from "@qwik.dev/core";
export const Child_component_useBrowserVisibleTask_0IGFPOyJmQA = () => {
	const state = _captures[0];
	const timer = setInterval(() => {
		state.count++;
	}, 1e3);
	return () => {
		clearInterval(timer);
	};
};

/*
{
  "origin": "test.tsx",
  "name": "Child_component_useBrowserVisibleTask_0IGFPOyJmQA",
  "entry": null,
  "displayName": "test.tsx_Child_component_useBrowserVisibleTask",
  "hash": "0IGFPOyJmQA",
  "canonicalFilename": "test.tsx_Child_component_useBrowserVisibleTask_0IGFPOyJmQA",
  "path": "",
  "extension": "js",
  "parent": "Child_7e7u5mtQ0PI",
  "ctxKind": "function",
  "ctxName": "useBrowserVisibleTask$",
  "captures": true,
  "captureNames": [
    "state"
  ],
  "loc": [
    200,
    344
  ]
}
*/
============================= test.tsx_Child_7e7u5mtQ0PI.js (ENTRY POINT) ==
import { useBrowserVisibleTask$ } from "@qwik.dev/core";
import { useStore } from "@qwik.dev/core";
export const Child_7e7u5mtQ0PI = () => {
	const state = useStore({
		count: 0
	});

	// Double count watch
	useBrowserVisibleTask$(() => {
		const timer = setInterval(() => {
		state.count++;
		}, 1000);
		return () => {
		clearInterval(timer);
		}
	});

	return (
		<div>
		{state.count}
	</div>
	);
};
/*
{
  "origin": "test.tsx",
  "name": "Child_7e7u5mtQ0PI",
  "entry": null,
  "displayName": "test.tsx_Child",
  "hash": "7e7u5mtQ0PI",
  "canonicalFilename": "test.tsx_Child_7e7u5mtQ0PI",
  "path": "",
  "extension": "js",
  "parent": null,
  "ctxKind": "function",
  "ctxName": "component$",
  "captures": false,
  "loc": [
    114,
    395
  ]
}
*/
== DIAGNOSTICS ==
[]
