---
source: crates/qwik-optimizer-oxc/tests/snapshot_tests.rs
expression: output
snapshot_kind: text
---
============================= test.js ==
import { qrl } from "@qwik.dev/core";
import { _jsxSorted } from "@qwik.dev/core";
import { component$ } from "@qwik.dev/core";
const ManyEventsComponent = qrl(() => import("./test.tsx_ManyEventsComponent_2JjCqWjZTIY"), "ManyEventsComponent_2JjCqWjZTIY");

============================= test.tsx_ManyEventsComponent_2JjCqWjZTIY.js (ENTRY POINT) ==
export const ManyEventsComponent_2JjCqWjZTIY = () => {
			return (
				<div>
					<button
						onClick$={() => {}}
						onDblClick$={() => {}}
					>
						click
					</button>
					<button
						onClick$={() => {}}
						onBlur$={() => {}}
						on-anotherCustom$={() => {}}
						document:onFocus$={() => {}}
						window:onClick$={() => {}}
					>
						click
					</button>
				</div>
			);
		};
/*
{
  "origin": "test.tsx",
  "name": "ManyEventsComponent_2JjCqWjZTIY",
  "entry": null,
  "displayName": "test.tsx_ManyEventsComponent",
  "hash": "2JjCqWjZTIY",
  "canonicalFilename": "test.tsx_ManyEventsComponent_2JjCqWjZTIY",
  "path": "",
  "extension": "js",
  "parent": null,
  "ctxKind": "function",
  "ctxName": "component$",
  "captures": false,
  "loc": [
    79,
    444
  ]
}
*/
== DIAGNOSTICS ==
[]
