---
source: crates/qwik-optimizer-oxc/tests/snapshot_tests.rs
expression: output
snapshot_kind: text
---
============================= test.js ==
import { componentQrl } from "@qwik.dev/core";
import { qrl } from "@qwik.dev/core";
//
const q_test_component_LUXeXe0DQrg = /*#__PURE__*/ qrl(()=>import("./test.tsx_test_component_LUXeXe0DQrg"), "test_component_LUXeXe0DQrg");
//
export default /*#__PURE__*/ componentQrl(q_test_component_LUXeXe0DQrg);

============================= test.tsx_test_component_useTask_jewzFYh3XmQ.js (ENTRY POINT) ==
import { _captures } from "@qwik.dev/core";
export const test_component_useTask_jewzFYh3XmQ = ()=>{
    const props = _captures[0];
    props.checked;
};

/*
{
  "origin": "test.tsx",
  "name": "test_component_useTask_jewzFYh3XmQ",
  "entry": null,
  "displayName": "test.tsx_test_component_useTask",
  "hash": "jewzFYh3XmQ",
  "canonicalFilename": "test.tsx_test_component_useTask_jewzFYh3XmQ",
  "path": "",
  "extension": "js",
  "parent": "test_component_LUXeXe0DQrg",
  "ctxKind": "function",
  "ctxName": "useTask$",
  "captures": true,
  "captureNames": [
    "props"
  ],
  "loc": [
    122,
    150
  ]
}
*/
============================= test.tsx_test_component_LUXeXe0DQrg.js (ENTRY POINT) ==
import { _restProps } from "@qwik.dev/core";
import { useTask$ } from "@qwik.dev/core";
export const test_component_LUXeXe0DQrg = ({ ...props })=>{
    useTask$(()=>{
        props.checked;
    });
    return "hi";
};

/*
{
  "origin": "test.tsx",
  "name": "test_component_LUXeXe0DQrg",
  "entry": null,
  "displayName": "test.tsx_test_component",
  "hash": "LUXeXe0DQrg",
  "canonicalFilename": "test.tsx_test_component_LUXeXe0DQrg",
  "path": "",
  "extension": "js",
  "parent": null,
  "ctxKind": "function",
  "ctxName": "component$",
  "captures": false,
  "loc": [
    91,
    170
  ],
  "paramNames": [
    "_rawProps"
  ]
}
*/
== DIAGNOSTICS ==
[]
