---
source: crates/qwik-optimizer-oxc/tests/snapshot_tests.rs
expression: output
snapshot_kind: text
---
============================= test.tsx ==
import { componentQrl } from "@qwik.dev/core";
import { qrl } from "@qwik.dev/core";
//
const q_test_5GvkoOCMrJc = /*#__PURE__*/ qrl(()=>import("./test.tsx_test_5GvkoOCMrJc"), "test_5GvkoOCMrJc");
//
export const onGet = () => {
	throw "Symbol removed by Qwik Optimizer, it can not be called from current platform";
};
export default /*#__PURE__*/ componentQrl(q_test_5GvkoOCMrJc);

============================= test.tsx_test_component_useResource_4a8wVY7wh38.tsx (ENTRY POINT) ==
import { onGet } from "./test";
export const test_component_useResource_4a8wVY7wh38 = () => {
	return onGet();
};

/*
{
  "origin": "test.tsx",
  "name": "test_component_useResource_4a8wVY7wh38",
  "entry": null,
  "displayName": "test.tsx_test_component_useResource",
  "hash": "4a8wVY7wh38",
  "canonicalFilename": "test.tsx_test_component_useResource_4a8wVY7wh38",
  "path": "",
  "extension": "tsx",
  "parent": "test_5GvkoOCMrJc",
  "ctxKind": "function",
  "ctxName": "useResource$",
  "captures": false,
  "loc": [
    236,
    278
  ]
}
*/
============================= test.tsx_test_5GvkoOCMrJc.tsx (ENTRY POINT) ==
import { onGet } from "./test";
import { useResource$ } from "@qwik.dev/core";
export const test_5GvkoOCMrJc = ()=> {
	useResource$(() => {
		return onGet();
	})
	return <div>cmp</div>
};
/*
{
  "origin": "test.tsx",
  "name": "test_5GvkoOCMrJc",
  "entry": null,
  "displayName": "test.tsx_test",
  "hash": "5GvkoOCMrJc",
  "canonicalFilename": "test.tsx_test_5GvkoOCMrJc",
  "path": "",
  "extension": "tsx",
  "parent": null,
  "ctxKind": "function",
  "ctxName": "component$",
  "captures": false,
  "loc": [
    217,
    304
  ]
}
*/
== DIAGNOSTICS ==
[]
