---
source: crates/qwik-optimizer-oxc/tests/snapshot_tests.rs
assertion_line: 851
expression: output
---
============================= src/components/mongo/index.tsx ==
import { _noopQrl } from "@qwik.dev/core";
import { componentQrl } from "@qwik.dev/core";
//
const q_index_component_SlchSt2Vxlo = /*#__PURE__*/ _noopQrl("index_component_SlchSt2Vxlo");
//
q_index_component_SlchSt2Vxlo.s(() => {
	return _jsxSorted("div", { onClick$: () => console.log(mongodb) }, null, null, 1, null);
});
export default componentQrl(q_index_component_SlchSt2Vxlo);
== DIAGNOSTICS ==
[]
