---
source: crates/qwik-optimizer-oxc/tests/snapshot_tests.rs
expression: output
snapshot_kind: text
---
============================= test.js ==
import { qrl } from "@qwik.dev/core";
import { $, isServer } from "@qwik.dev/core";
const q__u6BtPnK76q4 = /* @__PURE__ */ qrl(() => import("./test.tsx__u6BtPnK76q4"), "_u6BtPnK76q4");
const state = {
	counter: 0,
	id: Math.random().toString(36).slice(2, 8)
};
console.log("Module init, id:", state.id);
export function doSomething() {
	if (!isServer) { state.counter++; }
}
export function useHook() {
	const fn = q__u6BtPnK76q4;
	return fn;
}
export { state as _auto_state };
============================= test.tsx__u6BtPnK76q4.js (ENTRY POINT) ==
export const _u6BtPnK76q4 = () => {
	state.counter++;
	console.log(state.id);
};

/*
{
  "origin": "test.tsx",
  "name": "_u6BtPnK76q4",
  "entry": null,
  "displayName": "test.tsx_",
  "hash": "u6BtPnK76q4",
  "canonicalFilename": "test.tsx__u6BtPnK76q4",
  "path": "",
  "extension": "js",
  "parent": null,
  "ctxKind": "function",
  "ctxName": "$",
  "captures": false,
  "loc": [
    292,
    354
  ]
}
*/
== DIAGNOSTICS ==
[]
