---
source: crates/qwik-optimizer-oxc/tests/snapshot_tests.rs
expression: output
snapshot_kind: text
---
============================= project/folder/test.tsx ==
import { qrl } from "@qwik.dev/core";
import { _jsxSorted } from "@qwik.dev/core";
import { $, component$ } from "@qwik.dev/core";
import thing from "../state";
export function foo() {
	return import("../foo/state2");
}
export const Header = qrl(() => import("./test.tsx_Header_7M60ZIa1Z5c"), "Header_7M60ZIa1Z5c");

============================= project/folder/test.tsx_Header_7M60ZIa1Z5c.tsx ==
import { default as thing } from "../state";
export const Header_7M60ZIa1Z5c = () => {
	return (
		<div>
			{import("../folder/state3")}
			{thing}
		</div>
	);
};
/*
{
  "origin": "project/folder/test.tsx",
  "name": "Header_7M60ZIa1Z5c",
  "entry": "entry_segments",
  "displayName": "test.tsx_Header",
  "hash": "7M60ZIa1Z5c",
  "canonicalFilename": "test.tsx_Header_7M60ZIa1Z5c",
  "path": "project/folder",
  "extension": "tsx",
  "parent": null,
  "ctxKind": "function",
  "ctxName": "component$",
  "captures": false,
  "loc": [
    161,
    256
  ]
}
*/
== DIAGNOSTICS ==
[]
