---
source: crates/qwik-optimizer-oxc/tests/snapshot_tests.rs
expression: output
snapshot_kind: text
---
============================= test.tsx ==
import { qrl } from "@qwik.dev/core";
import { _jsxSorted } from "@qwik.dev/core";
const q__u6BtPnK76q4 = /* @__PURE__ */ qrl(() => import("./test.tsx__u6BtPnK76q4.tsx"), "_u6BtPnK76q4");
export const App = componentQrl(q__u6BtPnK76q4);
============================= test.tsx__u6BtPnK76q4.tsx ==
import { $ } from "@qwik.dev/core";
import { useStyles$ } from "@qwik.dev/core";
export const _u6BtPnK76q4 = (props) => {
	useStyles$('hola');
	return $(() => (
		<div></div>
	));
};
/*
{
  "origin": "test.tsx",
  "name": "_u6BtPnK76q4",
  "entry": "entry_segments",
  "displayName": "test.tsx_",
  "hash": "u6BtPnK76q4",
  "canonicalFilename": "test.tsx__u6BtPnK76q4",
  "path": "",
  "extension": "tsx",
  "parent": null,
  "ctxKind": "function",
  "ctxName": "component$",
  "captures": false,
  "loc": [
    81,
    165
  ],
  "paramNames": [
    "props"
  ]
}
*/
============================= test.tsx_component_ZUK1E201Ins.tsx ==
export const component_ZUK1E201Ins = () => (
		<div></div>
	);
/*
{
  "origin": "test.tsx",
  "name": "component_ZUK1E201Ins",
  "entry": "entry_segments",
  "displayName": "test.tsx_component",
  "hash": "ZUK1E201Ins",
  "canonicalFilename": "test.tsx_component_ZUK1E201Ins",
  "path": "",
  "extension": "tsx",
  "parent": "_u6BtPnK76q4",
  "ctxKind": "function",
  "ctxName": "$",
  "captures": false,
  "loc": [
    134,
    161
  ]
}
*/
== DIAGNOSTICS ==
[]
