---
source: crates/qwik-optimizer-oxc/tests/snapshot_tests.rs
expression: output
snapshot_kind: text
---
============================= test.js ==
import { inlinedQrl } from "@qwik.dev/core";
import { _jsxSorted } from "@qwik.dev/core";
import { $, component$, server$, useStyle$, useTask$, useSignal } from "@qwik.dev/core";
export const Works = componentQrl((props) => {
	useStyle$(STYLES);
	const text = "hola";
	const sig = useSignal("hola");
	useTaskQrl(() => {
		console.log(sig.value, text);
	}, "Works_component_useTask_pjo5U5Ikll0", [sig, text]);
	return _jsxSorted("div", { onClick$: serverQrl(() => console.log("in server", sig.value, text), "Works_component_div_onClick_server_OsNoEFc5SM4", [sig, text]) }, null, null, 1, null);
}, "Works_component_t45qL4vNGv0");
const STYLES = ".class {}";

== DIAGNOSTICS ==
[]
