---
source: crates/qwik-optimizer-oxc/tests/snapshot_tests.rs
expression: output
snapshot_kind: text
---
============================= test.js ==
import { qrl } from "@qwik.dev/core";
import { _jsxSorted } from "@qwik.dev/core";
import { Fragment } from "@qwik.dev/core";
import { component$, useStore } from "@qwik.dev/core";
export enum Thing {
	A,
	B
}
export const App = qrl(() => import("./test.tsx_App_Jlq9hNxnCvw"), "App_Jlq9hNxnCvw");

============================= test.tsx_App_Jlq9hNxnCvw.js (ENTRY POINT) ==
export const App_Jlq9hNxnCvw = () => {
	console.log(Thing.A);
	return (
		<>
			<p class="stuff">Hello Qwik</p>
		</>
	);
};
/*
{
  "origin": "test.tsx",
  "name": "App_Jlq9hNxnCvw",
  "entry": null,
  "displayName": "test.tsx_App",
  "hash": "Jlq9hNxnCvw",
  "canonicalFilename": "test.tsx_App_Jlq9hNxnCvw",
  "path": "",
  "extension": "js",
  "parent": null,
  "ctxKind": "function",
  "ctxName": "component$",
  "captures": false,
  "loc": [
    106,
    210
  ]
}
*/
== DIAGNOSTICS ==
[]
