---
source: crates/qwik-optimizer-oxc/tests/snapshot_tests.rs
assertion_line: 949
expression: output
---
============================= test.js ==
import { qrl } from "@qwik.dev/core";
import { _jsxSorted } from "@qwik.dev/core";
import { componentQrl } from "@qwik.dev/core";
const q_ManyEventsComponent_component_ndbrzxiyG3g = /*#__PURE__*/ qrl(() => import("./test.tsx_ManyEventsComponent_component_ndbrzxiyG3g"), "ManyEventsComponent_component_ndbrzxiyG3g");
const ManyEventsComponent = /*#__PURE__*/ componentQrl(q_ManyEventsComponent_component_ndbrzxiyG3g);

============================= test.tsx_ManyEventsComponent_component_ndbrzxiyG3g.js (ENTRY POINT) ==
export const ManyEventsComponent_component_ndbrzxiyG3g = () => {
			return (
				<div>
					<button
						onClick$={() => {}}
						onDblClick$={() => {}}
					>
						click
					</button>
					<button
						onClick$={() => {}}
						onBlur$={() => {}}
						on-anotherCustom$={() => {}}
						document:onFocus$={() => {}}
						window:onClick$={() => {}}
					>
						click
					</button>
				</div>
			);
		};
/*
{
  "origin": "test.tsx",
  "name": "ManyEventsComponent_component_ndbrzxiyG3g",
  "entry": null,
  "displayName": "test.tsx_ManyEventsComponent_component",
  "hash": "ndbrzxiyG3g",
  "canonicalFilename": "test.tsx_ManyEventsComponent_component_ndbrzxiyG3g",
  "path": "",
  "extension": "js",
  "parent": null,
  "ctxKind": "function",
  "ctxName": "component$",
  "captures": false,
  "loc": [
    79,
    444
  ]
}
*/
== DIAGNOSTICS ==
[]
