---
source: crates/qwik-optimizer-oxc/tests/snapshot_tests.rs
assertion_line: 943
expression: output
---
============================= components/main.js ==
import { qrl } from "@qwik.dev/core";
import { _jsxSorted } from "@qwik.dev/core";
import { component$, $ } from "@qwik.dev/core";
import { state } from "./sibling";
export const Local = qrl(() => import("./main.tsx__zp0HVfIhA50.tsx"), "_zp0HVfIhA50");

============================= components/main.tsx__zp0HVfIhA50.js (ENTRY POINT) ==
import { state } from "./sibling";
export const _zp0HVfIhA50 = () => {
	return (
		<div>{state}</div>
	)
};
/*
{
  "origin": "components/main.tsx",
  "name": "_zp0HVfIhA50",
  "entry": null,
  "displayName": "main.tsx_",
  "hash": "zp0HVfIhA50",
  "canonicalFilename": "main.tsx__zp0HVfIhA50",
  "path": "components",
  "extension": "js",
  "parent": null,
  "ctxKind": "function",
  "ctxName": "component$",
  "captures": false,
  "loc": [
    106,
    161
  ]
}
*/
== DIAGNOSTICS ==
[]
