---
source: crates/qwik-optimizer-oxc/tests/snapshot_tests.rs
expression: output
snapshot_kind: text
---
============================= test.jsx ==
import { componentQrl } from "@qwik.dev/core";
export const Issue3561 = componentQrl(() => {
    const props = useStore({ product: { currentVariant: {
        variantImage: "image",
        variantNumber: "number",
        setContents: "contents"
    } } });
    const { currentVariant: { variantImage, variantNumber, setContents } = {} } = props.product;
    console.log(variantImage, variantNumber, setContents);
    return _jsxSorted("p", null, null, null, 1, null);
}, "Issue3561_component_hHTw654BZB8");

== DIAGNOSTICS ==
[]
