---
source: crates/qwik-optimizer-oxc/tests/snapshot_tests.rs
expression: output
snapshot_kind: text
---
============================= test.js ==
import { qrl } from "@qwik.dev/core";
import { _jsxSorted } from "@qwik.dev/core";
import { component$ as Component, $ as onRender, useStore, wrap, useEffect } from "@qwik.dev/core";
export const useMemo$ = (qrt) => {
	useEffect(qrt);
};
export const App = component$((props) => {
	const state = useStore({ count: 0 });
	qrl(() => import("./test.tsx_App_useMemo_0Fw1Fv1C3tY"), "App_useMemo_0Fw1Fv1C3tY", [state]);
	return $(() => _jsxSorted("div", null, null, state.count, 1, "0"));
});

============================= test.tsx_App_useMemo_0Fw1Fv1C3tY.js (ENTRY POINT) ==
import { _captures } from "@qwik.dev/core";
export const App_useMemo_0Fw1Fv1C3tY = () => {
	const state = _captures[0];
	console.log(state.count);
};

/*
{
  "origin": "test.tsx",
  "name": "App_useMemo_0Fw1Fv1C3tY",
  "entry": null,
  "displayName": "test.tsx_App_useMemo",
  "hash": "0Fw1Fv1C3tY",
  "canonicalFilename": "test.tsx_App_useMemo_0Fw1Fv1C3tY",
  "path": "",
  "extension": "js",
  "parent": null,
  "ctxKind": "function",
  "ctxName": "useMemo$",
  "captures": true,
  "captureNames": [
    "state"
  ],
  "loc": [
    240,
    288
  ]
}
*/
== DIAGNOSTICS ==
[]
