---
source: crates/qwik-optimizer-oxc/tests/snapshot_tests.rs
expression: output
snapshot_kind: text
---
============================= test.js ==
import { _noopQrl } from "@qwik.dev/core";
import { componentQrl } from "@qwik.dev/core";
import { useSignal } from '@qwik.dev/core';
//
const q_Works_component_t45qL4vNGv0 = /*#__PURE__*/ _noopQrl("Works_component_t45qL4vNGv0");
//
q_Works_component_t45qL4vNGv0.s((props)=>{
    let fromLocal = useSignal(0);
    return <div>
		  before-
			{fromLocal}
			{props.fromProps}
			{fromLocal + props.fromProps}
			{{ props: props.fromProps }}
			{{ local: fromLocal }}
			{{
        props: props.fromProps,
        local: fromLocal
    }}
			-after
		</div>;
});
export const Works = /*#__PURE__*/ componentQrl(q_Works_component_t45qL4vNGv0);

== DIAGNOSTICS ==
[]
