---
source: crates/qwik-optimizer-oxc/tests/snapshot_tests.rs
expression: output
---
============================= test.js ==
import { qrl } from "@qwik.dev/core";
import { translate } from "i18n";
export const action = qrl(() => import("./test.tsx__u6BtPnK76q4"), "_u6BtPnK76q4");
export { t as _auto_t };
============================= test.tsx__u6BtPnK76q4.js (ENTRY POINT) ==
import { translate } from "i18n";
const t = translate();
export const _u6BtPnK76q4 = (data) => {
	try {
		return { status: "success" };
	} catch (err) {
		const t = translate();
		return {
			status: "error",
			message: t("error-key")
		};
	}
};

/*
{
  "origin": "test.tsx",
  "name": "_u6BtPnK76q4",
  "entry": null,
  "displayName": "test.tsx_",
  "hash": "u6BtPnK76q4",
  "canonicalFilename": "test.tsx__u6BtPnK76q4",
  "path": "",
  "extension": "js",
  "parent": null,
  "ctxKind": "function",
  "ctxName": "formAction$",
  "captures": false,
  "loc": [
    118,
    292
  ],
  "paramNames": [
    "data"
  ]
}
*/
== DIAGNOSTICS ==
[]
