---
source: crates/qwik-optimizer-oxc/tests/snapshot_tests.rs
expression: output
snapshot_kind: text
---
============================= src/components/mongo/404.tsx ==
import { componentQrl } from "@qwik.dev/core";
import { qrl } from "@qwik.dev/core";
//
const q__404_component_zRvoWc98eqo = /*#__PURE__*/ qrl(()=>import("./404.tsx__404_component_zRvoWc98eqo"), "_404_component_zRvoWc98eqo");
//
export default /*#__PURE__*/ componentQrl(q__404_component_zRvoWc98eqo);

============================= src/components/mongo/404.tsx__404_component_div_q_e_click_aMLnLWtkRhc.tsx (ENTRY POINT) ==
export const _404_component_div_q_e_click_aMLnLWtkRhc = ()=>console.log(mongodb);

/*
{
  "origin": "src/components/mongo/404.tsx",
  "name": "_404_component_div_q_e_click_aMLnLWtkRhc",
  "entry": null,
  "displayName": "404.tsx__404_component_div_q_e_click",
  "hash": "aMLnLWtkRhc",
  "canonicalFilename": "404.tsx__404_component_div_q_e_click_aMLnLWtkRhc",
  "path": "src/components/mongo",
  "extension": "tsx",
  "parent": "_404_component_zRvoWc98eqo",
  "ctxKind": "eventHandler",
  "ctxName": "onClick$",
  "captures": false,
  "loc": [
    108,
    134
  ]
}
*/
============================= src/components/mongo/404.tsx__404_component_zRvoWc98eqo.tsx (ENTRY POINT) ==
export const _404_component_zRvoWc98eqo = () => {
	return (
		<div onClick$={() => console.log(mongodb)}>
		</div>
	);
};
/*
{
  "origin": "src/components/mongo/404.tsx",
  "name": "_404_component_zRvoWc98eqo",
  "entry": null,
  "displayName": "404.tsx__404_component",
  "hash": "zRvoWc98eqo",
  "canonicalFilename": "404.tsx__404_component_zRvoWc98eqo",
  "path": "src/components/mongo",
  "extension": "tsx",
  "parent": null,
  "ctxKind": "function",
  "ctxName": "component$",
  "captures": false,
  "loc": [
    73,
    151
  ]
}
*/
== DIAGNOSTICS ==
[]
