---
source: crates/qwik-optimizer-oxc/tests/snapshot_tests.rs
assertion_line: 1022
expression: output
---
============================= test.ts ==
import { qrl } from "@qwik.dev/core";
import { _jsxSorted } from "@qwik.dev/core";
import { component$, $, useSignal } from "@qwik.dev/core";
export const Cmp = qrl(() => import("./test.tsx__u6BtPnK76q4"), "_u6BtPnK76q4");

============================= test.tsx__u6BtPnK76q4.ts (ENTRY POINT) ==
import { $ } from "@qwik.dev/core";
import { useSignal } from "@qwik.dev/core";
export const _u6BtPnK76q4 = () => {
			const toggleSig = useSignal(false);

			const handleClick$ = $(() => {
				toggleSig.value = !toggleSig.value;
			});

			return (
				<button onClick$={handleClick$} data-open={toggleSig.value ? true : undefined}>
					Removing data-open re-renders
				</button>
			);
		};
/*
{
  "origin": "test.tsx",
  "name": "_u6BtPnK76q4",
  "entry": null,
  "displayName": "test.tsx_",
  "hash": "u6BtPnK76q4",
  "canonicalFilename": "test.tsx__u6BtPnK76q4",
  "path": "",
  "extension": "ts",
  "parent": null,
  "ctxKind": "function",
  "ctxName": "component$",
  "captures": false,
  "loc": [
    83,
    379
  ]
}
*/
============================= test.tsx_component_ZUK1E201Ins.ts (ENTRY POINT) ==
import { _captures } from "@qwik.dev/core";
export const component_ZUK1E201Ins = () => {
	const toggleSig = _captures[0];
	toggleSig.value = !toggleSig.value;
};

/*
{
  "origin": "test.tsx",
  "name": "component_ZUK1E201Ins",
  "entry": null,
  "displayName": "test.tsx_component",
  "hash": "ZUK1E201Ins",
  "canonicalFilename": "test.tsx_component_ZUK1E201Ins",
  "path": "",
  "extension": "ts",
  "parent": "_u6BtPnK76q4",
  "ctxKind": "function",
  "ctxName": "$",
  "captures": true,
  "captureNames": [
    "toggleSig"
  ],
  "loc": [
    166,
    221
  ]
}
*/
== DIAGNOSTICS ==
[]
