---
source: crates/qwik-optimizer-oxc/tests/snapshot_tests.rs
expression: output
snapshot_kind: text
---
============================= test.tsx ==
import { qrl } from "@qwik.dev/core";
import { _jsxSorted } from "@qwik.dev/core";
import { $, component$ } from "@qwik.dev/core";
const q_component_ZUK1E201Ins = /*#__PURE__*/ qrl(() => import("./test.tsx_component_ZUK1E201Ins"), "component_ZUK1E201Ins");
const q__u6BtPnK76q4 = /*#__PURE__*/ qrl(() => import("./test.tsx__u6BtPnK76q4"), "_u6BtPnK76q4");
export function App() {
	const Header = qrl(() => import("./test.tsx_App_Header_component_B9F3YeqcO1w"), "App_Header_component_B9F3YeqcO1w");
	return Header;
}

============================= test.tsx_App_Header_component_div_onClick_aO7uI7Iw6oQ.tsx (ENTRY POINT) ==
export const App_Header_component_div_onClick_aO7uI7Iw6oQ = (ctx) => console.log(ctx);

/*
{
  "origin": "test.tsx",
  "name": "App_Header_component_div_onClick_aO7uI7Iw6oQ",
  "entry": null,
  "displayName": "test.tsx_App_Header_component_div_onClick",
  "hash": "aO7uI7Iw6oQ",
  "canonicalFilename": "test.tsx_App_Header_component_div_onClick_aO7uI7Iw6oQ",
  "path": "",
  "extension": "tsx",
  "parent": "App_Header_component_B9F3YeqcO1w",
  "ctxKind": "function",
  "ctxName": "$",
  "captures": false,
  "loc": [
    160,
    188
  ],
  "paramNames": [
    "ctx"
  ]
}
*/
============================= test.tsx_App_Header_component_B9F3YeqcO1w.tsx (ENTRY POINT) ==
import { $ } from "@qwik.dev/core";
export const App_Header_component_B9F3YeqcO1w = () => {
		console.log("mount");
		return (
			<div onClick={$((ctx) => console.log(ctx))}/>
		);
	};
/*
{
  "origin": "test.tsx",
  "name": "App_Header_component_B9F3YeqcO1w",
  "entry": null,
  "displayName": "test.tsx_App_Header_component",
  "hash": "B9F3YeqcO1w",
  "canonicalFilename": "test.tsx_App_Header_component_B9F3YeqcO1w",
  "path": "",
  "extension": "tsx",
  "parent": null,
  "ctxKind": "function",
  "ctxName": "component$",
  "captures": false,
  "loc": [
    89,
    200
  ]
}
*/
== DIAGNOSTICS ==
[]
