---
source: crates/qwik-optimizer-oxc/tests/snapshot_tests.rs
assertion_line: 987
expression: output
---
============================= test.tsx ==
import { AnotherComponent } from "./another-component";
import { CustomComponent } from "./custom-component";
import { componentQrl } from "@qwik.dev/core";
import { qrl } from "@qwik.dev/core";
//
const q_Greeter_component_n7HuG2hhU0Q = /*#__PURE__*/ qrl(()=>import("./test.tsx_Greeter_component_n7HuG2hhU0Q"), "Greeter_component_n7HuG2hhU0Q");
//
export const Greeter = /*#__PURE__*/ componentQrl(q_Greeter_component_n7HuG2hhU0Q);
============================= test.tsx_Greeter_component_n7HuG2hhU0Q.tsx (ENTRY POINT) ==
import { AnotherComponent } from "./another-component";
import { CustomComponent } from "./custom-component";
export const Greeter_component_n7HuG2hhU0Q = () => {
	return (
		<div>
			<CustomComponent onClick$={() => {}}/>
			{array.map(item => (
				<AnotherComponent onClick$={() => {}}/>
			))}
		</div>
	)
};
/*
{
  "origin": "test.tsx",
  "name": "Greeter_component_n7HuG2hhU0Q",
  "entry": null,
  "displayName": "test.tsx_Greeter_component",
  "hash": "n7HuG2hhU0Q",
  "canonicalFilename": "test.tsx_Greeter_component_n7HuG2hhU0Q",
  "path": "",
  "extension": "tsx",
  "parent": null,
  "ctxKind": "function",
  "ctxName": "component$",
  "captures": false,
  "loc": [
    183,
    351
  ]
}
*/
== DIAGNOSTICS ==
[]
