---
source: crates/qwik-optimizer-oxc/tests/snapshot_tests.rs
assertion_line: 986
expression: output
---
============================= test.js ==
import { componentQrl } from "@qwik.dev/core";
import { qrl } from "@qwik.dev/core";
import { useSignal } from "@qwik.dev/core";
//
const q_FieldInput_component_V4XAtJSTRKg = /*#__PURE__*/ qrl(()=>import("./test.tsx_FieldInput_component_V4XAtJSTRKg"), "FieldInput_component_V4XAtJSTRKg");
//
export const FieldInput = /*#__PURE__*/ componentQrl(q_FieldInput_component_V4XAtJSTRKg);
============================= test.tsx_FieldInput_component_V4XAtJSTRKg.js (ENTRY POINT) ==
import { useSignal } from "@qwik.dev/core";
export const FieldInput_component_V4XAtJSTRKg = (props) => {
	const input = useSignal("");

  return (
		<>
			{/* var props */}
			<input
				bind:value={input}
				{...props}
			/>
			{/* const props */}
			<input
				{...props}
				bind:value={input}
			/>
		</>
  );
};
/*
{
  "origin": "test.tsx",
  "name": "FieldInput_component_V4XAtJSTRKg",
  "entry": null,
  "displayName": "test.tsx_FieldInput_component",
  "hash": "V4XAtJSTRKg",
  "canonicalFilename": "test.tsx_FieldInput_component_V4XAtJSTRKg",
  "path": "",
  "extension": "js",
  "parent": null,
  "ctxKind": "function",
  "ctxName": "component$",
  "captures": false,
  "loc": [
    87,
    323
  ],
  "paramNames": [
    "props"
  ]
}
*/
== DIAGNOSTICS ==
[]
