---
source: crates/qwik-optimizer-oxc/tests/snapshot_tests.rs
assertion_line: 928
expression: output
---
============================= test.jsx ==
import { CONST } from "const";
import { _noopQrl } from "@qwik.dev/core";
import { componentQrl } from "@qwik.dev/core";
//
const q_Works_component_t45qL4vNGv0 = /*#__PURE__*/ _noopQrl("Works_component_t45qL4vNGv0");
//
q_Works_component_t45qL4vNGv0.s((props) => {
	const { countNested } = useStore({ value: { count: 0 } }).value;
	const countNested2 = countNested;
	const { hello } = countNested2;
	const bye = hello.bye;
	const { ciao } = bye.italian;
	return _jsxSorted("div", { ciao }, null, foo, 1, null);
});
export const Works = /*#__PURE__*/ componentQrl(q_Works_component_t45qL4vNGv0);
== DIAGNOSTICS ==
[]
