---
source: crates/qwik-optimizer-oxc/tests/snapshot_tests.rs
expression: output
snapshot_kind: text
---
============================= test.ts ==
import { componentQrl } from "@qwik.dev/core";
import { qrl } from "@qwik.dev/core";
import { _jsxSorted } from "@qwik.dev/core";
import { component$ } from "@qwik.dev/core";
export const Counter = qrl(() => import("./test.tsx_Counter_component_zTmRHlL09Gg"), "Counter_component_zTmRHlL09Gg");

============================= test.tsx_Counter_component_zTmRHlL09Gg.ts (ENTRY POINT) ==
export const Counter_component_zTmRHlL09Gg = () => {
			const count = useSignal(0);

			return (
				<div>
					<p>Count: {count.value}</p>
					<p>
						<button onClick$={() => count.value++}>Increment</button>
					</p>
				</div>
			);
		};
/*
{
  "origin": "test.tsx",
  "name": "Counter_component_zTmRHlL09Gg",
  "entry": null,
  "displayName": "test.tsx_Counter_component",
  "hash": "zTmRHlL09Gg",
  "canonicalFilename": "test.tsx_Counter_component_zTmRHlL09Gg",
  "path": "",
  "extension": "ts",
  "parent": null,
  "ctxKind": "function",
  "ctxName": "component$",
  "captures": false,
  "loc": [
    73,
    283
  ]
}
*/
== DIAGNOSTICS ==
[]
